01-25 17:44:26.909  1061  1210 I hal_facerecognize_device: Enter getEntry.
01-25 17:44:26.909  1061  1210 I faceidalgo: transformImage start, img=0x763a637840, count=1
01-25 17:44:26.909  1061  1210 I faceidalgo: transformImage(), imageBufferInfo[0], width 640, height 480, stride 640, size 614400, source 2, light 0, distance 2000
01-25 17:44:26.909  1061  1210 I TofLightSeqManager: check
01-25 17:44:26.909  1061  1210 I FaceRecognizeCa: Entre HwFaceSendSecureImg count 0x1.
01-25 17:44:26.909  1061  1210 I FaceRecognizeCa: algo SendSecureImage: i = 0, bufferType = 0, offset = 1843200.
01-25 17:44:26.909  1082  4385 I HISPPipelineMsgManager: pipelineId29 reqRequest1(75):raw(0)tofembeded(0) outmeta(1) map(40401)
01-25 17:44:26.909   710 20695 I netd    : tetherGetStats() <0.91ms>
01-25 17:44:26.910  1082 21770 D IPCMESSAGECONTROLLER: [IVP_LOG] HandleMsg receive message cmd 13
01-25 17:44:26.910  1082 21770 D IPCMESSAGECONTROLLER: [IVP_LOG] OnMessage receive message in cmd 13, rev workid 0, wait: 13, snd worId 0
01-25 17:44:26.910  1082  4361 D ITOFDepthCalcCoreFaceID: [7d4b249]ProcessTokSec2dAlgo cost 1
01-25 17:44:26.910  1082  4361 D ITOFDepthCalc: [7d4b249]enter DeliverFrame()
01-25 17:44:26.910  1082  4361 D IppAlgoPortOut: [HWA_CAM3]this=0x74fa1f1b10, ipptype=0x1, enter deliver(), pBuf=0x75538f3090
01-25 17:44:26.910  1082  4396 D IVPCORELOGENGINE: [IVP_LOG] [ITOF_DEPTH][I] mrc_cg_process_filter:5381 filter_labelization cycle is 1243415 ! mean_depth is 491
01-25 17:44:26.910  1082  4396 D IVPCORELOGENGINE: [IVP_LOG] [ITOF_DEPTH][I] mrc_cg_process_sec_3d:6250 radial_to_planar cycle is 342047!  
01-25 17:44:26.910  1082  4396 D IVPCORELOGENGINE: [IVP_LOG] [ITOF_DEPTH][I] mrc_cg_process_sec_3d:6260 calc_mean_depth cycle is 387776!  
01-25 17:44:26.910  1082  4396 D IVPCORELOGENGINE: [IVP_LOG] [ITOF_DEPTH][I] mrc_cg_process_sec_3d:6269 mrc_cg_process_sec_3d total cycle(14911765) exposure(985) mean_depth(302)
01-25 17:44:26.910  1082  4396 D IVPCORELOGENGINE: [IVP_LOG] [ITOF_DEPTH][I] mrc_cg_process_sec_3d:6271 phase 3, ave_raw(207 207), num_sat(93 87)
01-25 17:44:26.910  1082  4396 D IVPCORELOGENGINE: [IVP_LOG] [ITOF_DEPTH][I] mrc_cg_process_sec_3d:6271 phase 4, ave_raw(197 216), num_sat(49 137)
01-25 17:44:26.910  1082  4396 D IVPCORELOGENGINE: [IVP_LOG] [ITOF_DEPTH][I] mrc_cg_process_sec_3d:6271 phase 5, ave_raw(205 209), num_sat(88 95)
01-25 17:44:26.910  1082  4396 D IVPCORELOGENGINE: [IVP_LOG] [ITOF_DEPTH][I] mrc_cg_process_sec_3d:6271 phase 6, ave_raw(215 199), num_sat(144 49)
01-25 17:44:26.910  1082  4396 D IVPCORELOGENGINE: [IVP_LOG] [IVP_CORE0][I] imh_cmd_algorun:169algo_run_func return value:0x0
01-25 17:44:26.910  1082  4396 D IVPCORELOGENGINE: [IVP_LOG] [IVP_CORE0][I] ipc_msg_header_parse:123try to append work_id:0
01-25 17:44:26.910  1082  4396 D IVPCORELOGENGINE: [IVP_LOG] [IVP_CORE0][I] ipc_pack_recv_msg:125will dispatch to section_id:0
01-25 17:44:26.910  1082  4396 D IVPCORELOGENGINE: [IVP_LOG] [ITOF_DEPTH][I] mrc_cg_process_sec_2d:6281 rawDstIova(20000000) unSecIova(23a00000)
01-25 17:44:26.910  1082  4396 D IVPCORELOGENGINE: [IVP_LOG] [ITOF_DEPTH][I] mrc_cg_process_sec_2d:6284 offsetRaw(1806000 1f0e000 1de2000 24ea000) offsetDst(4b000)
01-25 17:44:26.910  1082  4396 D IVPCORELOGENGINE: [IVP_LOG] [ITOF_DEPTH][I] calc_sat_value:333 num_sat_pixel 0 sat_value 0
01-25 17:44:26.910  1082  4396 D IVPCORELOGENGINE: [IVP_LOG] [ITOF_DEPTH][I] mrc_cg_process_sec_2d:6336 phase 0, ave_raw(190 192), num_sat(0 0)
01-25 17:44:26.910  1082  4396 D IVPCORELOGENGINE: [IVP_LOG] [ITOF_DEPTH][I] mrc_cg_process_sec_2d:6336 phase 1, ave_raw(205 198), num_sat(99 34)
01-25 17:44:26.910  1082  4396 D IVPCORELOGENGINE: [IVP_LOG] [ITOF_DEPTH][I] mrc_cg_process_sec_2d:6336 phase 2, ave_raw(190 192), num_sat(0 0)
01-25 17:44:26.910  1082  4396 D IVPCORELOGENGINE: [IVP_LOG] [ITOF_DEPTH][I] mrc_cg_process_sec_2d:6362 mrc_cg_process_sec_2d total cycle(1120665) exposure(516) sat_value(0)
01-25 17:44:26.910  1082  4396 D IVPCORELOGENGINE: [IVP_LOG] [IVP_CORE0][I] imh_cmd_algorun:169algo_run_func return value:0x0
01-25 17:44:26.911  1061  1210 I FaceRecognizeCa: End HwFaceSendSecureImg.
01-25 17:44:26.911  1061  1210 I faceidalgo: transformImage end
01-25 17:44:26.911  1061  1210 W GRALLOC : UmmapBuffer:83: munmap base is nullptr
01-25 17:44:26.911 18069 18069 I ScreenStatusBroadcastReceiver: [2022-01-25 17:44:26.911 I/LITE_SDK-ScreenStatusBroadcastReceiver] onReceive action : android.intent.action.SCREEN_ON
01-25 17:44:26.911 18069 18069 I ScreenStatusBroadcastReceiver: [2022-01-25 17:44:26.911 I/LITE_SDK-ScreenStatusBroadcastReceiver] onScreenOn,report latency is:5s
01-25 17:44:26.911 18069 18069 I MSDPMovementServiceManager: [I/HwLocation/MSDPMovementServiceManager 18069:1 null:40] modify reportLatencyNs to:5000000000
01-25 17:44:26.911  1082  1485 I HISPPipelineMsgManager: pipelineId29 requestAck1(64):map(40401),status(0),rawValid(0),meta(1),ts(1643103866/908208)
01-25 17:44:26.911 18069 18069 I HwMSDPMovementManager: disableMovementEvent type = 0
01-25 17:44:26.915  1061  1210 I FaceRecognizeCa: End HwFaceSendSecureImg.
01-25 17:44:26.915  1061  1210 I faceidalgo: transformImage end
01-25 17:44:26.915  1061  1210 W GRALLOC : UmmapBuffer:83: munmap base is nullptr
01-25 17:44:26.915  1082  4396 D IVPCORELOGENGINE: [IVP_LOG] [IVP_CORE0][I] ipc_msg_header_parse:123try to append work_id:0
01-25 17:44:26.915  1082  4396 D IVPCORELOGENGINE: [IVP_LOG] [IVP_CORE0][I] ipc_pack_recv_msg:125will dispatch to section_id:0
01-25 17:44:26.915  1082  4396 D IVPCORELOGENGINE: [IVP_LOG] [ITOF_DEPTH][I] mrc_cg_process_sec_3d:6116 rawDstIova(20000000) secIova(23200000) unSecIova(23600000)
01-25 17:44:26.915  1082  4396 D IVPCORELOGENGINE: [IVP_LOG] [ITOF_DEPTH][I] mrc_cg_process_sec_3d:6119 offsetRaw(24ea000 23be000 2292000 2166000) offsetDst(258000)
01-25 17:44:26.915  1082  4396 D IVPCORELOGENGINE: [IVP_LOG] [ITOF_DEPTH][I] mrc_cg_process_sec_3d:6202 raw_to_iq_to_pc cycle is 1174179!  
01-25 17:44:26.915  1082  4362 I FaceService: << send 1 stream(s):NIR, elapsed 2 ms, SUCCESS, ret 0
01-25 17:44:26.916  1082  1485 I HISPPipelineMsgManager: pipelineId29 requestAck1(65):map(40401),status(0),rawValid(0),meta(1),ts(1643103866/913380)
01-25 17:44:26.917  1082  1485 I HISP300Event: splitMultiOutMeta: buffer (1) is invalid, skip check!
01-25 17:44:26.917  1082  1485 E HISP300Event: splitMultiOutMeta: getBufferMdPtr fail
01-25 17:44:26.917  1082  1894 I StreamManager: MetaBufferDoneLocked(1160): meta buffer list is null when SOF.
01-25 17:44:26.917  1082  4365 D ITOFCollector: [7d4b249]enter ProcessFrame
01-25 17:44:26.918  1082  4441 I ITOFTimedEvent: [7d4b249]ThreadLoop timed event[ITOFStrategyCoreFaceID] interval: 1000000, isLoop: 1
01-25 17:44:26.918  1082  1893 E HISP300Feature: doFeedBack: hisp metdata is NULL
01-25 17:44:26.918  1082  1893 I commonompl: doFeedBack:861 bufferMdCount should not be 0
01-25 17:44:26.918  1082  1893 E HISP300Feature: doFeedBack: hisp metdata is NULL
01-25 17:44:26.930   756   756 I AR_impl : enableActivityEvent activity[8], event[2] reportLatency[5000000000]ns
01-25 17:44:26.931  1082  1893 E HISP300Feature: doFeedBack: hisp metdata is NULL
01-25 17:44:26.931  1082  4385 I HISPPipelineMsgManager: pipelineId29 reqRequest1(80):raw(0)tofembeded(0) outmeta(1) map(40401)
01-25 17:44:26.931   756   756 I ArHal   : (ArDataEnableActivityEvent:727):successfully
01-25 17:44:26.931   756   756 I ArHal   : (ArDataGetState:1471):id[2]
01-25 17:44:26.932   756   756 W ArHal   : (ArDataGetActivityIndex:248):invalid activity[31]
01-25 17:44:26.932   756   756 W ArHal   : (ArDataGetState:1502):unknown activity[31], discard
01-25 17:44:26.932   756   756 W ArHal   : (ArDataGetActivityIndex:248):invalid activity[63]
01-25 17:44:26.932   756   756 W ArHal   : (ArDataGetState:1502):unknown activity[63], discard
01-25 17:44:26.932   756   756 I AR_impl : enableActivityEvent end, pid[2480]
01-25 17:44:26.932   756   756 I ArHal   : (ArDataGetState:1471):id[2]
01-25 17:44:26.932 22610  4430 W HiH_HiSyncControl: 1200101310|R|Screen on checkSportDataNum step and calories is too less
01-25 17:44:26.933  1082  1485 I HISPPipelineMsgManager: pipelineId29 requestAck1(69):map(40401),status(0),rawValid(0),meta(1),ts(1643103866/930038)
01-25 17:44:26.933  1082  1485 I HISP300Event: splitMultiOutMeta: buffer (1) is invalid, skip check!
01-25 17:44:26.936  1061  4008 I CAMsgController: threadLoop, cmd:12 
01-25 17:44:26.936  1061  4008 I FlashSeqManager: addIrNegCount, mIrNegCount:3, irCount:3, mTryIndex:1
01-25 17:44:26.936  1061  4008 I FlashSeqManager: addIrNegCount ir is all ng, isTimeOut 0
01-25 17:44:26.936  1061  4008 I FlashSeqManager: addIrNegCount mEndCount:0 mTryIndex:1
01-25 17:44:26.936  1061  4008 I FlashSeqManager: addIrNegCount do mJump2NextSeqTask
01-25 17:44:26.936  1061  4008 I MsgManager: setMsg FACEID_MSG_CODE_FACE_HINT:2
01-25 17:44:26.936  1061  5493 I faceidalgo: getResult end result:2, param(0,0,0,0)
01-25 17:44:26.936  1061  5493 I hal_facerecognize_device: Auth GetResult result 0 2 0x****0000.
01-25 17:44:26.936  1061  5493 I vendor.huawei.hardware.biometrics.hwfacerecognize@2.0-service: onAuthenticationAcquired(acquiredInfo = 5)
01-25 17:44:26.937  2351 28340 I FaceRecognizeManagerImpl: reqId(****1035), type(AUTH), code(acquire), result(no face detected)
01-25 17:44:26.937  2351  2940 D TimeKeeper: getTimeTickInfo:[mMillisUntilFinished:0, mHour:0, mMinute:0, mSecond:0]
01-25 17:44:26.937   756   756 W ArHal   : (ArDataGetActivityIndex:248):invalid activity[31]
01-25 17:44:26.937   756   756 W ArHal   : (ArDataGetState:1502):unknown activity[31], discard
01-25 17:44:26.937   756   756 W ArHal   : (ArDataGetActivityIndex:248):invalid activity[63]
01-25 17:44:26.937   756   756 W ArHal   : (ArDataGetState:1502):unknown activity[63], discard
01-25 17:44:26.937   756   803 I ArHal   : (ArDataNetlinkCb:942):cmd[2].length[336]
01-25 17:44:26.937  1061  5493 I hal_facerecognize_device: Authenticate continue, send aquire 5.
01-25 17:44:26.937  1061  5493 I hal_facerecognize_device: PerformanceTime:authentication begin.
01-25 17:44:26.937  1061  5493 I hal_facerecognize_device: Enter GetResult.
01-25 17:44:26.937  1061  5493 I hal_facerecognize_device: Enter getEntry.
01-25 17:44:26.937  1061  5493 I faceidalgo: getResult start
01-25 17:44:26.938 18069 18069 I HwMSDPMovementManager: enableMovementEvent type =0
01-25 17:44:26.938 18069  8633 I MSDPMovementServiceManager: [I/HwLocation/MSDPMovementServiceManager 18069:47994 null:31] type is 0, latencyNs is 5000000000
01-25 17:44:26.938   756   804 I AR_impl : able to onActivityChangedV1_1
01-25 17:44:26.938   756   804 I AR_impl : ActChangedCb end, pid[756]
01-25 17:44:26.938 18069  8633 I ActivityTransitionMappingManager: [I/HwLocation/ActivityTransitionMappingManager 18069:47994 null:4] compareReturnEventCache
01-25 17:44:26.938 18069  8633 I ActivityTransitionMappingManager: [I/HwLocation/ActivityTransitionMappingManager 18069:47994 null:81] movement android.activity_recognition.elevatoreventType 2
01-25 17:44:26.938   756   804 I AR_impl : ActChangedCb start count[14]
01-25 17:44:26.938 18069  8633 I ActivityTransitionMappingManager: [I/HwLocation/ActivityTransitionMappingManager 18069:47994 null:129] already report , remove it
01-25 17:44:26.938 18069  8633 I ActivityTransitionMappingManager: [I/HwLocation/ActivityTransitionMappingManager 18069:47994 null:29] sendActivityTransitionMappingInfo:requestList size:0
01-25 17:44:26.939  1514  1640 I HwNetworkManagementService: request swap success.
01-25 17:44:26.939  6124  6356 I CAWARENESS_MsdpMotionWrapper: onMovementStatusChanged type=0
01-25 17:44:26.939  6124  6356 I CAWARENESS_MsdpMotionParser: parseMsdpEvent count: 1 state: MsdpMotionTransportState{abilityType=still, eventType=exit, timestampNs=2607014523517203, confidence=0, extra=}
01-25 17:44:26.939  6124  6356 I CAWARENESS_MsdpMotionReportInfoMap: update still exit result is true
01-25 17:44:26.939  6124  6356 I CAWARENESS_AbilityContext: [1643104945528] publishing {dataId=100000073, mode=0}
01-25 17:44:26.939  6124  6356 I CAWARENESS_AbilityContext: [1643104945528] deliver {dataId=100000073, mode=0} to 6 receivers
01-25 17:44:26.940  1514  1640 I HwNetworkStatsServiceEx: hwMaybeUidAndProcPersistLocked currentTime = 1643103866185
01-25 17:44:26.940   756   756 I AR_impl : enableActivityEvent activity[5], event[1] reportLatency[5000000000]ns
01-25 17:44:26.940   756   756 I ArHal   : (ArEnableActivityEvent:1553):activity[5] event[1] latency[5000000000 ns]
01-25 17:44:26.940   756   756 I ArHal   : (ArDataUpdateActivityEvent:522):update [14] events
01-25 17:44:26.940   756   756 I ArHal   : (ArDataEnableActivityEvent:727):successfully
01-25 17:44:26.940   756   756 I ArHal   : (ArDataGetState:1471):id[2]
01-25 17:44:26.940   756   756 W ArHal   : (ArDataGetActivityIndex:248):invalid activity[31]
01-25 17:44:26.940   756   756 W ArHal   : (ArDataGetState:1502):unknown activity[31], discard
01-25 17:44:26.940   756   756 W ArHal   : (ArDataGetActivityIndex:248):invalid activity[63]
01-25 17:44:26.940   756   756 W ArHal   : (ArDataGetState:1502):unknown activity[63], discard
01-25 17:44:26.940   756   756 I AR_impl : enableActivityEvent end, pid[2480]
01-25 17:44:26.940   756   756 I ArHal   : (ArDataGetState:1471):id[2]
01-25 17:44:26.940  1514  1640 I NetworkStatsCollection: getSummary, uid = 1000stats size = 170
01-25 17:44:26.941  1082  4365 D ITOFAECoreTokSecFaceID: [7d4b249]ProcessAE(), m_frmNum=10 cost 14ms(4+10) irExpo(498->498) depthExpo(783->783) dist=2000 laserTemp=26.461 result=0
01-25 17:44:26.941  1082  4365 D ITOFStrategy: [7d4b249]enter ProcessFrame
01-25 17:44:26.941  1082  4365 I ITOFStrategyCoreFaceID: [7d4b249]AuthOnDepthMap remain empty
01-25 17:44:26.941  1082  4365 I ITOFStrategyCoreFaceID: [7d4b249]StopFlash stop falsh
01-25 17:44:26.941  1082  4365 D ITOFDepthCalc: [7d4b249]enter ProcessFrame()
01-25 17:44:26.941  1082  4365 D ITOFCollector: [7d4b249]enter ProcessFrame
01-25 17:44:26.941  1082  4365 D ITOFAE  : [7d4b249]enter ProcessFrame
01-25 17:44:26.941  1082  4365 D ITOFStrategy: [7d4b249]enter ProcessFrame
01-25 17:44:26.941  1082  4365 D ITOFDepthCalc: [7d4b249]enter ProcessFrame()
01-25 17:44:26.941  1082  4365 D ITOFCollector: [7d4b249]enter ProcessFrame
01-25 17:44:26.941  1082  1893 I Feature : doFeedBack: ITofConfigEvent
01-25 17:44:26.941  1082  4365 I ITOFEmbdWrapperC014WRJ: [7d4b249]GetApc2CheckData, tras: 0xf
01-25 17:44:26.943   756   756 W ArHal   : (ArDataGetActivityIndex:248):invalid activity[31]
01-25 17:44:26.944 18069 18069 I HwMSDPMovementManager: enableMovementEvent type =0
01-25 17:44:26.944 18721 20016 I TotemWeather: WeatherMsdpMovementManager: HwMSDPMovementStatusChangeCallback time: 2607014523517203, movement: android.activity_recognition.still 2 0
01-25 17:44:26.944   756   804 I AR_impl : able to onActivityChangedV1_1
01-25 17:44:26.944   756   804 I AR_impl : ActChangedCb end, pid[756]
01-25 17:44:26.944   756   803 I ArHal   : (ArDataNetlinkCb:942):cmd[2].length[336]
01-25 17:44:26.945  1514  2778 I ActivityManager: sendIntentSender target:PendingIntentRecord{320591d com.huawei.powergenie broadcastIntent}, intent:hwFlg=0x10
01-25 17:44:26.945   756   804 I AR_impl : able to onActivityChangedV1_1
01-25 17:44:26.945   756   804 I AR_impl : ActChangedCb end, pid[756]
01-25 17:44:26.945   756   756 I AR_impl : enableActivityEvent activity[7], event[1] reportLatency[5000000000]ns
01-25 17:44:26.945   756   756 I ArHal   : (ArEnableActivityEvent:1553):activity[7] event[1] latency[5000000000 ns]
01-25 17:44:26.945   756   756 I ArHal   : (ArDataUpdateActivityEvent:522):update [14] events
01-25 17:44:26.945  1514  2778 W ActivityManager: Sending non-protected broadcast com.huawei.hiai.awareness.movement from system uid 1000 pkg com.huawei.powergenie
01-25 17:44:26.946  1514  2778 I ActivityManager: sendIntentSender target:PendingIntentRecord{30a4039 com.huawei.nb.service broadcastIntent}, intent:hwFlg=0x10
01-25 17:44:26.945  1514  2778 W ActivityManager: Sending non-protected broadcast com.huawei.hiai.awareness.movement from system uid 1000 pkg com.huawei.powergenie
01-25 17:44:26.947   756   803 I ArHal   : (ArDataNetlinkCb:942):cmd[2].length[336]
01-25 17:44:26.947   756   804 I AR_impl : ActChangedCb start count[14]
01-25 17:44:26.947  2480  4723 I OPCollectLog: ARFromAwarenessImpl:motionType: 4 eventType: 2 timeStamp: 2607014523517203
01-25 17:44:26.947  2480  4723 I OPCollectLog: ARFromAwarenessImpl:handleMessage msg: 3
01-25 17:44:26.947  2480  4723 W OPCollectLog: Action:RawARStatus is overlimit, current:1000, max:1000
01-25 17:44:26.947   756   756 W ArHal   : (ArDataGetActivityIndex:248):invalid activity[31]
01-25 17:44:26.947   756   756 W ArHal   : (ArDataGetState:1502):unknown activity[31], discard
01-25 17:44:26.947   756   756 W ArHal   : (ArDataGetActivityIndex:248):invalid activity[63]
01-25 17:44:26.947   756   756 W ArHal   : (ArDataGetState:1502):unknown activity[63], discard
01-25 17:44:26.947   756   756 I AR_impl : enableActivityEvent end, pid[2480]
01-25 17:44:26.947   756   756 I ArHal   : (ArDataGetState:1471):id[2]
01-25 17:44:26.948   756   756 W ArHal   : (ArDataGetActivityIndex:248):invalid activity[31]
01-25 17:44:26.948   756   756 W ArHal   : (ArDataGetState:1502):unknown activity[31], discard
01-25 17:44:26.948   756   756 W ArHal   : (ArDataGetActivityIndex:248):invalid activity[63]
01-25 17:44:26.948   756   756 W ArHal   : (ArDataGetState:1502):unknown activity[63], discard
01-25 17:44:26.948  6124  4450 I CAWARENESS_MotionCompatibleFence: triggerForOldInterface this: 206937686
01-25 17:44:26.948  6124  4451 I CAWARENESS_MotionCompatibleFence: triggerForOldInterface this: 88985757
01-25 17:44:26.948  6124 10263 I CAWARENESS_CompatibleFenceTrigger: triggerForMotion with PendingIntent
01-25 17:44:26.948  6124  4451 I CAWARENESS_CompatibleFenceTrigger: fenceName AwarenessFence{1, 4, 1023} pid 7241 uid 10161
01-25 17:44:26.948  6124  4451 I CAWARENESS_CacheReportDataService: insertData
01-25 17:44:26.948 18069 18069 I HwMSDPMovementManager: enableMovementEvent type =0
01-25 17:44:26.948  6124  9144 I CAWARENESS_UserWakeupSleepEventHandler: handleMessage msg: 8
01-25 17:44:26.949  1514  2511 I ActivityManager: sendIntentSender target:PendingIntentRecord{31ec395 com.huawei.systemserver broadcastIntent}, intent:hwFlg=0x10
01-25 17:44:26.949  1514  2511 W ActivityManager: Sending non-protected broadcast android.intent.action.movement_fence_triggered from system uid 1000 pkg com.huawei.systemserver
01-25 17:44:26.949  1514  2511 W ActivityManager: Sending non-protected broadcast android.intent.action.movement_fence_triggered from system uid 1000 pkg com.huawei.systemserver
01-25 17:44:26.949  6124 10263 I CAWARENESS_CompatibleFenceTrigger: triggerForMotion with PendingIntent
01-25 17:44:26.951   650   650 I SensorStatusMonitor: timeNs 2607014523517203 curStatus 2 curAction 16 actionString android.activity_recognition.still
01-25 17:44:26.952  1514  1640 I NetworkStatsCollection: getSummary, uid = 1000stats size = 170
01-25 17:44:26.953  6124  4450 I CAWARENESS_CompatibleFenceTrigger: fenceName AwarenessFence{1, 4, 1023} pid 2581 uid 1000
01-25 17:44:26.953  1066  2086 I Camera3-Stream: returnBuffer: begin(15)
01-25 17:44:26.954   756   804 I AR_impl : able to onActivityChangedV1_1
01-25 17:44:26.954   756   756 I AR_impl : enableActivityEvent activity[7], event[2] reportLatency[5000000000]ns
01-25 17:44:26.954   756   804 I AR_impl : ActChangedCb end, pid[756]
01-25 17:44:26.954   756   756 I ArHal   : (ArEnableActivityEvent:1553):activity[7] event[2] latency[5000000000 ns]
01-25 17:44:26.954   756   756 I ArHal   : (ArDataUpdateActivityEvent:522):update [14] events
01-25 17:44:26.954  1066  2086 I Camera3-Stream: returnBuffer: end(15)
01-25 17:44:26.954   756   756 I ArHal   : (ArDataEnableActivityEvent:727):successfully
01-25 17:44:26.954   756   756 I ArHal   : (ArDataGetState:1471):id[2]
01-25 17:44:26.954  6124  4450 I CAWARENESS_CacheReportDataService: insertData
01-25 17:44:26.954  6124  4450 W CAWARENESS_ThreadPool: thread pool CacheReportDataService(1) is busy 1/2
01-25 17:44:26.954  1514  2511 I ActivityManager: sendIntentSender target:PendingIntentRecord{339b505 com.huawei.wear.guard broadcastIntent}, intent:hwFlg=0x10
01-25 17:44:26.954  1514  1640 I NetworkStatsCollection: getSummary, uid = 1000stats size = 170
01-25 17:44:26.954  1514  1689 W BroadcastQueue: Permission Denial: broadcasting Intent { act=android.intent.action.movement_fence_triggered flg=0x10 hwFlg=0x100 (has extras) } from com.huawei.wear.guard (pid=-1, uid=10161) requires com.huawei.hiai.permission.CUSTOM_BROADCAST_EVENT due to registered receiver BroadcastFilter{31ec3e9 1000/u0 ReceiverList{32055c1 2581 com.huawei.systemserver/1000/u0 remote:32184ad}}
01-25 17:44:26.954  1514  1689 W BroadcastQueue: Permission Denial: broadcasting Intent { act=android.intent.action.movement_fence_triggered flg=0x10 hwFlg=0x100 (has extras) } from com.huawei.wear.guard (pid=-1, uid=10161) requires com.huawei.hiai.permission.CUSTOM_BROADCAST_EVENT due to registered receiver BroadcastFilter{32349b9 10161/u0 ReceiverList{3324c69 650 com.huawei.wear.guard/10161/u0 remote:324c66d}}
01-25 17:44:26.954  1066  4264 V Camera3-Device: isCustomizedMode: expo time 0, pro mode 0, exposure mode 0
01-25 17:44:26.955   756   756 W ArHal   : (ArDataGetActivityIndex:248):invalid activity[31]
01-25 17:44:26.955   756   756 W ArHal   : (ArDataGetState:1502):unknown activity[31], discard
01-25 17:44:26.955   756   756 W ArHal   : (ArDataGetActivityIndex:248):invalid activity[63]
01-25 17:44:26.955   756   756 W ArHal   : (ArDataGetState:1502):unknown activity[63], discard
01-25 17:44:26.955   756   756 I AR_impl : enableActivityEvent end, pid[2480]
01-25 17:44:26.955   756   756 I ArHal   : (ArDataGetState:1471):id[2]
01-25 17:44:26.955   756   803 I ArHal   : (ArDataNetlinkCb:942):cmd[2].length[336]
01-25 17:44:26.955   756   804 I AR_impl : ActChangedCb start count[14]
01-25 17:44:26.955  1514  1640 I NetworkStatsCollection: getSummary, uid = 1000stats size = 1906
01-25 17:44:26.955   756   756 W ArHal   : (ArDataGetActivityIndex:248):invalid activity[31]
01-25 17:44:26.955   756   756 W ArHal   : (ArDataGetState:1502):unknown activity[31], discard
01-25 17:44:26.955   756   756 W ArHal   : (ArDataGetActivityIndex:248):invalid activity[63]
01-25 17:44:26.955   756   756 W ArHal   : (ArDataGetState:1502):unknown activity[63], discard
01-25 17:44:26.955 18069 18069 I HwMSDPMovementManager: enableMovementEvent type =0
01-25 17:44:26.956 18069  8633 I MSDPMovementServiceManager: [I/HwLocation/MSDPMovementServiceManager 18069:47994 null:31] type is 0, latencyNs is 5000000000
01-25 17:44:26.956 18069  8633 I ActivityTransitionMappingManager: [I/HwLocation/ActivityTransitionMappingManager 18069:47994 null:4] compareReturnEventCache
01-25 17:44:26.956 18069  8633 I ActivityTransitionMappingManager: [I/HwLocation/ActivityTransitionMappingManager 18069:47994 null:81] movement android.activity_recognition.on_footeventType 2
01-25 17:44:26.956 18069  8633 I ActivityTransitionMappingManager: [I/HwLocation/ActivityTransitionMappingManager 18069:47994 null:129] already report , remove it
01-25 17:44:26.956 18069  8633 I ActivityTransitionMappingManager: [I/HwLocation/ActivityTransitionMappingManager 18069:47994 null:29] sendActivityTransitionMappingInfo:requestList size:0
01-25 17:44:26.956   756   756 I AR_impl : enableActivityEvent activity[4], event[1] reportLatency[5000000000]ns
01-25 17:44:26.956   756   756 I ArHal   : (ArEnableActivityEvent:1553):activity[4] event[1] latency[5000000000 ns]
01-25 17:44:26.956   756   756 I ArHal   : (ArDataUpdateActivityEvent:522):update [14] events
01-25 17:44:26.958 18069 18069 I HwMSDPMovementManager: enableMovementEvent type =0
01-25 17:44:26.959   756   756 I AR_impl : enableActivityEvent activity[4], event[2] reportLatency[5000000000]ns
01-25 17:44:26.959   756   756 I ArHal   : (ArEnableActivityEvent:1553):activity[4] event[2] latency[5000000000 ns]
01-25 17:44:26.959   756   756 I ArHal   : (ArDataUpdateActivityEvent:522):update [14] events
01-25 17:44:26.959   756   756 I ArHal   : (ArDataEnableActivityEvent:727):successfully
01-25 17:44:26.959   756   756 I ArHal   : (ArDataGetState:1471):id[2]
01-25 17:44:26.959   756   803 I ArHal   : (ArDataNetlinkCb:942):cmd[2].length[336]
01-25 17:44:26.959   756   804 I AR_impl : able to onActivityChangedV1_1
01-25 17:44:26.959   756   804 I AR_impl : ActChangedCb end, pid[756]
01-25 17:44:26.959   756   804 I AR_impl : ActChangedCb start count[14]
01-25 17:44:26.959   756   756 W ArHal   : (ArDataGetActivityIndex:248):invalid activity[31]
01-25 17:44:26.959   756   756 W ArHal   : (ArDataGetState:1502):unknown activity[31], discard
01-25 17:44:26.959   756   756 W ArHal   : (ArDataGetActivityIndex:248):invalid activity[63]
01-25 17:44:26.959   756   756 W ArHal   : (ArDataGetState:1502):unknown activity[63], discard
01-25 17:44:26.959   756   756 I AR_impl : enableActivityEvent end, pid[2480]
01-25 17:44:26.959 22610 23833 I R_Step_LSC: 1200101310|R|refreshReportData calculate detail steps data
01-25 17:44:26.959   756   756 I ArHal   : (ArDataGetState:1471):id[2]
01-25 17:44:26.960 18069 18069 I HwMSDPMovementManager: enableMovementEvent type =0
01-25 17:44:26.962   756   756 I ArHal   : (ArDataGetState:1471):id[2]
01-25 17:44:26.963   756   756 W ArHal   : (ArDataGetActivityIndex:248):invalid activity[31]
01-25 17:44:26.963   756   756 W ArHal   : (ArDataGetState:1502):unknown activity[31], discard
01-25 17:44:26.963   756   756 W ArHal   : (ArDataGetActivityIndex:248):invalid activity[63]
01-25 17:44:26.963   756   756 W ArHal   : (ArDataGetState:1502):unknown activity[63], discard
01-25 17:44:26.963   756   756 I AR_impl : enableActivityEvent end, pid[2480]
01-25 17:44:26.963   756   756 I ArHal   : (ArDataGetState:1471):id[2]
01-25 17:44:26.964   756   756 W ArHal   : (ArDataGetActivityIndex:248):invalid activity[31]
01-25 17:44:26.964   756   756 W ArHal   : (ArDataGetState:1502):unknown activity[31], discard
01-25 17:44:26.964   756   756 W ArHal   : (ArDataGetActivityIndex:248):invalid activity[63]
01-25 17:44:26.964   756   756 W ArHal   : (ArDataGetState:1502):unknown activity[63], discard
01-25 17:44:26.964 22610 23846 I HiH_HiHealthDataInsertStore: 1200101310|R|saveHealthDetailData() deviceID = 2,clientID =5,deviceType=32
01-25 17:44:26.964 18069  8633 I MSDPMovementServiceManager: [I/HwLocation/MSDPMovementServiceManager 18069:47994 null:31] type is 0, latencyNs is 5000000000
01-25 17:44:26.964 18069  8633 I ActivityTransitionMappingManager: [I/HwLocation/ActivityTransitionMappingManager 18069:47994 null:4] compareReturnEventCache
01-25 17:44:26.964 18069  8633 I ActivityTransitionMappingManager: [I/HwLocation/ActivityTransitionMappingManager 18069:47994 null:81] movement android.activity_recognition.walkingeventType 2
01-25 17:44:26.964 22610 23846 I HiH_HiHealthSaveData: 1200101310|R|saveStatData() type =40002,time = 1643103866952,statClient = 4,userId = 2
01-25 17:44:26.964 18069  8633 I ActivityTransitionMappingManager: [I/HwLocation/ActivityTransitionMappingManager 18069:47994 null:129] already report , remove it
01-25 17:44:26.964 18069  8633 I ActivityTransitionMappingManager: [I/HwLocation/ActivityTransitionMappingManager 18069:47994 null:29] sendActivityTransitionMappingInfo:requestList size:0
01-25 17:44:26.965   756   803 I ArHal   : (ArDataNetlinkCb:942):cmd[2].length[1008]
01-25 17:44:26.969   792 10783 D AudioPolicyService: getUidState(10024) !cacheIter->second.first, return PROCESS_STATE_UNKNOWN
01-25 17:44:26.970 18069 20091 I LBSLog_RoutingStrategy: [I/HwLocation/LBSLog_RoutingStrategy 18069:45459 Method.java:-2] current version support inner location interface
01-25 17:44:26.970 18069 20091 I LBSLog_InnerServiceClientImpl: [I/HwLocation/LBSLog_InnerServiceClientImpl 18069:45459 Method.java:-2] interface getLastKnownLocation start
01-25 17:44:26.971   756   804 I AR_impl : able to onActivityChangedV1_1
01-25 17:44:26.971   756   804 I AR_impl : ActChangedCb end, pid[756]
01-25 17:44:26.972   756   804 I AR_impl : ActChangedCb start count[42]
01-25 17:44:26.972 18069 20091 I LBSLog_RoutingStrategy: [I/HwLocation/LBSLog_RoutingStrategy 18069:45459 Method.java:-2] current version support inner location interface
01-25 17:44:26.972 18069 20091 I LBSLog_InnerServiceClientImpl: [I/HwLocation/LBSLog_InnerServiceClientImpl 18069:45459 Method.java:-2] interface getLastKnownLocation start
01-25 17:44:26.973 18069 20091 I LBSLog_RoutingStrategy: [I/HwLocation/LBSLog_RoutingStrategy 18069:45459 Method.java:-2] current version support inner location interface
01-25 17:44:26.973 18069 20091 I LBSLog_InnerServiceClientImpl: [I/HwLocation/LBSLog_InnerServiceClientImpl 18069:45459 Method.java:-2] interface getLastKnownLocation start
01-25 17:44:26.973   792 10783 D AudioPolicyService: getUidState(10024) !cacheIter->second.first, return PROCESS_STATE_UNKNOWN
01-25 17:44:26.973   792 10783 D AudioPolicyService: getUidState(10043) !cacheIter->second.first, return PROCESS_STATE_UNKNOWN
01-25 17:44:26.974   792 10783 D AudioPolicyService: getUidState(10043) !cacheIter->second.first, return PROCESS_STATE_UNKNOWN
01-25 17:44:26.975 18069 20091 I LBSLog_PGINDOOR.LightMode: [I/HwLocation/LBSLog_PGINDOOR.LightMode 18069:45459 Method.java:-2] lightMode start0000
01-25 17:44:26.975 30065 31079 I HwLBSService.SensorManager: register Light, mLightListeners.size: 1
01-25 17:44:26.975  1514  2778 W ProcBatteryStats: timer is not running , not stop, name: com.android.phone, uid: 1001, tag: RILJ_ACK_WL
01-25 17:44:26.975  1514  2778 I PowerManagerService:  schedul eye detect nextTimeout: 985979825 now: 985972470 mRemainTime: 16000
01-25 17:44:26.975  1514  3525 I SensorService: createSensorEventConnection begin
01-25 17:44:26.975  1514  3525 I SensorService: SensorEventConnection begin
01-25 17:44:26.976  1514  3525 I SensorService: SensorEventConnection end
01-25 17:44:26.976  1514  3525 I SensorService: createSensorEventConnection end
01-25 17:44:26.976 30065 31073 D SensorManager: 0x7b5268a050 addFd fd=70
01-25 17:44:26.976  1514  3525 I SensorService: enable begin
01-25 17:44:26.976  1514  3525 I SensorService: batch begin
01-25 17:44:26.976  1514  3525 I SensorService: batch end
01-25 17:44:26.976  1514  3525 I SensorService: enableSensor handle:3, packageName:com.huawei.lbs.hms.HwSensorManager, opPackageName:com.huawei.lbs , rate=200000000
01-25 17:44:26.976  1514  3525 I SensorService: enable activate begin
01-25 17:44:26.976  1514  3525 I SensorService: enable activate end
01-25 17:44:26.976  1514  3525 I SensorService: enable end
01-25 17:44:26.976  1514  1640 I PowerManagerService:  schedul eye detect nextTimeout: 985979825 now: 985972471 mRemainTime: 16000
01-25 17:44:26.977   756   804 I AR_impl : able to onActivityChangedV1_1
01-25 17:44:26.977   756   804 I AR_impl : ActChangedCb end, pid[756]
01-25 17:44:26.977  1514  1640 I NetworkStats: openSession, pid = 2695
01-25 17:44:26.979  1514  3525 I NetworkStats: History for network, uid = 1000
01-25 17:44:26.980 22610 23846 I HiH_HiHealthSaveData: 1200101310|R|saveStatData() type =40003,time = 1643103866952,statClient = 4,userId = 2
01-25 17:44:26.983 22610 23846 I HiH_HiHealthSaveData: 1200101310|R|saveStatData() type =40005,time = 1643103866952,statClient = 4,userId = 2
01-25 17:44:26.983  1514  3525 I NetworkStats: Summary for network, uid = 1000
01-25 17:44:26.984  2581  3026 I BoosterUtil: getSlaveCardSubId slotId: 1, subId: -1
01-25 17:44:26.984  2581  3026 I PositionFence_PositionFenceManager: start position fence recognize! reason for 2130903090
01-25 17:44:26.984 22610 23846 I HiH_HiHealthSaveData: 1200101310|R|saveStatData() type =40004,time = 1643103866952,statClient = 4,userId = 2
01-25 17:44:26.984  1066  2086 I Camera3-Stream: returnBuffer: begin(16)
01-25 17:44:26.985  1066  2086 I Camera3-Stream: returnBuffer: end(16)
01-25 17:44:26.986  1066  4264 V Camera3-Device: isCustomizedMode: expo time 0, pro mode 0, exposure mode 0
01-25 17:44:26.986  1514  1640 I PowerManagerService:  schedul eye detect nextTimeout: 985979825 now: 985972481 mRemainTime: 16000
01-25 17:44:26.989 22610 23846 W HiH_HiHealthDataInsertStore: 1200101310|R|prepareRealTimeHealthDataStat() list is null 
01-25 17:44:26.990 22610 23846 I HiH_HiDataInsertOperation: 1200101310|R|execute end totalTime = 32
01-25 17:44:26.992  2581  3026 E OllieTelephony: sendFullData err:1
01-25 17:44:26.992  2581  3026 E MsdpMovementManager: screen on, re enable msdp movement state report
01-25 17:44:26.992  2581  3026 I HwMSDPMovementManager: getSupportedMovements
01-25 17:44:26.992  1514  1640 I PowerManagerService:  schedul eye detect nextTimeout: 985979825 now: 985972486 mRemainTime: 16000
01-25 17:44:26.992  2581  3026 I MsdpMovementManager: get screen state: screen on
01-25 17:44:26.992  2581  3026 I MsdpMovementManager: enable movement state: android.activity_recognition.walking, period: 5000000000 ns
01-25 17:44:26.992  2581  3026 I HwMSDPMovementManager: enableMovementEvent type =0
01-25 17:44:26.993   756   756 I AR_impl : enableActivityEvent activity[2], event[1] reportLatency[1000000000]ns
01-25 17:44:26.993   756   756 I ArHal   : (ArEnableActivityEvent:1553):activity[2] event[1] latency[1000000000 ns]
01-25 17:44:26.993   756   756 I ArHal   : (ArDataUpdateActivityEvent:522):update [14] events
01-25 17:44:26.993   756   756 I ArHal   : (ArDataEnableActivityEvent:727):successfully
01-25 17:44:26.993   756   756 I ArHal   : (ArDataGetState:1471):id[2]
01-25 17:44:26.993   756   756 W ArHal   : (ArDataGetActivityIndex:248):invalid activity[31]
01-25 17:44:26.993   756   756 W ArHal   : (ArDataGetState:1502):unknown activity[31], discard
01-25 17:44:26.993   756   756 W ArHal   : (ArDataGetActivityIndex:248):invalid activity[63]
01-25 17:44:26.993   756   756 W ArHal   : (ArDataGetState:1502):unknown activity[63], discard
01-25 17:44:26.993   756   756 I AR_impl : enableActivityEvent end, pid[2480]
01-25 17:44:26.995   756   803 I ArHal   : (ArDataNetlinkCb:942):cmd[2].length[336]
01-25 17:44:26.995   756   804 I AR_impl : ActChangedCb start count[14]
01-25 17:44:26.996   756   756 I ArHal   : (ArDataGetState:1471):id[2]
01-25 17:44:26.996 22610  7694 I HiH_    : 1200101310|R|initSportDataPrivacy the sportDataPrivacyState is true
01-25 17:44:26.997   756   756 W ArHal   : (ArDataGetActivityIndex:248):invalid activity[31]
01-25 17:44:26.997   756   756 W ArHal   : (ArDataGetState:1502):unknown activity[31], discard
01-25 17:44:26.997   756   756 W ArHal   : (ArDataGetActivityIndex:248):invalid activity[63]
01-25 17:44:26.997   756   756 W ArHal   : (ArDataGetState:1502):unknown activity[63], discard
01-25 17:44:26.997  2581  3026 I HwMSDPMovementManager: enableMovementEvent type =0
01-25 17:44:26.997   756   804 I AR_impl : able to onActivityChangedV1_1
01-25 17:44:26.997   756   804 I AR_impl : ActChangedCb end, pid[756]
01-25 17:44:26.998   756   756 I AR_impl : enableActivityEvent activity[2], event[2] reportLatency[1000000000]ns
01-25 17:44:26.998   756   756 I ArHal   : (ArEnableActivityEvent:1553):activity[2] event[2] latency[1000000000 ns]
01-25 17:44:26.998   756   756 I ArHal   : (ArDataUpdateActivityEvent:522):update [14] events
01-25 17:44:26.998   756   756 I ArHal   : (ArDataEnableActivityEvent:727):successfully
01-25 17:44:26.998   756   756 I ArHal   : (ArDataGetState:1471):id[2]
01-25 17:44:26.999   756   756 W ArHal   : (ArDataGetActivityIndex:248):invalid activity[31]
01-25 17:44:26.999   756   756 W ArHal   : (ArDataGetState:1502):unknown activity[31], discard
01-25 17:44:26.999   756   756 W ArHal   : (ArDataGetActivityIndex:248):invalid activity[63]
01-25 17:44:26.999   756   756 W ArHal   : (ArDataGetState:1502):unknown activity[63], discard
01-25 17:44:26.999   756   756 I AR_impl : enableActivityEvent end, pid[2480]
01-25 17:44:26.999   756   756 I ArHal   : (ArDataGetState:1471):id[2]
01-25 17:44:26.999   756   756 W ArHal   : (ArDataGetActivityIndex:248):invalid activity[31]
01-25 17:44:26.999   756   756 W ArHal   : (ArDataGetState:1502):unknown activity[31], discard
01-25 17:44:26.999   756   756 W ArHal   : (ArDataGetActivityIndex:248):invalid activity[63]
01-25 17:44:26.999   756   756 W ArHal   : (ArDataGetState:1502):unknown activity[63], discard
01-25 17:44:27.000  2581  3026 I MsdpMovementManager: get screen state: screen on
01-25 17:44:27.000  2581  3026 I MsdpMovementManager: enable movement state: android.activity_recognition.running, period: 5000000000 ns
01-25 17:44:27.000  2581  3026 I HwMSDPMovementManager: enableMovementEvent type =0
01-25 17:44:27.000   756   803 I ArHal   : (ArDataNetlinkCb:942):cmd[2].length[336]
01-25 17:44:27.000   756   804 I AR_impl : ActChangedCb start count[14]
01-25 17:44:27.001   756   756 I AR_impl : enableActivityEvent activity[3], event[1] reportLatency[5000000000]ns
01-25 17:44:27.001   756   756 I ArHal   : (ArEnableActivityEvent:1553):activity[3] event[1] latency[5000000000 ns]
01-25 17:44:27.001   756   756 I ArHal   : (ArDataUpdateActivityEvent:522):update [14] events
01-25 17:44:27.001   756   756 I ArHal   : (ArDataEnableActivityEvent:727):successfully
01-25 17:44:27.001   756   756 I ArHal   : (ArDataGetState:1471):id[2]
01-25 17:44:27.002   756   756 W ArHal   : (ArDataGetActivityIndex:248):invalid activity[31]
01-25 17:44:27.002   756   756 W ArHal   : (ArDataGetState:1502):unknown activity[31], discard
01-25 17:44:27.002   756   756 W ArHal   : (ArDataGetActivityIndex:248):invalid activity[63]
01-25 17:44:27.002   756   756 W ArHal   : (ArDataGetState:1502):unknown activity[63], discard
01-25 17:44:27.002   756   756 I AR_impl : enableActivityEvent end, pid[2480]
01-25 17:44:27.002   756   756 I ArHal   : (ArDataGetState:1471):id[2]
01-25 17:44:27.002   756   756 W ArHal   : (ArDataGetActivityIndex:248):invalid activity[31]
01-25 17:44:27.002   756   756 W ArHal   : (ArDataGetState:1502):unknown activity[31], discard
01-25 17:44:27.002   756   756 W ArHal   : (ArDataGetActivityIndex:248):invalid activity[63]
01-25 17:44:27.002   756   756 W ArHal   : (ArDataGetState:1502):unknown activity[63], discard
01-25 17:44:27.003  2581  3026 I HwMSDPMovementManager: enableMovementEvent type =0
01-25 17:44:27.003   756   804 I AR_impl : able to onActivityChangedV1_1
01-25 17:44:27.003   756   804 I AR_impl : ActChangedCb end, pid[756]
01-25 17:44:27.003   756   803 I ArHal   : (ArDataNetlinkCb:942):cmd[2].length[336]
01-25 17:44:27.003   756   756 I AR_impl : enableActivityEvent activity[3], event[2] reportLatency[5000000000]ns
01-25 17:44:27.003   756   756 I ArHal   : (ArEnableActivityEvent:1553):activity[3] event[2] latency[5000000000 ns]
01-25 17:44:27.003   756   756 I ArHal   : (ArDataUpdateActivityEvent:522):update [14] events
01-25 17:44:27.003   756   804 I AR_impl : ActChangedCb start count[14]
01-25 17:44:27.004   756   756 I ArHal   : (ArDataEnableActivityEvent:727):successfully
01-25 17:44:27.004   756   756 I ArHal   : (ArDataGetState:1471):id[2]
01-25 17:44:27.004   756   803 I ArHal   : (ArDataNetlinkCb:942):cmd[2].length[336]
01-25 17:44:27.005   756   756 W ArHal   : (ArDataGetActivityIndex:248):invalid activity[31]
01-25 17:44:27.005   756   756 W ArHal   : (ArDataGetState:1502):unknown activity[31], discard
01-25 17:44:27.005   756   756 W ArHal   : (ArDataGetActivityIndex:248):invalid activity[63]
01-25 17:44:27.005   756   756 W ArHal   : (ArDataGetState:1502):unknown activity[63], discard
01-25 17:44:27.005   756   756 I AR_impl : enableActivityEvent end, pid[2480]
01-25 17:44:27.005   756   756 I ArHal   : (ArDataGetState:1471):id[2]
01-25 17:44:27.007   756   756 W ArHal   : (ArDataGetActivityIndex:248):invalid activity[31]
01-25 17:44:27.007   756   756 W ArHal   : (ArDataGetState:1502):unknown activity[31], discard
01-25 17:44:27.007   756   756 W ArHal   : (ArDataGetActivityIndex:248):invalid activity[63]
01-25 17:44:27.007   756   756 W ArHal   : (ArDataGetState:1502):unknown activity[63], discard
01-25 17:44:27.008  2581  3026 I MsdpMovementManager: get screen state: screen on
01-25 17:44:27.008  2581  3026 I MsdpMovementManager: enable movement state: android.activity_recognition.metro, period: 5000000000 ns
01-25 17:44:27.008  2581  3026 I HwMSDPMovementManager: enableMovementEvent type =0
01-25 17:44:27.009   756   804 I AR_impl : able to onActivityChangedV1_1
01-25 17:44:27.009   756   804 I AR_impl : ActChangedCb end, pid[756]
01-25 17:44:27.009   756   804 I AR_impl : ActChangedCb start count[14]
01-25 17:44:27.010   756   756 I AR_impl : enableActivityEvent activity[15], event[1] reportLatency[5000000000]ns
01-25 17:44:27.010   756   756 I ArHal   : (ArEnableActivityEvent:1553):activity[15] event[1] latency[5000000000 ns]
01-25 17:44:27.010   756   756 I ArHal   : (ArDataUpdateActivityEvent:522):update [14] events
01-25 17:44:27.010   756   756 I ArHal   : (ArDataEnableActivityEvent:727):successfully
01-25 17:44:27.010   756   756 I ArHal   : (ArDataGetState:1471):id[2]
01-25 17:44:27.010   756   756 W ArHal   : (ArDataGetActivityIndex:248):invalid activity[31]
01-25 17:44:27.010   756   756 W ArHal   : (ArDataGetState:1502):unknown activity[31], discard
01-25 17:44:27.010   756   756 W ArHal   : (ArDataGetActivityIndex:248):invalid activity[63]
01-25 17:44:27.010   756   756 W ArHal   : (ArDataGetState:1502):unknown activity[63], discard
01-25 17:44:27.010   756   756 I AR_impl : enableActivityEvent end, pid[2480]
01-25 17:44:27.011   756   756 I ArHal   : (ArDataGetState:1471):id[2]
01-25 17:44:27.011   756   756 W ArHal   : (ArDataGetActivityIndex:248):invalid activity[31]
01-25 17:44:27.011   756   756 W ArHal   : (ArDataGetState:1502):unknown activity[31], discard
01-25 17:44:27.011   756   756 W ArHal   : (ArDataGetActivityIndex:248):invalid activity[63]
01-25 17:44:27.011   756   756 W ArHal   : (ArDataGetState:1502):unknown activity[63], discard
01-25 17:44:27.011  1063 31128 I AGPService: FrameRateManager: screen power - on
01-25 17:44:27.012  2581  3026 I HwMSDPMovementManager: enableMovementEvent type =0
01-25 17:44:27.012   756   803 I ArHal   : (ArDataNetlinkCb:942):cmd[2].length[336]
01-25 17:44:27.012   756   804 I AR_impl : able to onActivityChangedV1_1
01-25 17:44:27.012   756   804 I AR_impl : ActChangedCb end, pid[756]
01-25 17:44:27.012   756   804 I AR_impl : ActChangedCb start count[14]
01-25 17:44:27.013 22610 23833 I R_Step_LSC: 1200101310|R|refreshReportData calculate detail steps data
01-25 17:44:27.013   756   756 I AR_impl : enableActivityEvent activity[15], event[2] reportLatency[5000000000]ns
01-25 17:44:27.013   756   756 I ArHal   : (ArEnableActivityEvent:1553):activity[15] event[2] latency[5000000000 ns]
01-25 17:44:27.013   756   756 I ArHal   : (ArDataUpdateActivityEvent:522):update [14] events
01-25 17:44:27.014   756   756 I ArHal   : (ArDataEnableActivityEvent:727):successfully
01-25 17:44:27.014   756   756 I ArHal   : (ArDataGetState:1471):id[2]
01-25 17:44:27.015   756   803 I ArHal   : (ArDataNetlinkCb:942):cmd[2].length[336]
01-25 17:44:27.015   756   756 W ArHal   : (ArDataGetActivityIndex:248):invalid activity[31]
01-25 17:44:27.015   756   756 W ArHal   : (ArDataGetState:1502):unknown activity[31], discard
01-25 17:44:27.015   756   756 W ArHal   : (ArDataGetActivityIndex:248):invalid activity[63]
01-25 17:44:27.015   756   756 W ArHal   : (ArDataGetState:1502):unknown activity[63], discard
01-25 17:44:27.015   756   756 I AR_impl : enableActivityEvent end, pid[2480]
01-25 17:44:27.015   756   756 I ArHal   : (ArDataGetState:1471):id[2]
01-25 17:44:27.015   756   756 W ArHal   : (ArDataGetActivityIndex:248):invalid activity[31]
01-25 17:44:27.015   756   756 W ArHal   : (ArDataGetState:1502):unknown activity[31], discard
01-25 17:44:27.015   756   756 W ArHal   : (ArDataGetActivityIndex:248):invalid activity[63]
01-25 17:44:27.015   756   756 W ArHal   : (ArDataGetState:1502):unknown activity[63], discard
01-25 17:44:27.015   756   804 I AR_impl : able to onActivityChangedV1_1
01-25 17:44:27.016   756   804 I AR_impl : ActChangedCb end, pid[756]
01-25 17:44:27.015  2581  3026 I MsdpMovementManager: get screen state: screen on
01-25 17:44:27.016  2581  3026 I MsdpMovementManager: enable movement state: android.activity_recognition.high_speed_rail, period: 5000000000 ns
01-25 17:44:27.016  2581  3026 I HwMSDPMovementManager: enableMovementEvent type =0
01-25 17:44:27.016   756   804 I AR_impl : ActChangedCb start count[14]
01-25 17:44:27.016  1066  2086 I Camera3-Stream: returnBuffer: begin(17)
01-25 17:44:27.016  1066  2086 I Camera3-Stream: returnBuffer: end(17)
01-25 17:44:27.017  1066  4264 V Camera3-Device: isCustomizedMode: expo time 0, pro mode 0, exposure mode 0
01-25 17:44:27.017   756   756 I AR_impl : enableActivityEvent activity[6], event[1] reportLatency[5000000000]ns
01-25 17:44:27.017   756   756 I ArHal   : (ArEnableActivityEvent:1553):activity[6] event[1] latency[5000000000 ns]
01-25 17:44:27.017   756   756 I ArHal   : (ArDataUpdateActivityEvent:522):update [14] events
01-25 17:44:27.017   756   756 I ArHal   : (ArDataEnableActivityEvent:727):successfully
01-25 17:44:27.017   756   756 I ArHal   : (ArDataGetState:1471):id[2]
01-25 17:44:27.018  1061  5493 I faceidalgo: getResult end result:0, param(0,0,0,0)
01-25 17:44:27.018  1061  5493 I hal_facerecognize_device: Auth GetResult result 0 0 0x****0000.
01-25 17:44:27.018  1061  5493 I hal_facerecognize_device: Auth unknown result code,code 0x0.
01-25 17:44:27.018  1061  5493 I hal_facerecognize_device: PerformanceTime:authentication begin.
01-25 17:44:27.018  1061  5493 I hal_facerecognize_device: Enter GetResult.
01-25 17:44:27.018  1061  5493 I hal_facerecognize_device: Enter getEntry.
01-25 17:44:27.018  1061  5493 I faceidalgo: getResult start
01-25 17:44:27.018   756   756 W ArHal   : (ArDataGetActivityIndex:248):invalid activity[31]
01-25 17:44:27.018   756   756 W ArHal   : (ArDataGetState:1502):unknown activity[31], discard
01-25 17:44:27.018   756   756 W ArHal   : (ArDataGetActivityIndex:248):invalid activity[63]
01-25 17:44:27.018   756   756 W ArHal   : (ArDataGetState:1502):unknown activity[63], discard
01-25 17:44:27.018   756   756 I AR_impl : enableActivityEvent end, pid[2480]
01-25 17:44:27.019   756   803 I ArHal   : (ArDataNetlinkCb:942):cmd[2].length[336]
01-25 17:44:27.019   756   756 I ArHal   : (ArDataGetState:1471):id[2]
01-25 17:44:27.019   756   756 W ArHal   : (ArDataGetActivityIndex:248):invalid activity[31]
01-25 17:44:27.019   756   756 W ArHal   : (ArDataGetState:1502):unknown activity[31], discard
01-25 17:44:27.019   756   756 W ArHal   : (ArDataGetActivityIndex:248):invalid activity[63]
01-25 17:44:27.019   756   756 W ArHal   : (ArDataGetState:1502):unknown activity[63], discard
01-25 17:44:27.021  2581  3026 I HwMSDPMovementManager: enableMovementEvent type =0
01-25 17:44:27.022   756   756 I AR_impl : enableActivityEvent activity[6], event[2] reportLatency[5000000000]ns
01-25 17:44:27.022   756   756 I ArHal   : (ArEnableActivityEvent:1553):activity[6] event[2] latency[5000000000 ns]
01-25 17:44:27.022   756   756 I ArHal   : (ArDataUpdateActivityEvent:522):update [14] events
01-25 17:44:27.022   756   756 I ArHal   : (ArDataEnableActivityEvent:727):successfully
01-25 17:44:27.022   756   756 I ArHal   : (ArDataGetState:1471):id[2]
01-25 17:44:27.025   756   804 I AR_impl : able to onActivityChangedV1_1
01-25 17:44:27.025   756   804 I AR_impl : ActChangedCb end, pid[756]
01-25 17:44:27.025   756   756 W ArHal   : (ArDataGetActivityIndex:248):invalid activity[31]
01-25 17:44:27.025   756   756 W ArHal   : (ArDataGetState:1502):unknown activity[31], discard
01-25 17:44:27.025   756   756 W ArHal   : (ArDataGetActivityIndex:248):invalid activity[63]
01-25 17:44:27.025   756   756 W ArHal   : (ArDataGetState:1502):unknown activity[63], discard
01-25 17:44:27.025   756   756 I AR_impl : enableActivityEvent end, pid[2480]
01-25 17:44:27.025   756   803 I ArHal   : (ArDataNetlinkCb:942):cmd[2].length[336]
01-25 17:44:27.025   756   804 I AR_impl : ActChangedCb start count[28]
01-25 17:44:27.025   756   756 I ArHal   : (ArDataGetState:1471):id[2]
01-25 17:44:27.026   756   756 W ArHal   : (ArDataGetActivityIndex:248):invalid activity[31]
01-25 17:44:27.026   756   756 W ArHal   : (ArDataGetState:1502):unknown activity[31], discard
01-25 17:44:27.026   756   756 W ArHal   : (ArDataGetActivityIndex:248):invalid activity[63]
01-25 17:44:27.026   756   756 W ArHal   : (ArDataGetState:1502):unknown activity[63], discard
01-25 17:44:27.029  2581  3026 I MsdpMovementManager: get screen state: screen on
01-25 17:44:27.029  2581  3026 I MsdpMovementManager: enable movement state: android.activity_recognition.auto, period: 5000000000 ns
01-25 17:44:27.029  2581  3026 I HwMSDPMovementManager: enableMovementEvent type =0
01-25 17:44:27.029   756   804 I AR_impl : able to onActivityChangedV1_1
01-25 17:44:27.029   756   804 I AR_impl : ActChangedCb end, pid[756]
01-25 17:44:27.030   756   756 I AR_impl : enableActivityEvent activity[16], event[1] reportLatency[5000000000]ns
01-25 17:44:27.030   756   756 I ArHal   : (ArEnableActivityEvent:1553):activity[16] event[1] latency[5000000000 ns]
01-25 17:44:27.030   756   756 I ArHal   : (ArDataUpdateActivityEvent:522):update [14] events
01-25 17:44:27.031   756   803 I ArHal   : (ArDataNetlinkCb:942):cmd[2].length[336]
01-25 17:44:27.031   756   804 I AR_impl : ActChangedCb start count[14]
01-25 17:44:27.031   756   756 I ArHal   : (ArDataEnableActivityEvent:727):successfully
01-25 17:44:27.032   756   756 I ArHal   : (ArDataGetState:1471):id[2]
01-25 17:44:27.032   756   756 W ArHal   : (ArDataGetActivityIndex:248):invalid activity[31]
01-25 17:44:27.032   756   756 W ArHal   : (ArDataGetState:1502):unknown activity[31], discard
