--------- beginning of main
01-25 17:44:08.508  1081  1081 E Thermal-daemon:hw_thermal: [ap] tempNew :33  tempOld :34
01-25 17:44:08.510  1081  1081 E Thermal-daemon:hw_thermal: Report temperature: [ap] temp :33  reportThreshold:1
01-25 17:44:08.991   792 10783 D AudioPolicyService: getUidState(10046) cacheIter->second.first, return cacheIter->second.second(20)
01-25 17:44:08.991   792 10783 D AudioPolicyService: getUidState(10046) !cacheIter->second.first, return PROCESS_STATE_UNKNOWN
01-25 17:44:09.091  1514  1514 I NetLinkManager: getPriorityAppState, slaveIccid is null, start timer
01-25 17:44:09.559   710 20695 I netd    : trafficSwapActiveStatsMap() <0.97ms>
01-25 17:44:10.029  2637  3837 I HwSfpManager: getLockState
01-25 17:44:10.268 25071  3566 I EmcomManagerEx: unRegisterDeviceStateSubscriberCb
01-25 17:44:10.269 25071 25071 I EmcomManagerEx: unRegisterDeviceStateSubscriberCb
01-25 17:44:10.270  2581  5043 I AllConnectManager: unRegisterDeviceStateSubscriberCb 25071
01-25 17:44:10.271 25071  3566 I Process : Sending signal. PID: 25071 SIG: 9
01-25 17:44:10.334  2581  5043 I operatormp: DeviceStateNotify: 25071 binderDied.
--------- beginning of system
01-25 17:44:10.334  1514  2511 I ActivityManager: Process com.huawei.camera:controllerService (pid 25071) has died: fore SVC 
01-25 17:44:10.335  1514  1691 I libprocessgroup: Successfully killed process cgroup uid 10126 pid 25071 in 0ms
01-25 17:44:10.335   712   712 I Zygote  : Process 25071 exited due to signal 9 (Killed)
01-25 17:44:10.335  1514  2511 D ActivityManager: cleanUpApplicationRecord app: 25071:com.huawei.camera:controllerService/u0a126, bad: false, restarting: false, allowRestart: true
01-25 17:44:10.336  1514  2184 W HwAudioServiceEx: SoundEffectState bundle get reserved is invalid
01-25 17:44:10.336  1514  2184 I HwAudioServiceEx: sendAppKilledIntentForKit, isKitPackageOnPause = false, isKitPackageKill = false, isKitPackageOnResume = false
01-25 17:44:10.336  1514  1682 I HwPowerManagerService: appdie release wakelock, pid = 25071, uid = 10126
01-25 17:44:10.337  1514  1668 I SWAP_SCENE: Entering notifySceneData notifySceneData. EventType: PROCESS_DIED, App: com.huawei.camera, uid: 10126, pid: 25071
01-25 17:44:10.338  1514  5287 I SWAP_AppModel: SWAP-APP_DIED:pkg:com.huawei.camera uid:10126 liveApp:49
01-25 17:44:10.339  1514  5287 I SWAP_SCENE: This app was killed: com.huawei.camera
01-25 17:44:10.339  1514  2108 W AwareLog: SchedLevelBoost: onProcessDied config not set!
01-25 17:44:10.339  2581  2756 E HsmCoreServiceImpl: onTransact in code is: 102
01-25 17:44:10.340  2581  2756 I MediaProcessHandler: processOp opType: 1, uid: 10126, pid: 25071
01-25 17:44:10.340  2581  2756 W MediaProcessHandler: only the process it self can do this operation: 10126, 1000, 25071, 2695
01-25 17:44:10.340  2581  2756 I MediaProcessHandler: executedCallBack opType: 1 mMediaStatusObservers.size=2
01-25 17:44:10.349   792 10783 D AudioPolicyService: getUidState(10126) !cacheIter->second.first, return PROCESS_STATE_UNKNOWN
01-25 17:44:10.377 29898 29898 W CrashSDKBkgdHan: type=1400 audit(0.0:1725569): avc: denied { read } for pid=29898 name="loadavg" dev="proc" ino=4026532232 scontext=u:r:untrusted_app_27:s0:c512,c768 tcontext=u:object_r:proc_loadavg:s0 tclass=file permissive=0
01-25 17:44:10.556  2351  3231 I ndroid.systemu: Explicit concurrent copying GC freed 229205(9539KB) AllocSpace objects, 5(14MB) LOS objects, 44% free, 29MB/53MB, paused 223us total 471.312ms
01-25 17:44:10.559  2581  3026 I SpeedTestNotifier: is low speed scene
01-25 17:44:10.839   769   893 I AudioModuleManager: [AudioModuleGetParameters:71]: list size: 12
01-25 17:44:10.839   769   893 I audio_hw_usbaudio_hw: [get_typec_parameters:587]: check show hires (false)
01-25 17:44:10.841  1514  2184 I HwAudioServiceEx: HwAudioHandlerEx receive unknown msg
01-25 17:44:10.978  2351  3231 I ndroid.systemu: Explicit concurrent copying GC freed 15626(666KB) AllocSpace objects, 0(0B) LOS objects, 45% free, 28MB/52MB, paused 212us total 394.429ms
01-25 17:44:11.091  2578 29763 E nearby  : NearbyPowerKit:not Satify ApplyResource
01-25 17:44:11.127  1080  1107 I storaged: storaged_t::event: storage_info refreshed.
01-25 17:44:11.485 26587 27145 I HwVA Beta_BetaLogService: timerTask execute
01-25 17:44:11.486 25733 26721 I HwVA HeartBeatService: checkMainProcess
01-25 17:44:12.034   710 20695 I netd    : trafficSwapActiveStatsMap() <1.16ms>
01-25 17:44:12.362  1514  2158 I WificondControl: Noise: -87, Snr: 32, Chload: 260, rssi: -44, txBitrate: 156, rxBitrate: 192, frequency: 5745, UlDelay: 0, currentTxBytes: 44152502, currentTxPackets: 320035, currentTxFailed: 4, currentRxBytes: 1306778655, currentRxPackets: 532296
01-25 17:44:12.366  1514  2157 I WiFi_PRO: MSG_RETURN_AP_CURRY_RSSI rssi = -44
01-25 17:44:12.366  1514  2157 I QosMonitor: queryRtt: rttType = 3
01-25 17:44:12.366  1514  2301 I HwDualBandManager: handle2gApStrongWifiRssiChange
01-25 17:44:12.366  1514  2157 I HwWifiProServiceProxy: ctrlHwWifiNetwork pkgName: WIFIPRO_SERVICE interfaceId: 8
01-25 17:44:12.367  1514  2157 I QosMonitor: postEventFromNative: msg=100,arg1=4,arg2=10
01-25 17:44:12.367  1514  2299 I HuaweiWifiWatchdogStateMachine: high data flow: protection_counter = 0,  not_detect_counter = 4
01-25 17:44:12.367  1514  2299 I HuaweiWifiWatchdogStateMachine: high data flow scenario: 0 --> 0 rx bytes =0KB
01-25 17:44:12.367  1514  2299 I HuaweiWifiWatchdogStateMachine: POta txb txg rxg:0, 1, 0. Lr =0% Totpkt=1
01-25 17:44:12.368  1514  2157 I HwWifiProServiceProxy: ctrlHwWifiNetwork pkgName: WIFIPRO_SERVICE interfaceId: 8
01-25 17:44:12.368  1514  2157 I QosMonitor: postEventFromNative: msg=100,arg1=0,arg2=10
01-25 17:44:12.368  1514  2157 I MQoS    : rtt=464,tcpTxPkts=13267538,tcpRxPkts=29538504
01-25 17:44:12.369  1514 13553 D HwConnectivityServiceEx: set 1000 wlan0 value false
01-25 17:44:12.370  1514  2299 I HuaweiWifiWatchdogStateMachine: PTcp RTT:0, rtt pkt=0, tcp_rx=0, tcp_tx=0, tcp_reTran=0, rtRate=0
01-25 17:44:12.370  1514  2299 I HuaweiWifiWatchdogStateMachine: rssi bad, mrssi=-44 < TargetRssi=-46
01-25 17:44:12.370  1514  2299 I HuaweiWifiWatchdogStateMachine: start computeQosLevel tcpRtt = 0 ,rssi = -44 ,mBestSpeedInPeriod = 0
01-25 17:44:12.370  1514  2299 I HuaweiWifiWatchdogStateMachine: smoothConsecutiveQosResults, currentQosLevel = 3
01-25 17:44:12.372  1514 13553 E MQoS    : unkown RAT!
01-25 17:44:12.372  1514 13553 I MQoS    : QOS_level:5(5),wifi-link;use signalLvl:5;RAT:unknownRAT
01-25 17:44:12.396 31377 31934 I D_UPDATE_ENGINE: [AppLifeManager-4032]printAliveMap size: 1
01-25 17:44:12.396 31377 31934 I D_UPDATE_ENGINE: IUpgradeService9a2df9a-1(AppLifeManager:5)
01-25 17:44:12.421 18211 19306 I bt_stack: [INFO:btm_ble_bgconn.cc(649)] btm_ble_suspend_bg_conn
01-25 17:44:12.421 18211 19306 I bt_stack: [INFO:btm_ble_bgconn.cc(622)] btm_ble_stop_auto_conn
01-25 17:44:12.422 18211 19306 I bt_stack: [INFO:btm_ble_bgconn.cc(625)] btm_ble_stop_auto_conn conn_st=0, not in auto conn state, cannot stop
01-25 17:44:12.422 18211 19306 I bt_stack: [INFO:btm_ble_bgconn.cc(667)] btm_ble_resume_bg_conn
01-25 17:44:12.422 18211 19306 I bt_stack: [INFO:btm_ble_bgconn.cc(521)] btm_ble_start_auto_conn
01-25 17:44:12.422 18211 19306 I bt_stack: [INFO:btm_ble_bgconn.cc(543)] btm_ble_start_auto_conn no need to triger connection
01-25 17:44:12.703  1514  2511 D HwConnectivityServiceEx: set 10339 wlan0 value false
01-25 17:44:14.093  1514  1514 I NetLinkManager: getPriorityAppState, slaveIccid is null, start timer
01-25 17:44:14.597   710 20695 I netd    : trafficSwapActiveStatsMap() <1.27ms>
01-25 17:44:16.251  1514  2081 I HwBatteryService: power_ui state= 1 mQuickChargeStatus=1
01-25 17:44:16.251  1514  2081 I HwBatteryService: handleWirelessTxStatus
01-25 17:44:16.251  1514  2081 I HwBatteryService: switch not open, return, mWirelessTxFlag : 0
01-25 17:44:16.251  1514  2081 W HwBatteryService: need return. Invalid value: 0
01-25 17:44:16.251  1514  2081 D HwBatteryService: setHwChargeTimeRemaining, time = -1 String time: 0
01-25 17:44:16.252  1514  2081 I HwBatteryService: IS_WATCH : false
01-25 17:44:16.265   762   762 W health@2.0-serv: type=1400 audit(0.0:1725570): avc: denied { read } for pid=762 name="u:object_r:system_prop:s0" dev="tmpfs" ino=13909 scontext=u:r:hal_health_default:s0 tcontext=u:object_r:system_prop:s0 tclass=file permissive=0
01-25 17:44:16.270   762   762 E libc    : Access denied finding property "sys.check.usbupdate"
01-25 17:44:16.269   762   762 W health@2.0-serv: type=1400 audit(0.0:1725571): avc: denied { write } for pid=762 name="property_service" dev="tmpfs" ino=13959 scontext=u:r:hal_health_default:s0 tcontext=u:object_r:property_socket:s0 tclass=sock_file permissive=0
01-25 17:44:16.271   762   762 W libc    : Unable to set property "sys.check.usbupdate" to "start": connection failed; errno=13 (Permission denied)
01-25 17:44:16.366  1514  2158 I WificondControl: Noise: -87, Snr: 31, Chload: 182, rssi: -44, txBitrate: 156, rxBitrate: 192, frequency: 5745, UlDelay: 0, currentTxBytes: 44152596, currentTxPackets: 320036, currentTxFailed: 4, currentRxBytes: 1306778712, currentRxPackets: 532297
01-25 17:44:16.369  1514  2157 I WiFi_PRO: MSG_RETURN_AP_CURRY_RSSI rssi = -44
01-25 17:44:16.369  1514  2299 I HuaweiWifiWatchdogStateMachine: POta txb txg rxg:0, 2, 0. Lr =0% Totpkt=2
01-25 17:44:16.369  1514  2157 I QosMonitor: queryRtt: rttType = 3
01-25 17:44:16.369  1514  2301 I HwDualBandManager: handle2gApStrongWifiRssiChange
01-25 17:44:16.369  1514  2157 I HwWifiProServiceProxy: ctrlHwWifiNetwork pkgName: WIFIPRO_SERVICE interfaceId: 8
01-25 17:44:16.370  1514  2157 I QosMonitor: postEventFromNative: msg=100,arg1=4,arg2=10
01-25 17:44:16.370  1514  2157 I HwWifiProServiceProxy: ctrlHwWifiNetwork pkgName: WIFIPRO_SERVICE interfaceId: 8
01-25 17:44:16.371  1514  2157 I QosMonitor: postEventFromNative: msg=100,arg1=0,arg2=10
01-25 17:44:16.371  1514  2157 I MQoS    : rtt=464,tcpTxPkts=13267538,tcpRxPkts=29538504
01-25 17:44:16.371  1514 13553 D HwConnectivityServiceEx: set 1000 wlan0 value false
01-25 17:44:16.372  1514  2299 I HuaweiWifiWatchdogStateMachine: PTcp RTT:0, rtt pkt=0, tcp_rx=0, tcp_tx=0, tcp_reTran=0, rtRate=0
01-25 17:44:16.372  1514  2299 I HuaweiWifiWatchdogStateMachine: rssi bad, mrssi=-44 < TargetRssi=-46
01-25 17:44:16.372  1514  2299 I HuaweiWifiWatchdogStateMachine: start computeQosLevel tcpRtt = 0 ,rssi = -44 ,mBestSpeedInPeriod = 0
01-25 17:44:16.372  1514  2299 I HuaweiWifiWatchdogStateMachine: smoothConsecutiveQosResults, currentQosLevel = 3
01-25 17:44:16.375  1514 13553 E MQoS    : unkown RAT!
01-25 17:44:16.375  1514 13553 I MQoS    : QOS_level:5(5),wifi-link;use signalLvl:5;RAT:unknownRAT
01-25 17:44:17.395  2578  3206 D DeviceMonitorPowerKit: run, sCountNum is 1
01-25 17:44:17.395  2578  3206 D DeviceMonitorPowerKit: interval is 559984, ElapsedRealtime is 2606445006, isNeedRepeat: false
01-25 17:44:17.395  2578  3206 E DeviceMonitorPowerKit: not Satify ApplyResource
01-25 17:44:17.690 27643 27643 I HiAction_DecisionHelper: bindDecision
01-25 17:44:17.706 27643 27643 I DecisionHelper: service connected.
01-25 17:44:17.720  4749 21407 I HiDecision: DecisionImpl: DecisionImpl calling pkg com.huawei.hiaction.share_user:5514
01-25 17:44:17.721  4749 21407 I HiDecision: AdapterUtil: businessCalled
01-25 17:44:17.721  4749 21407 I HiDecision: RequestEvent: callback is null
01-25 17:44:17.721  4749 21407 I HiDecision: DfEventConsumer: Handle business event： com.huawei.decision.intent.action.ATrainingEvent
01-25 17:44:17.721  4749  6486 I HiDecision: ReportManager: ReporterRun
01-25 17:44:17.723  4749  6486 I HiDecision: ReportManager: ReportHandler
01-25 17:44:17.725  4749 21407 W HiDecision: SerializationUtil: input should not be empty in deserializeByJava
01-25 17:44:17.726  4749 21407 W HiDecision: SerializationUtil: input should not be empty in deserializeByJava
01-25 17:44:17.747  4749 21407 W HiDecision: s: requestTemplateId is empty
01-25 17:44:17.748 27643  4254 I HiAction_DecisionHelper: unbindDecision
01-25 17:44:17.749  4749  6773 I HiDecision: RuleEngineSession: All rules exist in memory for com.huawei.decision.intent.action.ATrainingEvent
01-25 17:44:17.750  4749  6773 W HiDecision: Training: power super mode is on, will not execute train task...
01-25 17:44:17.750  4749  6773 I HiDecision: RuleEngineSession: fire cost time = 1
01-25 17:44:17.773  4749  6446 W HiDecision: EstimatorService: The estimator{id=xiaoyiSuggestion} is not found.
01-25 17:44:17.784  4749  6446 W HiDecision: EstimatorService: The estimator{id=xiaoyiSuggestion} is not found.
01-25 17:44:17.785  4749  6446 W HiDecision: EstimatorService: The estimator{id=xiaoyiSortServices} is not found.
01-25 17:44:19.097  1514  1514 I NetLinkManager: getPriorityAppState, slaveIccid is null, start timer
01-25 17:44:19.637   710 20695 I netd    : trafficSwapActiveStatsMap() <1.34ms>
01-25 17:44:20.369  1514  2158 I WificondControl: Noise: -87, Snr: 31, Chload: 182, rssi: -44, txBitrate: 156, rxBitrate: 192, frequency: 5745, UlDelay: 0, currentTxBytes: 44152596, currentTxPackets: 320036, currentTxFailed: 4, currentRxBytes: 1306778712, currentRxPackets: 532297
01-25 17:44:20.373  1514  2157 I WiFi_PRO: MSG_RETURN_AP_CURRY_RSSI rssi = -44
01-25 17:44:20.374  1514  2299 I HuaweiWifiWatchdogStateMachine: POta txb txg rxg:0, 2, 0. Lr =0% Totpkt=2
01-25 17:44:20.374  1514  2157 I QosMonitor: queryRtt: rttType = 3
01-25 17:44:20.374  1514  2301 I HwDualBandManager: handle2gApStrongWifiRssiChange
01-25 17:44:20.374  1514  2157 I HwWifiProServiceProxy: ctrlHwWifiNetwork pkgName: WIFIPRO_SERVICE interfaceId: 8
01-25 17:44:20.375  1514  2157 I QosMonitor: postEventFromNative: msg=100,arg1=4,arg2=10
01-25 17:44:20.375  1514  2157 I HwWifiProServiceProxy: ctrlHwWifiNetwork pkgName: WIFIPRO_SERVICE interfaceId: 8
01-25 17:44:20.375  1514  2157 I QosMonitor: postEventFromNative: msg=100,arg1=0,arg2=10
01-25 17:44:20.375  1514  2157 I MQoS    : rtt=464,tcpTxPkts=13267538,tcpRxPkts=29538504
01-25 17:44:20.376  1514  2299 I HuaweiWifiWatchdogStateMachine: PTcp RTT:0, rtt pkt=0, tcp_rx=0, tcp_tx=0, tcp_reTran=0, rtRate=0
01-25 17:44:20.376  1514  2299 I HuaweiWifiWatchdogStateMachine: rssi bad, mrssi=-44 < TargetRssi=-46
01-25 17:44:20.376  1514  2299 I HuaweiWifiWatchdogStateMachine: start computeQosLevel tcpRtt = 0 ,rssi = -44 ,mBestSpeedInPeriod = 0
01-25 17:44:20.376  1514  2299 I HuaweiWifiWatchdogStateMachine: smoothConsecutiveQosResults, currentQosLevel = 3
01-25 17:44:20.380  1514 13553 E MQoS    : unkown RAT!
01-25 17:44:20.380  1514 13553 I MQoS    : QOS_level:5(5),wifi-link;use signalLvl:5;RAT:unknownRAT
01-25 17:44:20.376  1514 13553 D HwConnectivityServiceEx: set 1000 wlan0 value false
01-25 17:44:20.449  1514  2511 D HwConnectivityServiceEx: set 10185 wlan0 value false
01-25 17:44:20.587  2581  3026 I SpeedTestNotifier: is low speed scene
01-25 17:44:20.802  1514  2103 W AlarmManager: WAKEUP alarm trigger action = ALARM_ACTION(10000) package name is: com.tencent.mm tag: *walarm*:ALARM_ACTION(10000) window:0 originWhen:2607008397 when:2607008397 maxWhen:2607008397
01-25 17:44:20.809  2351  2351 E ndroid.systemu: No package ID ff found for ID 0xffffffff.
01-25 17:44:20.811  2351  2351 E ndroid.systemu: No package ID ff found for ID 0xffffffff.
01-25 17:44:20.809 28338 28955 I mars::stn: [longlink_connect_monitor.cc:474, OnHeartbeatAlarmReceived]:longlink_progress on_heartbeat_alarm, time: 2607008404, is_noop_timeout:false
01-25 17:44:20.814  2351  2351 E DateView: DateView,mCurrentTime: 1643103860814
01-25 17:44:20.817 10240 10240 I TotemWeather: WeatherDataObserver: receive:**.intent.action.TIME_TICK
01-25 17:44:20.817 10240 10240 I TotemWeather: WeatherDataObserver: screen is off, do not need update widget
01-25 17:44:20.822  1514  2103 I ActivityManager: sendIntentSender target:PendingIntentRecord{3523bc5 com.tencent.mm broadcastIntent}, intent:flg=0x4 hwFlg=0x810
01-25 17:44:20.828  1514  2103 E HwActivityTaskManagerServiceEx: isNeedInterceptStart isNeedInterceptAlarm getPackageUid exception
01-25 17:44:20.830  1514  2103 I ActivityManager: sendIntentSender target:PendingIntentRecord{31fbc39 com.huawei.spaceservice broadcastIntent}, intent:flg=0x4 hwFlg=0x810
01-25 17:44:20.830  1514  2103 E HwActivityTaskManagerServiceEx: isNeedInterceptStart isNeedInterceptAlarm getPackageUid exception
01-25 17:44:20.837  1514  2103 I ActivityManager: sendIntentSender target:PendingIntentRecord{32d11ad com.huawei.nearby broadcastIntent}, intent:flg=0x4 hwFlg=0x810
01-25 17:44:20.837  1514  2103 E HwActivityTaskManagerServiceEx: isNeedInterceptStart isNeedInterceptAlarm getPackageUid exception
01-25 17:44:20.838  1514  2103 W ActivityManager: Sending non-protected broadcast DeviceMonitorService.MonitorStrategy.NormalAlarm from system uid 1000 pkg com.huawei.nearby
01-25 17:44:20.843  2480  8054 D HwIPLManager: flushCellBatching
01-25 17:44:20.844  1514  2077 V BroadcastQueue: Finished with ordered broadcast BroadcastRecord{29922bf u0 com.huawei.spaceservice.OBTAIN_CELL_INFO}
01-25 17:44:20.845  2578  2578 I MonitorStrategy: alarm, action=DeviceMonitorService.MonitorStrategy.NormalAlarm
01-25 17:44:20.845  2578  3032 I MonitorStrategy: check changed status
01-25 17:44:20.846  2578  3032 D CommonUtils: Current screen state isOn: false
01-25 17:44:20.847  2578  3032 I ElectionHeartbeatInfo: reset current master weight=2066
01-25 17:44:20.847  2578  3032 I P2pInfo : getP2pMac: 42:**:**:**:6f:a8
01-25 17:44:20.847  2578  3032 I P2pInfo : getGoMac: unknow
01-25 17:44:20.847  2578  3032 I MonitorStrategy: local DeviceInfo=[udid=9E48********2467, type=PHONE, uuid=5F43********B2F3, brmac=B4:**:**:**:6F:BA, accountId=70086000149574584, selfWeight= 2066, group=[256, 512, 1, 257], online={}, softbusver=11.3.0.001, packagever=2.0.0.199, seqNum=-1, ip=30.211.104***, aport=332***, sport=454***, pport=329***, p2p_mac=42:**:**:**:6f:a8, go_mac=unknow, hashcode=45963232, heartbeat=2606847634422958]
01-25 17:44:20.847  2578  3032 I HwIdHandler: getCurUserId: false
01-25 17:44:20.847  2578  3032 I MonitorStrategy: device check lost at heartbeat, bleBackGround false or not screenOne or need more time
01-25 17:44:20.847  2578  3032 I RoleElectionEngine: hasn't relayed when increment, weightAuto: 2066, seqAuto: 42
01-25 17:44:20.848  2578  3032 I MonitorStrategy: start alarm isContinueClock=true, isHighPerformance=false, now=2607008442, startTime=2607308442
01-25 17:44:20.848  1514  2077 V BroadcastQueue: Finished with ordered broadcast BroadcastRecord{299238f u0 DeviceMonitorService.MonitorStrategy.NormalAlarm}
01-25 17:44:20.858  2578  3032 I MonitorStrategy: in switch strategy, seqAuto= 42, seqRelay=49
01-25 17:44:20.858  2578  3032 I MonitorStrategy: no auto heartbeat when screen off
01-25 17:44:20.873  1514  6450 W ProcBatteryStats: timer is running , not start, name: com.tencent.mm, uid: 10185, tag: PlatformComm
01-25 17:44:20.887 28338 30061 I mars::stn: [longlink_connect_monitor.cc:470, OnHeartbeatAlarmSet]:longlink_progress on_heartbeat_set, time: 2607008482, time interval:350000
01-25 17:44:20.878  1514  6450 I chatty  : uid=1000(system) Binder:1514_18 identical 1 line
01-25 17:44:20.882  1514  6450 W ProcBatteryStats: timer is running , not start, name: com.tencent.mm, uid: 10185, tag: PlatformComm
01-25 17:44:20.890  1514  1640 I AlarmManager: remove alarm:Alarm{39c1af3 type 2 when 2607358464 PendingIntent{3368ec5: PendingIntentRecord{364914d com.tencent.mm broadcastIntent}}com.tencent.mm procName com.tencent.mm:push} according to operation:3368fd1
01-25 17:44:20.890  1514  6450 V BroadcastQueue: Finished with ordered broadcast BroadcastRecord{29923dd u0 ALARM_ACTION(10000)}
01-25 17:44:20.893  1514  1640 D SmartHeartBeat: isPendingAlarm, false, pkg:com.huawei.deskclock, action:com.android.deskclock.ALARM_ALERT,not pending alarm with AlarmClockInfo
01-25 17:44:20.903 28338 30061 I mars::stn: [longlink_connect_monitor.cc:470, OnHeartbeatAlarmSet]:longlink_progress on_heartbeat_set, time: 2607008498, time interval:350000
01-25 17:44:20.910  1514  6450 I AlarmManager: remove alarm:Alarm{39c1b29 type 2 when 2607016418 PendingIntent{3368f1d: PendingIntentRecord{3876f1d com.tencent.mm broadcastIntent}}com.tencent.mm procName com.tencent.mm:push} according to operation:2bafe59
01-25 17:44:20.913  1514  6450 D SmartHeartBeat: isPendingAlarm, false, pkg:com.huawei.deskclock, action:com.android.deskclock.ALARM_ALERT,not pending alarm with AlarmClockInfo
01-25 17:44:20.915  1514  6450 I NetworkStats: openSessionForUsageStats, pid = 28335, pkg = com.tencent.mm
01-25 17:44:20.915  1514  6450 I NetworkStats: openSessionInternal, pid = 28335 pkg = com.tencent.mm
01-25 17:44:20.916  1514  6450 I NetworkStats: performPollLocked, pid = 1514
01-25 17:44:20.918   710 20695 I netd    : trafficSwapActiveStatsMap() <0.54ms>
01-25 17:44:20.941  4255  4255 D HiTraceC: entered HiTraceInit, Log Registered: 1
01-25 17:44:20.941  4255  4255 I         : iptables cmd:iptables-restore
01-25 17:44:20.958  4256  4256 D HiTraceC: entered HiTraceInit, Log Registered: 1
01-25 17:44:20.958  4256  4256 I         : iptables cmd:ip6tables-restore
01-25 17:44:20.959   710 20695 I netd    : tetherGetStats() <36.54ms>
01-25 17:44:20.984  1514  6450 I HwNetworkStatsServiceEx: hwRecordUidAndProcSnapshotLocked currentTime = 1643103860196
01-25 17:44:20.986  1514  6450 I HwNetworkManagementService: request swap success.
01-25 17:44:20.991  1514  6450 I HwNetworkStatsServiceEx: hwMaybeUidAndProcPersistLocked currentTime = 1643103860196
01-25 17:44:20.992  1514  6450 I NetworkStatsCollection: getSummary, uid = 1000stats size = 170
01-25 17:44:20.995  1514  6450 I NetworkStatsCollection: getSummary, uid = 1000stats size = 170
01-25 17:44:20.997  1514  6450 I NetworkStatsCollection: getSummary, uid = 1000stats size = 1906
01-25 17:44:21.007 21523 21523 I HAF_MemoryUtils: 1200101310|R|total-pss=34614, java-heap=3120, native-heap=1792, code=384, system=28250, threads=77, dex-mmap=(636, 364, 32, 44), ver=12.1.1.310
01-25 17:44:21.033  1514  6450 I NetworkStatsCollection: getSummary, uid = 1000stats size = 170
01-25 17:44:21.040  1514  6450 I NetworkStatsCollection: getSummary, uid = 1000stats size = 170
01-25 17:44:21.046  1514  6450 I NetworkStatsCollection: getSummary, uid = 1000stats size = 1906
01-25 17:44:21.104  1514  6450 I NetworkStats: getSummaryForAllUid, uid = 10185
01-25 17:44:21.492 26587 27145 I HwVA Beta_BetaLogService: timerTask execute
01-25 17:44:21.493 25733 26721 I HwVA HeartBeatService: checkMainProcess
01-25 17:44:22.063   710 20695 I netd    : trafficSwapActiveStatsMap() <0.36ms>
01-25 17:44:22.899  1514  6450 I NetworkStatsCollection: getSummary, uid = 10185stats size = 3837
01-25 17:44:22.929  1514  2511 I NetworkStats: openSessionForUsageStats, pid = 28335, pkg = com.tencent.mm
01-25 17:44:22.931  1514  2511 D HwConnectivityServiceEx: set 1000 wlan0 value false
01-25 17:44:22.931  1514  6450 I NetworkStats: getSummaryForAllUid, uid = 10185
01-25 17:44:22.931  1514  6450 I NetworkStatsCollection: getSummary, uid = 10185stats size = 3837
01-25 17:44:22.976  1514  2511 W ProcBatteryStats: timer is not running , not stop, name: com.tencent.mm, uid: 10185, tag: PlatformComm
01-25 17:44:23.205  2695  3523 I SmartChgBase/Arb_HidlParam: Apply.[moduleName:BASP, param:dc_vterm_dec, detailsWithValue:source=trigger;event=heartbeat;chargestatus=start;value=20;]
01-25 17:44:23.205  2695  3523 I SmartChgBase/Arb_HidlParam: CalcVtermRoundDec [ret:16, ndcVstep:16, target:20, step:20]
01-25 17:44:23.209   787   787 I power_hidl: ExeSetState type=vterm_dec, value=lvc 16
01-25 17:44:23.209   787   787 I power_hidl: start write compatible, scene: vterm_dec, value: lvc 16
01-25 17:44:23.210   787   787 I power_hidl: ExeSetState success, type=vterm_dec, index=45
01-25 17:44:23.211  2695  3523 I SmartChgBase/Arb_HidlParam: SetHidlValue Success:[module:BASP, scene:vterm_dec, value:lvc 16]
01-25 17:44:23.214   787   787 I power_hidl: ExeSetState type=vterm_dec, value=sc 16
01-25 17:44:23.214   787   787 I power_hidl: start write compatible, scene: vterm_dec, value: sc 16
01-25 17:44:23.214   787   787 I power_hidl: ExeSetState success, type=vterm_dec, index=45
01-25 17:44:23.215  2695  3523 I SmartChgBase/Arb_HidlParam: SetHidlValue Success:[module:BASP, scene:vterm_dec, value:sc 16]
01-25 17:44:23.217   787   787 I power_hidl: ExeSetState type=vterm_dec, value=wl_sc 16
01-25 17:44:23.217   787   787 I power_hidl: start write compatible, scene: vterm_dec, value: wl_sc 16
01-25 17:44:23.217   787   787 I power_hidl: ExeSetState success, type=vterm_dec, index=45
01-25 17:44:23.218  2695  3523 I SmartChgBase/Arb_HidlParam: SetHidlValue Success:[module:BASP, scene:vterm_dec, value:wl_sc 16]
01-25 17:44:23.218  2695  3523 I SmartChgBase/Arb_HidlParam: Apply.[moduleName:BASP, param:ichg_ratio, detailsWithValue:source=trigger;event=heartbeat;chargestatus=start;value=90;]
01-25 17:44:23.220   787   787 I power_hidl: ExeSetState type=ichg_ratio, value=all 90
01-25 17:44:23.220   787   787 I power_hidl: start write compatible, scene: ichg_ratio, value: all 90
01-25 17:44:23.221   787   787 I power_hidl: ExeSetState success, type=ichg_ratio, index=46
01-25 17:44:23.222  2695  3523 I SmartChgBase/Arb_HidlParam: SetHidlValue Success:[module:BASP, scene:ichg_ratio, value:all 90]
01-25 17:44:23.222  2695  3523 I SmartChgBase/Arb_HidlParam: Apply.[moduleName:BASP, param:nondc_vterm_dec, detailsWithValue:source=trigger;event=heartbeat;chargestatus=start;value=20;]
01-25 17:44:23.223  2695  3523 I SmartChgBase/Arb_HidlParam: CalcVtermRoundDec [ret:16, ndcVstep:16, target:20, step:20]
01-25 17:44:23.226   787   787 I power_hidl: ExeSetState type=vterm_dec, value=dcp 16
01-25 17:44:23.226   787   787 I power_hidl: start write compatible, scene: vterm_dec, value: dcp 16
01-25 17:44:23.226   787   787 I power_hidl: ExeSetState success, type=vterm_dec, index=45
01-25 17:44:23.227  2695  3523 I SmartChgBase/Arb_HidlParam: SetHidlValue Success:[module:BASP, scene:vterm_dec, value:dcp 16]
01-25 17:44:23.228   787   787 I power_hidl: ExeSetState type=vterm_dec, value=fcp 16
01-25 17:44:23.228   787   787 I power_hidl: start write compatible, scene: vterm_dec, value: fcp 16
01-25 17:44:23.229   787   787 E power_hidl: file /sys/devices/virtual/hw_power/interface/vterm_dec write failed
01-25 17:44:23.229   787   787 E power_hidl: write fcp 16 to /sys/class/hw_power/interface/vterm_dec fail
01-25 17:44:23.229   787   787 I power_hidl: ExeSetState success, type=vterm_dec, index=45
01-25 17:44:23.229  2695  3523 E SmartChgBase/Arb_HidlParam: SetHidlValue Fail: Hidl Set Fail [ret:1, module:BASP, scene:vterm_dec, value:fcp 16]
01-25 17:44:23.231   787   787 I power_hidl: ExeSetState type=vterm_dec, value=pd 16
01-25 17:44:23.231   787   787 I power_hidl: start write compatible, scene: vterm_dec, value: pd 16
01-25 17:44:23.231   787   787 I power_hidl: ExeSetState success, type=vterm_dec, index=45
01-25 17:44:23.231  2695  3523 I SmartChgBase/Arb_HidlParam: SetHidlValue Success:[module:BASP, scene:vterm_dec, value:pd 16]
01-25 17:44:23.232   787   787 I power_hidl: ExeSetState type=vterm_dec, value=wl 16
01-25 17:44:23.232   787   787 I power_hidl: start write compatible, scene: vterm_dec, value: wl 16
01-25 17:44:23.232   787   787 I power_hidl: ExeSetState success, type=vterm_dec, index=45
01-25 17:44:23.233  2695  3523 I SmartChgBase/Arb_HidlParam: SetHidlValue Success:[module:BASP, scene:vterm_dec, value:wl 16]
01-25 17:44:23.234   787   787 I power_hidl: ExeSetState type=basp_coul_vdec, value=16
01-25 17:44:23.234   787   787 I power_hidl: start hvdp mmi test, type=basp_coul_vdec, value=16
01-25 17:44:23.234   787   787 I power_hidl: ExeSetState success, type=basp_coul_vdec, index=52
01-25 17:44:23.234  2695  3523 I SmartChgBase/Arb_HidlParam: SetHidlValue Success:[module:BASP, scene:basp_coul_vdec, value:16]
01-25 17:44:23.235  2695  3523 I SmartChgBase/Arb_HidlParam: Apply Skipped: IsApplyExcept return true. [moduleName:ASW, param:soc_control, detailsWithValue:source=trigger;event=heartbeat;chargestatus=start;value=1 95 100 1 1;]
01-25 17:44:23.235  2695  3521 E SmartChgBase/File: file /data/user_de/0/com.huawei.systemmanager/files/smart_charge/base/mock/enable is invalid in IsFileExist
01-25 17:44:23.235  2695  3521 E SmartChgBase/File: file /data/user_de/0/com.huawei.systemmanager/files/smart_charge/base/mock/enable is invalid in IsFileExist
01-25 17:44:24.100  1514  1514 I NetLinkManager: getPriorityAppState, slaveIccid is null, start timer
01-25 17:44:24.368  1514  2158 I WificondControl: Noise: -85, Snr: 32, Chload: 260, rssi: -44, txBitrate: 156, rxBitrate: 192, frequency: 5745, UlDelay: 0, currentTxBytes: 44152843, currentTxPackets: 320039, currentTxFailed: 4, currentRxBytes: 1306778835, currentRxPackets: 532299
01-25 17:44:24.372  1514  2157 I WiFi_PRO: MSG_RETURN_AP_CURRY_RSSI rssi = -44
01-25 17:44:24.372  1514  2299 I HuaweiWifiWatchdogStateMachine: POta txb txg rxg:0, 5, 0. Lr =0% Totpkt=5
01-25 17:44:24.372  1514  2157 I QosMonitor: queryRtt: rttType = 3
01-25 17:44:24.372  1514  2157 I HwWifiProServiceProxy: ctrlHwWifiNetwork pkgName: WIFIPRO_SERVICE interfaceId: 8
01-25 17:44:24.372  1514  2301 I HwDualBandManager: handle2gApStrongWifiRssiChange
01-25 17:44:24.373  1514  2157 I QosMonitor: postEventFromNative: msg=100,arg1=4,arg2=10
01-25 17:44:24.374  1514  2157 I HwWifiProServiceProxy: ctrlHwWifiNetwork pkgName: WIFIPRO_SERVICE interfaceId: 8
01-25 17:44:24.374  1514  2157 I QosMonitor: postEventFromNative: msg=100,arg1=0,arg2=10
01-25 17:44:24.374  1514  2157 I MQoS    : rtt=128,tcpTxPkts=13267540,tcpRxPkts=29538505
01-25 17:44:24.374  1514  2157 I QosMonitor: resetRtt: rttType = 3
01-25 17:44:24.374  1514  2157 I HwWifiProServiceProxy: ctrlHwWifiNetwork pkgName: WIFIPRO_SERVICE interfaceId: 8
01-25 17:44:24.374  1514  2299 I HuaweiWifiWatchdogStateMachine: PTcp RTT:0, rtt pkt=0, tcp_rx=1, tcp_tx=2, tcp_reTran=0, rtRate=0
01-25 17:44:24.374  1514  2299 I HuaweiWifiWatchdogStateMachine: rssi bad, mrssi=-44 < TargetRssi=-46
01-25 17:44:24.375  1514  2299 I HuaweiWifiWatchdogStateMachine: start computeQosLevel tcpRtt = 0 ,rssi = -44 ,mBestSpeedInPeriod = 0
01-25 17:44:24.375  1514  2299 I HuaweiWifiWatchdogStateMachine: smoothConsecutiveQosResults, currentQosLevel = 3
01-25 17:44:24.378  1514 13553 E MQoS    : unkown RAT!
01-25 17:44:24.379  1514 13553 I MQoS    : QOS_level:5(5),wifi-link;use signalLvl:5;RAT:unknownRAT
01-25 17:44:24.676   710 20695 I netd    : trafficSwapActiveStatsMap() <1.01ms>
01-25 17:44:25.562 15654 15654 I HiBoard_12.0.2.301_HmsAccountLogic: run:hmsLoginTimer:1
01-25 17:44:25.563 15654 15654 I HiBoard_12.0.2.301_HmsAccountLogic: startAccountLooper:
01-25 17:44:25.565 15654 15654 I HiBoard_12.0.2.301_HmsAccountLogic: run:screen not Interactive, return.
01-25 17:44:25.765  6124  4261 I CAWARENESS_DeviceInfoUtil: isUsbConnected isConnected = true
01-25 17:44:25.766  6124  4261 I CAWARENESS_MemoryMonitor: release memory
01-25 17:44:25.788  6124  4261 I i.engineservic: Explicit concurrent copying GC freed 28177(2752KB) AllocSpace objects, 85(1700KB) LOS objects, 67% free, 2951KB/9095KB, paused 141us total 22.335ms
01-25 17:44:25.789  6124  4261 I CAWARENESS_MemoryMonitor: memory(kB) static totalPss=32585, dalvikPss=4920, nativePss=5374
01-25 17:44:26.187   783  2131 I motion@1.0-service: motion-hal Motion::readEvents motionType: 1
01-25 17:44:26.188   783  2131 D motion@1.0-service: motion-hal Motion::ReadMotionData motionResult->motion: 1
01-25 17:44:26.188   783  2131 D motion@1.0-service: motion-hal Motion::ReadMotionData motionsData = 0: 1
01-25 17:44:26.188   783  2131 D motion@1.0-service: motion-hal Motion::ReadMotionData motionsData = 1: 0
01-25 17:44:26.188   783  2133 I motion@1.0-service: pollMotionResult g_pollResultReturn = 2
01-25 17:44:26.188  1514  2132 D         : HWExtMotionService Motioncallback ret_cb:2 , motion_cb:1 , length_cb:2
01-25 17:44:26.189  1514  2132 D         : HWExtMotionService valueSize:2 
01-25 17:44:26.189  1514  2132 D         : HWExtDeviceService getActiveConnections 
01-25 17:44:26.189  1514  2132 D         : HWExtDeviceService connSize:1 
01-25 17:44:26.189  1514  2132 D         : ALOGD: HWExtDeviceManager::notifyDeviceData  type: 100 
01-25 17:44:26.189  1514  2132 D         : HWExtDeviceManager::notifyDeviceData handleEvent uniqueId : 10001
01-25 17:44:26.189  1514  1668 I HWExtDeviceManager: trigger onDeviceDataChanged : mListener : com.android.server.policy.PickUpWakeScreenManager$DeviceMotionListener@2db529f,type : 100
01-25 17:44:22.979  1514  2511 I chatty  : uid=1000(system) Binder:1514_8 identical 1 line
01-25 17:44:22.981  1514  2511 W ProcBatteryStats: timer is not running , not stop, name: com.tencent.mm, uid: 10185, tag: PlatformComm
01-25 17:44:26.189  1514  1668 I PickUpWakeScreenManager: onDeviceDataChanged
01-25 17:44:26.190  1514  1668 I PickUpWakeScreenManager: wakeUpWaitForProximity start
01-25 17:44:26.190  1514  1668 I HwPowerManagerService: UL_Power Waking up from sleep (uid 1000)...
01-25 17:44:26.190   783  2131 D motion@1.0-service: g_motionPollResultReady::unlock out
01-25 17:44:26.190   783  2131 I motion@1.0-service: ActMotionCb motionClientVector.size = 0
01-25 17:44:26.190   783  2131 I motion@1.0-service: ActMotionCb out
01-25 17:44:26.191  2351  2407 I KeyguardService: KGSvcCall doFaceRecognize reason:PICKUP:SC_OFF true
01-25 17:44:26.192  1514  1668 I HwPowerManagerService: Finger or PickUp wake up screen opPackageName: android
01-25 17:44:26.192  1514  1668 I HwPowerManagerService: setColorTemperatureAccordingToSetting new from displayengine.
01-25 17:44:26.194  2351  2928 D PerformanceTime: Time 1. start auth --- 985971688683404
01-25 17:44:26.194  1514  2511 I SensorService: createSensorEventConnection begin
01-25 17:44:26.194  2351  2928 D auth receiver: huawei.android.security.facerecognition.FaceRecognizeManagerImpl$1@8ebf753
01-25 17:44:26.194  1514  2511 I SensorService: SensorEventConnection begin
01-25 17:44:26.195  1514  2511 I SensorService: SensorEventConnection end
01-25 17:44:26.195  1514  2511 I SensorService: createSensorEventConnection end
01-25 17:44:26.195   785   831 I PF_FREQ_GRP: [RecordLimitCmd:72] [CPU_L] end limit freq 1920000 ~ 2045000
01-25 17:44:26.196  2351  2579 D SensorManager: 0x7b5268e650 addFd fd=244
01-25 17:44:26.196  1514  1668 I HwPowerManagerService: setColorTemperatureAccordingToSetting and setColorRGB sucessfully:red = 1.0, green = 1.0, blue = 1.0
01-25 17:44:26.196  1514  1640 I SensorService: enable begin
01-25 17:44:26.196  1514  1668 I PowerManagerService: need acquire DisplaySuspendBlocker
01-25 17:44:26.196  1514  1703 I DisplayPowerController: LightSensorEnable change false -> true
01-25 17:44:26.197  1514  1640 I SensorService: batch begin
01-25 17:44:26.197  1514  2333 I DE J DES: [effect] LightSensorEnable=true
01-25 17:44:26.197  1090  1134 E Sensors@1.2-impl: Sensors::batch: sensorHandle: 3, samplingPeriodNs: 200000000, maxReportLatencyNs: 0
01-25 17:44:26.197  1090  1134 I Sensors@1.2-impl: IsConfigParamNeedUpdate: service: 1514, sensor: 3, first set config, create it
01-25 17:44:26.197  1090  1134 I Sensors@1.2-impl: SetReportConfig: the sensor not find, create it
01-25 17:44:26.197  1090  1134 I Sensors@1.2-impl: GetSensorConfig: sensor: 3, Can't get param
01-25 17:44:26.197  1090  1134 I Sensors@1.2-impl: JudgeOptimizeConfig: sensor: 3, oldPeriod: 0, initPeroid: 0
01-25 17:44:26.197  1514  1703 I DisplayPowerController: ScreenState change 0 -> 1
01-25 17:44:26.197  1090  1134 I Sensors@1.2-impl: SetOptimizeConfig: sensor: 3 first setconfig, create it
01-25 17:44:26.197  1090  1134 I Sensors@1.2-impl: GetSampleFifoConfig: sensor: 3, period: 200000000, reportDelay: 0
01-25 17:44:26.197  1090  1134 I SensorHub: batch called handle:3 sampleNs:200000000 latencyNs:0
01-25 17:44:26.197  1090  1134 I SensorHub: in Batch, handle = 3, flags = 0, periodNs = 200000000, timeout = 0
01-25 17:44:26.197  1514  2331 I HwDualSensorEventListenerImpl: enable front sensor...
01-25 17:44:26.197  1514  2332 I HwDualSensorEventListenerImpl: enable back sensor...
01-25 17:44:26.198  1514  2334 I DE J HwBrightnessSceneRecognition: [effect] notifyScreenStatus = true
01-25 17:44:26.198  1514  2335 I HwMSDPMovementManager: enableMovementEvent type =0
01-25 17:44:26.198  1514  1703 W HwAodManagerService: setPowerState new mPowerState = 101, powerState = 0 , mFingerStatus = 0, mState = 4, mAodState = -1
01-25 17:44:26.198  1514  1703 I DisplayPowerController: mPowerState.mScreenChangedReason: 65638 mPendingRequestLocked.mScreenChangeReason 65638
01-25 17:44:26.198   773   773 E DE H =DE: setAmoled:111: can not support this mode: MODE_SCREEN_ON!
01-25 17:44:26.198  2642  4866 E FaceR_TrustedThingsEnhance:  - getSwitchState false
01-25 17:44:26.199  2642  4866 E FaceR_TrustedThingsEnhance:  - getSwitchState false
01-25 17:44:26.199  1061  1210 I vendor.huawei.hardware.biometrics.hwfacerecognize@2.0-service: Enter sendCommand()
01-25 17:44:26.199  1061  1210 I HalFaceRecognize: enter send command
01-25 17:44:26.199  1061  1210 I HalFaceRecognizeManager: fr_sa SetSaStatus: 2
01-25 17:44:26.199  1061  1210 I hal_facerecognize_device: Begin power on sa
01-25 17:44:26.199  1061  1210 I FaceRecognizeCa: Entering FrSendCmd.
01-25 17:44:26.199  1514  1703 I WindowManager: UL_Power Screen turning on...
01-25 17:44:26.199  1514  1703 I WindowManager: UL_Power screen Turning On begin...
01-25 17:44:26.199  1514  1703 I KeyguardServiceDelegate: UL_Power onScreenTurningOn(showListener = com.android.server.policy.PhoneWindowManager$2@2f2a556)
01-25 17:44:26.200  1514  1703 I EasyWakeUpManager: turnOffSensorListener, already unregisterListener 
01-25 17:44:26.200  1061  1210 I hal_facerecognize_device: End power on sa
01-25 17:44:26.200  1514  1703 I HwProximitySensorDetector: HwBrightnessProximity updateWakeupFromSleep,isWakeupFromSleep=true
01-25 17:44:26.200  2351  2407 I KeyguardService: KGSvcCall onScreenTurningOn.
01-25 17:44:26.200  1514  1703 I HwBrightnessSceneController: updateLightSensorEnabled LightSensorEnabled=true
01-25 17:44:26.200  1514  1703 I DisplayPowerController: Animating brightness: target=0, rate=0,brightnessTargetReal=0,AutoBrightness=true
01-25 17:44:26.201  1514  1703 V DisplayPowerController: Brightness [0] reason changing to: '0', previous reason: 'screen_off'.
01-25 17:44:26.201  1514  1640 I SensorService: batch end
01-25 17:44:26.201  1514  1640 I SensorService: enableSensor handle:3, packageName:com.huawei.keyguard.faceunlock.AbstractFaceDetector$ProximityChecker, opPackageName:com.android.systemui , rate=200000000
01-25 17:44:26.201  1514  1640 I SensorService: enable activate begin
01-25 17:44:26.201  1090  1134 I Sensors@1.2-impl: activate-3 enabled-1 fwkOals-1 camOals-0 fwkOcolor-0 camOcolor-0 fwkOtof-0 camOtof-0
01-25 17:44:26.201  1090  1134 I Sensors@1.2-impl: GetTotalOpenCnt: The sensor haven't open
01-25 17:44:26.201  1090  1134 I Sensors@1.2-impl: IsOpenNeedUpdate: service: 1514, sensor: 3, open: 1, openCnt: 0
01-25 17:44:26.201  1090  1134 I SensorHub: Activate, handle: 3, enabled:1, err: 0
01-25 17:44:26.205  1514  1514 W PhotonicModulat: type=1400 audit(0.0:1725572): avc: denied { getattr } for pid=1514 path="/sys/devices/virtual/graphics/fb0/lcd_model" dev="sysfs" ino=59010 scontext=u:r:system_server:s0 tcontext=u:object_r:sysfs_graphics_fb0_lcd_model:s0 tclass=file permissive=0
01-25 17:44:26.201  1514  1640 I SensorService: enable activate end
01-25 17:44:26.209  1514  1514 W PhotonicModulat: type=1400 audit(0.0:1725573): avc: denied { getattr } for pid=1514 path="/sys/devices/virtual/graphics/fb0/lcd_model" dev="sysfs" ino=59010 scontext=u:r:system_server:s0 tcontext=u:object_r:sysfs_graphics_fb0_lcd_model:s0 tclass=file permissive=0
01-25 17:44:26.201  1514  1640 I SensorService: enable end
01-25 17:44:26.209    54    54 W migration/7: type=1400 audit(0.0:1725574): avc: granted { setsched } for pid=54 scontext=u:r:kernel:s0 tcontext=u:r:kernel:s0 tclass=process
01-25 17:44:26.202  1514  3525 I SensorService: createSensorEventConnection begin
01-25 17:44:26.202  1514  3525 I SensorService: SensorEventConnection begin
01-25 17:44:26.202  1514  3525 I SensorService: SensorEventConnection end
01-25 17:44:26.202  1514  3525 I SensorService: createSensorEventConnection end
01-25 17:44:26.202  1514  2077 I WindowManager: UL_Power mKeyguardDelegate.ShowListener.onDrawn.
01-25 17:44:26.202  2351  2579 D SensorManager: 0x7ad7583190 addFd fd=245
01-25 17:44:26.202  1514  2077 I SensorService: enable begin
01-25 17:44:26.202  1514  2077 I SensorService: Proximity sensor name : proximity-tcs3718
01-25 17:44:26.202  2637  3549 I SensorState: sensor:3 name:light enable:true uid:10052
01-25 17:44:26.202  2637  3549 I PGServer: report state:4 event type:1 pid:3 uid:10052 pkg:null to pid: 1514
01-25 17:44:26.202   756   756 I AR_impl : enableActivityEvent activity[2], event[1] reportLatency[1000000000]ns
01-25 17:44:26.202   756   756 I ArHal   : (ArEnableActivityEvent:1553):activity[2] event[1] latency[1000000000 ns]
01-25 17:44:26.203   756   756 I ArHal   : (ArDataUpdateActivityEvent:522):update [14] events
01-25 17:44:26.202  2637  3549 I SensorState: addSensor,mHandles:{3=1}
01-25 17:44:26.203  1514  2324 I PowerManagerService-JNI: fingersense switch state:1
01-25 17:44:26.205  2637  3549 I SensorState: sensor:4 name:proximity enable:true uid:10052
01-25 17:44:26.205  2637  3549 I PGServer: report state:4 event type:1 pid:4 uid:10052 pkg:null to pid: 1514
01-25 17:44:26.205  2637  3549 I SensorState: addSensor,mHandles:{3=1, 4=1}
01-25 17:44:26.205   773   773 E hisi_effect: getSupported:278: Unsupported display effect feature!!
01-25 17:44:26.205  1514  2324 I fingersense_manager: Calling fingersense_on_resume()
01-25 17:44:26.205  1514  2324 I osfingersense: fingersense_on_resume: entrance,v2.6.2
01-25 17:44:26.206  1514  1668 I SensorService: createSensorEventConnection begin
01-25 17:44:26.206  1061  1210 I vendor.huawei.hardware.biometrics.hwfacerecognize@2.0-service: setSecureFaceMode enter mode = 0x10000003
01-25 17:44:26.206  1061  1210 I HalFaceRecognize: enter send command
01-25 17:44:26.206  1061  1210 I HalFaceRecognizeManager: SendCommand
01-25 17:44:26.206  1061  1210 I hal_facerecognize_device: SendCommand begin! cmd:205.
01-25 17:44:26.206  1061  1210 I hal_cameradevicemanager_base: SetCoAuthFlag set flag 0
01-25 17:44:26.206  1061  1210 I HalFaceRecognize: enter send command
01-25 17:44:26.206  1061  1210 I HalFaceRecognizeManager: SendCommand
01-25 17:44:26.206  1061  1210 I hal_facerecognize_device: SendCommand begin! cmd:107.
01-25 17:44:26.206  1061  1210 I hal_facerecognize_device: Receive tof type 1
01-25 17:44:26.207   756   756 I ArHal   : (ArDataEnableActivityEvent:727):successfully
01-25 17:44:26.207   756   756 I ArHal   : (ArDataGetState:1471):id[2]
01-25 17:44:26.207   756   803 I ArHal   : (ArDataNetlinkCb:942):cmd[2].length[336]
01-25 17:44:26.207   756   804 I AR_impl : ActChangedCb start count[14]
01-25 17:44:26.207  1514  2324 I osfingersense: init_fingersense: entrance
01-25 17:44:26.208   756   756 W ArHal   : (ArDataGetActivityIndex:248):invalid activity[31]
01-25 17:44:26.208   756   756 W ArHal   : (ArDataGetState:1502):unknown activity[31], discard
01-25 17:44:26.208   756   756 I AR_impl : enableActivityEvent end, pid[2480]
01-25 17:44:26.208  1082 21810 I SecCameraManager: dispatch: set secure mode = 1, scenario = 2.
01-25 17:44:26.208  1082 21810 I SecCameraManager: setSecMode(): sec mode set 0 to 2, sec scenario set 0 to 2
01-25 17:44:26.208  2642  4866 D FaceHidlAdapter: daemon setSecureFaceMode result val = 0
01-25 17:44:26.209  1514  2324 I osfingersense: init_fingersense: original model atomic name P17392100_1001_NOAH_100
01-25 17:44:26.209  1514  2324 I osfingersense: init_fingersense: model path /hw_product/etc/osFingerSense/P17392100_1001_NOAH_100_05.bin
01-25 17:44:26.209  1514  2324 I osfingersense: Matched bin matchVersion 1.0
01-25 17:44:26.209  1514  2324 I osfingersense: Reading Section A
01-25 17:44:26.209  1514  2324 I osfingersense: Parameters base cap: 20.000000
01-25 17:44:26.209  1514  2324 I osfingersense: Parameters time interval: 400 500 600
01-25 17:44:26.209  1514  2324 I osfingersense: Parameters acc size: 50 30
01-25 17:44:26.209  1514  2324 I osfingersense: Parameters touch pressure: 600.000000
01-25 17:44:26.209  1514  2324 I osfingersense: Parameters touch limit: 43965.000000
01-25 17:44:26.209  1514  2324 I osfingersense: Parameters high pass: 0.050000 0.020000 0.010000
01-25 17:44:26.209  1514  2324 I osfingersense: Parameters screen: 1900 1200
01-25 17:44:26.209  1514  2324 I osfingersense: Parameters inference: 0.700000 0.600000 8.000000
01-25 17:44:26.209  1514  2324 I osfingersense: Parameters TK model: 64 32 16
01-25 17:44:26.209  1514  2324 I osfingersense: Parameters tp model: 256 128 64
01-25 17:44:26.209  1514  2324 I osfingersense: Enable acc model: 1
01-25 17:44:26.209  1514  2324 I osfingersense: Enable tip pass: 1
01-25 17:44:26.209  1514  2324 I osfingersense: Touch Notify Mode: Active
01-25 17:44:26.209  1514  2324 I osfingersense: Parameters acc model: 32 32 16
01-25 17:44:26.209  1514  2324 I osfingersense: Enable H and Fft: 0 1
01-25 17:44:26.209  1514  2324 I osfingersense: Enable and M--U : 1 200.000000
01-25 17:44:26.209  1514  2324 I osfingersense: Enable and AMP: 0 600.000000
01-25 17:44:26.209  1514  2324 I osfingersense: Enable and grad: 1 300.000000
01-25 17:44:26.209  1514  2324 I osfingersense: Enable and amplitude norm: 1 0.200000
01-25 17:44:26.209  1514  2324 I osfingersense: Enable and square norm: 1 0.030000
01-25 17:44:26.209  1514  2324 I osfingersense: Enable and zero cross: 0 15
01-25 17:44:26.209  1514  2324 I osfingersense: Fft features: 1400.000000 1000.000000 900.000000 500.000000
01-25 17:44:26.209  1514  2324 I osfingersense: Valid Y coordinate: 0.667000
01-25 17:44:26.209  1514  2324 I osfingersense: Reading Section B
01-25 17:44:26.209  1514  2324 I osfingersense: Reading Section C
01-25 17:44:26.209   756   756 I ArHal   : (ArDataGetState:1471):id[2]
01-25 17:44:26.209  1514  2324 I osfingersense: Reading Section D
01-25 17:44:26.209  1514  2324 I osfingersense: Parameter working flag: 2020
01-25 17:44:26.209  1514  2324 I osfingersense: versionOfBin: 5.0
01-25 17:44:26.209  1514  2324 I osfingersense: init_fingersense: reading ok
01-25 17:44:26.209  1514  2324 I fingersense_manager: fingersense_on_resume() finished
01-25 17:44:26.209  1514  2324 I PowerManagerService-JNI: turning FingerSense on
01-25 17:44:26.210   756   756 W ArHal   : (ArDataGetActivityIndex:248):invalid activity[31]
01-25 17:44:26.210   756   756 W ArHal   : (ArDataGetState:1502):unknown activity[31], discard
01-25 17:44:26.210  1514  1670 D DisplayCutout: pathAndDisplayCutoutFromSpec sCachedDensity=3.5,sCachedDisplayWidth=1344,sCachedDisplayHeight=2772,density=3.5 displayWidth 1344 displayHeight 2772
01-25 17:44:26.210  1514  1670 V LocalDisplayAdapter: getDisplayDeviceInfoLocked called,1344x2772, 1344x2772displayCutout DisplayCutout{insets=Rect(0, 126 - 0, 0) waterfall=Insets{left=0, top=0, right=0, bottom=0} boundingRect={Bounds=[Rect(0, 0 - 0, 0), Rect(0, 0 - 432, 126), Rect(0, 0 - 0, 0), Rect(0, 0 - 0, 0)]}}
01-25 17:44:26.210  1514  1670 I DisplayManagerService: Display device changed state: "内置屏幕", ON
01-25 17:44:26.210   799   799 I SurfaceFlinger: SetPowerMode_2 2022-1-25 17:44:26 on display 0.
01-25 17:44:26.210   799   799 I RoundCornerDisplay: [RcdSetPowerMode]RcdSetPowerMode mode = 2
01-25 17:44:26.211  1514  2216 I HwMediaSessionServiceEx: MediaDisplayEventReceiver onDisplayChanged: 0
01-25 17:44:26.211   761  3862 D hwcomposer: [Disp0]: mode = 2
01-25 17:44:26.211   761  3862 I hwcomposer: SetPrimaryPanelDfrInfo:3331: SetPrimaryPanelFps 60Hz
01-25 17:44:26.211   761  3862 I hwcomposer: UpdateFps:586: UpdateFps=60, mPorchRatio=10!
01-25 17:44:26.211  1063 31128 D AGPService: itouch ITouchService::SetSurfaceFlingerInfo::surfaceflingerInfo.screenOnOff = 2
01-25 17:44:26.211  1514  1514 I HwMultiDisplayManager: onDisplayChanged: 0
01-25 17:44:26.211  1514  2335 I HwMSDPMovementManager: enableMovementEvent type =0
01-25 17:44:26.214  2642  4866 I CameraManager: open camera: 1, package name: com.huawei.securityserver
01-25 17:44:26.216  1066  2340 I CameraService: CameraService::connectDevice E (pid 2642 "com.huawei.securityserver", id 1)
01-25 17:44:26.216  1066  2340 I CameraService: CameraService::connect call (PID -1 "com.huawei.securityserver", camera ID 1) for HAL version default and Camera API version 2
01-25 17:44:26.216  1514  2540 I NetworkTimeUpdateService: Display displayState:2
01-25 17:44:26.216  1066  2340 I CameraService: validateClientPermissionsLocked(), client user id: 5520
01-25 17:44:26.217   756   804 I AR_impl : able to onActivityChangedV1_1
01-25 17:44:26.217   756   804 I AR_impl : ActChangedCb end, pid[756]
01-25 17:44:26.218   756   756 I AR_impl : enableActivityEvent activity[2], event[2] reportLatency[1000000000]ns
01-25 17:44:26.218   756   756 I ArHal   : (ArEnableActivityEvent:1553):activity[2] event[2] latency[1000000000 ns]
01-25 17:44:26.218   756   756 I ArHal   : (ArDataUpdateActivityEvent:522):update [14] events
01-25 17:44:26.218  1066  2340 I HwCameraServiceEx: updateEvictedList(), incompatiable size: 0, evicted size: 0.
01-25 17:44:26.218  1066  2340 V Camera3-Device: Camera3Device: Created device for camera 1
01-25 17:44:26.218  1066  2340 I Camera2ClientBase: Camera 1: Opened. Client: com.huawei.securityserver (PID 2642, UID 5520)
01-25 17:44:26.218  1066  2340 I HwPerformEx: HwPerformEx(0xf2424660), camera 1.
01-25 17:44:26.218  1066  2340 I HwFoldDisplayModeEx: HwFoldDisplayModeEx(0xf5818340).
01-25 17:44:26.218  1066  2340 I CameraDeviceClient: CameraDeviceClient 1: Opened
