01-25 17:44:26.218  1066  2340 I CameraService: connectHelper(), make client for 'com.huawei.securityserver'.
01-25 17:44:26.218   756   756 I ArHal   : (ArDataEnableActivityEvent:727):successfully
01-25 17:44:26.218   756   756 I ArHal   : (ArDataGetState:1471):id[2]
01-25 17:44:26.218   756   803 I ArHal   : (ArDataNetlinkCb:942):cmd[2].length[336]
01-25 17:44:26.218   756   756 W ArHal   : (ArDataGetActivityIndex:248):invalid activity[31]
01-25 17:44:26.218   756   756 W ArHal   : (ArDataGetState:1502):unknown activity[31], discard
01-25 17:44:26.218   756   756 I AR_impl : enableActivityEvent end, pid[2480]
01-25 17:44:26.219   756   804 I AR_impl : ActChangedCb start count[14]
01-25 17:44:26.219   756   756 I ArHal   : (ArDataGetState:1471):id[2]
01-25 17:44:26.219   756   756 W ArHal   : (ArDataGetActivityIndex:248):invalid activity[31]
01-25 17:44:26.219   756   756 W ArHal   : (ArDataGetState:1502):unknown activity[31], discard
01-25 17:44:26.219  1514  2335 I DE J HwBrightnessSceneRecognition: [effect] enableAr, ret = true
01-25 17:44:26.219  1514  2335 I HwMSDPMovementManager: enableMovementEvent type =0
01-25 17:44:26.220  1514  1640 I DE J HwBrightnessSceneRecognition: [effect] updateArStatus, activityType:android.activity_recognition.walking update status: 2
01-25 17:44:26.220  1514  1640 I DE J HwBrightnessSceneRecognition: [effect] setTopApkLevelToBlControllerIfNeeded, topApkState = 18
01-25 17:44:26.220   756   804 I AR_impl : able to onActivityChangedV1_1
01-25 17:44:26.220   756   804 I AR_impl : ActChangedCb end, pid[756]
01-25 17:44:26.220  1066  2340 V Camera3-Device: initialize: Initializing HIDL device for camera 1
01-25 17:44:26.220  1514  3525 I HwCameraLightStrapCaseImpl: No client is not allowed to use lightstrapcase:com.huawei.securityserver
01-25 17:44:26.221  1514  3525 I HwCameraLightStrapCaseImpl: Start notify service:null, null
01-25 17:44:26.221  2581  3026 I OllieMsgCenter: publishEvt=2130903200
01-25 17:44:26.221  1514  3525 I HwCameraLightStrapCaseImpl: Service name is not set, no need to start service
01-25 17:44:26.221  1514  3525 D HwCameraServiceProxy: It is not the fold camera device.
01-25 17:44:26.221  1514  3525 I HwCameraServiceProxy: notifyCameraStateChangeForMediaAssistant cameraId 1, newCameraState 0, facing 1
01-25 17:44:26.221   756   756 I AR_impl : enableActivityEvent activity[0], event[1] reportLatency[1000000000]ns
01-25 17:44:26.221   756   756 I ArHal   : (ArEnableActivityEvent:1553):activity[0] event[1] latency[1000000000 ns]
01-25 17:44:26.221   756   756 I ArHal   : (ArDataUpdateActivityEvent:522):update [14] events
01-25 17:44:26.221   756   756 I ArHal   : (ArDataEnableActivityEvent:727):successfully
01-25 17:44:26.221   756   756 I ArHal   : (ArDataGetState:1471):id[2]
01-25 17:44:26.221  1514  2277 I hwPS_BaseFilter: 5520com.huawei.securityserver has no launcher icon, can not monitor
01-25 17:44:26.221   756   803 I ArHal   : (ArDataNetlinkCb:942):cmd[2].length[336]
01-25 17:44:26.221   756   756 W ArHal   : (ArDataGetActivityIndex:248):invalid activity[31]
01-25 17:44:26.221   756   756 W ArHal   : (ArDataGetState:1502):unknown activity[31], discard
01-25 17:44:26.221   756   756 I AR_impl : enableActivityEvent end, pid[2480]
01-25 17:44:26.221   756   804 I AR_impl : ActChangedCb start count[14]
01-25 17:44:26.222   756   756 I ArHal   : (ArDataGetState:1471):id[2]
01-25 17:44:26.222   756   756 W ArHal   : (ArDataGetActivityIndex:248):invalid activity[31]
01-25 17:44:26.222   756   756 W ArHal   : (ArDataGetState:1502):unknown activity[31], discard
01-25 17:44:26.223  2581  2756 I HwMediaAssistantService: notifyCameraStateChange
01-25 17:44:26.223  2581  2756 I HwMediaAssistantService: sendCameraChangeBroadcast to com.huawei.harmonyos.foundation cameraId(1), facing(1), newCameraState(0), clientName(com.huawei.securityserver)
01-25 17:44:26.223  1514  2335 I HwMSDPMovementManager: enableMovementEvent type =0
01-25 17:44:26.223   756   804 I AR_impl : able to onActivityChangedV1_1
01-25 17:44:26.223   756   804 I AR_impl : ActChangedCb end, pid[756]
01-25 17:44:26.223  1082 21808 I ServerTranslator: open: enter
01-25 17:44:26.223  1082 21808 I CfgServer: open: open device (/dev/video29)
01-25 17:44:26.223   756   756 I AR_impl : enableActivityEvent activity[0], event[2] reportLatency[1000000000]ns
01-25 17:44:26.223   756   756 I ArHal   : (ArEnableActivityEvent:1553):activity[0] event[2] latency[1000000000 ns]
01-25 17:44:26.223   756   756 I ArHal   : (ArDataUpdateActivityEvent:522):update [14] events
01-25 17:44:26.224   756   756 I ArHal   : (ArDataEnableActivityEvent:727):successfully
01-25 17:44:26.224   756   756 I ArHal   : (ArDataGetState:1471):id[2]
01-25 17:44:26.224  1082 21808 D PreLaunchCheckPoint: CancelPrelaunchCheckPoint(80): enter. instance[0x74fa1132f0].
01-25 17:44:26.224  1082 21808 I ImagingPipeline: attach. mCamPos=11 CAMERA_PS_OPENED_PREPARE
01-25 17:44:26.224  1082 21808 D HwaPerfRecorderImpl: [HWA_CAM3]enter perfInitialize(), id(1):fore camera
01-25 17:44:26.224  1082 21808 I CPipelineTranslator: CPipelineTranslator: ctor instance[0x7592a51a38]. 
01-25 17:44:26.224   756   756 W ArHal   : (ArDataGetActivityIndex:248):invalid activity[31]
01-25 17:44:26.224   756   756 W ArHal   : (ArDataGetState:1502):unknown activity[31], discard
01-25 17:44:26.224   756   756 I AR_impl : enableActivityEvent end, pid[2480]
01-25 17:44:26.224   756   803 I ArHal   : (ArDataNetlinkCb:942):cmd[2].length[336]
01-25 17:44:26.224   756   804 I AR_impl : ActChangedCb start count[14]
01-25 17:44:26.224  2581  2756 W ContextImpl: Calling a method in the system process without a qualified user: android.app.ContextImpl.sendBroadcast:1183 android.content.ContextWrapper.sendBroadcast:453 com.huawei.systemserver.mediaassist.HwMediaAssistantService.sendCameraChangeBroadcast:518 com.huawei.systemserver.mediaassist.HwMediaAssistantService.notifyCameraStateChange:246 com.huawei.systemserver.mediaassist.IMediaAssist$Stub.onTransact:67 
01-25 17:44:26.225  1082  1894 I StreamManager: UpdateClockMode: clockMode = 4
01-25 17:44:26.225  2581  2756 E HwMediaAssistantService: ignore camera state 0
01-25 17:44:26.225  1514  3525 I HwCameraServiceProxy: notifyCameraStateChangeForRotate begin cameraId 1, newCameraState 0, facing 1
01-25 17:44:26.225  1514  3525 I HwCameraServiceProxy: notifyCameraStateChangeForRotate end
01-25 17:44:26.225  1514  3525 I HwCameraServiceProxy: notifyCameraStateChangeForVibrator begin cameraId 1, newCameraState 0, facing 1
01-25 17:44:26.225  1514  3525 I HwCameraServiceProxy: notifyCameraStateChangeForVibrator end
01-25 17:44:26.225  1514  3525 I HwCameraServiceProxy: notifyCameraStateChangeForSurfaceFlinger 8011 transact success!
01-25 17:44:26.225  1514  3525 I HwCameraServiceProxy: notifyCameraStateChangeForSarService begin cameraId 1, newCameraState 0, clientName com.huawei.securityserver
01-25 17:44:26.225   799  1671 I RoundCornerDisplay: [OnTopSurfaceChanged]m_topSurfaceStatus change from 0 to 1
01-25 17:44:26.225  1514  3525 I HwCameraServiceProxy: Start notify service:com.huawei.camera, com.huawei.camera.controller.hm.HmCameraControllerService
01-25 17:44:26.226  1514  3525 W ContextImpl: Calling a method in the system process without a qualified user: android.app.ContextImpl.startService:3257500 com.huawei.server.camera.HwCameraServiceProxy.notifyCameraStateChangeForController:56508 com.huawei.server.camera.HwCameraServiceProxy.notifyCameraStateChange:69904 com.android.server.camera.CameraServiceProxy$2.notifyCameraState:17085276 android.hardware.ICameraServiceProxy$Stub.onTransact:36822496 
01-25 17:44:26.226  1082 21808 I VirCam_StreamChange: OnSessionChangedEvent: receive camera session changed event = 0
01-25 17:44:26.227  1066  2340 V Camera3-Device: Session interface chain:
01-25 17:44:26.227  1066  2340 V Camera3-Device:   android.hardware.camera.device@3.5::ICameraDeviceSession
01-25 17:44:26.227  1066  2340 V Camera3-Device:   android.hardware.camera.device@3.4::ICameraDeviceSession
01-25 17:44:26.227  1066  2340 V Camera3-Device:   android.hardware.camera.device@3.3::ICameraDeviceSession
01-25 17:44:26.227  1066  2340 V Camera3-Device:   android.hardware.camera.device@3.2::ICameraDeviceSession
01-25 17:44:26.227  1066  2340 V Camera3-Device:   android.hidl.base@1.0::IBase
01-25 17:44:26.227  1082  1894 I States  : Attach. camPos=11 CAMERA_PS_OPENED
01-25 17:44:26.227  1082  1894 I NoahPipeline: PowerUp(447): pipelineId 29, mCamPos:11
01-25 17:44:26.227  1514  2077 I SensorService: batch begin
01-25 17:44:26.227  1082  1894 I NoahPipeline: #Camera# [17562890865] > NoahPipeline_PowerUp
01-25 17:44:26.227  1082  1894 I MiniispManager: powerUp enter
01-25 17:44:26.227  1082  1894 I MiniispManager: powerUp tof is supported or swing conflict scene
01-25 17:44:26.227  1082  1894 I MINIISPMsgController: send: instance[0x7593c32fc0] message_id:0x1001e080, api_name:5
01-25 17:44:26.227  1090  1090 E Sensors@1.2-impl: Sensors::batch: sensorHandle: 4, samplingPeriodNs: 200000000, maxReportLatencyNs: 0
01-25 17:44:26.227  1090  1090 I Sensors@1.2-impl: IsConfigParamNeedUpdate: service: 1514, sensor: 4, first set config, create it
01-25 17:44:26.227  1090  1090 I Sensors@1.2-impl: SetReportConfig: the sensor not find, create it
01-25 17:44:26.227  1090  1090 I Sensors@1.2-impl: GetSensorConfig: sensor: 4, Can't get param
01-25 17:44:26.227  1090  1090 I Sensors@1.2-impl: GetSensorConfig: sensor: 4, Can't get param
01-25 17:44:26.227  1090  1090 I Sensors@1.2-impl: JudgeOptimizeConfig: sensor: 4, oldPeriod: 0, initPeroid: 200000000
01-25 17:44:26.227  1090  1090 I Sensors@1.2-impl: SetOptimizeConfig: sensor: 4 first setconfig, create it
01-25 17:44:26.227  1090  1090 I Sensors@1.2-impl: GetSampleFifoConfig: sensor: 4, period: 200000000, reportDelay: 0
01-25 17:44:26.227  1090  1090 I SensorHub: batch called handle:4 sampleNs:200000000 latencyNs:0
01-25 17:44:26.227  1090  1090 I SensorHub: in Batch, handle = 4, flags = 0, periodNs = 200000000, timeout = 0
01-25 17:44:26.228  1066  2340 V Camera3-Device: initialize: dropSar tag value is -2147482699
01-25 17:44:26.228  1514  6533 I CameraService_proxy: Get isLightStrapCaseOn in cameraserviceproxy.
01-25 17:44:26.228  1514  6533 D HwCameraServiceProxy: Get isLightStrapCaseOn in HwCameraServiceProxy
01-25 17:44:26.228  1066  2340 D CameraService: isProxyLightStrapCaseOn: Get isProxyLightStrapCaseOn : 0
01-25 17:44:26.228  1066  2340 I FrameSynchronizer: SetCloseListener:set Close Listener
01-25 17:44:26.228  1066  2340 I HwPerformEx: setInfo(0xf2424660)
01-25 17:44:26.228  1066  2340 I HwPerformEx: setInfo(), get vendor tag id: 3854507339.
01-25 17:44:26.228  1066  2340 I HwName2Tag: createInstance()
01-25 17:44:26.228  1066  2340 I HwName2Tag: ~HwName2Tag(0xf58180f8)
01-25 17:44:26.228  1066  2340 I HwName2Tag: HwName2Tag(0xf58180f8), vendor tag id: 3854507339.
01-25 17:44:26.228  1514  2077 I SensorService: batch end
01-25 17:44:26.228  1514  2077 I SensorService: enableSensor handle:4, packageName:com.huawei.keyguard.faceunlock.AbstractFaceDetector$ProximityChecker, opPackageName:com.android.systemui , rate=200000000
01-25 17:44:26.228  1514  2077 I SensorService: enable activate begin
01-25 17:44:26.228  1090  1090 I Sensors@1.2-impl: activate-4 enabled-1 fwkOals-1 camOals-0 fwkOcolor-0 camOcolor-0 fwkOtof-0 camOtof-0
01-25 17:44:26.228  1090  1090 I Sensors@1.2-impl: GetTotalOpenCnt: The sensor haven't open
01-25 17:44:26.228  1090  1090 I Sensors@1.2-impl: IsOpenNeedUpdate: service: 1514, sensor: 4, open: 1, openCnt: 0
01-25 17:44:26.228  1090  1090 I SensorHub: Activate, handle: 4, enabled:1, err: 0
01-25 17:44:26.228  1514  2077 I SensorService: enable activate end
01-25 17:44:26.228   756   756 I ArHal   : (ArDataGetState:1471):id[2]
01-25 17:44:26.228  1514  3525 V ActivityManager: startProcess: name=com.huawei.camera:controllerService app=null knownToBeDead=true thread=null pid=-1 preloadStatus=-1
01-25 17:44:26.228  1082  1490 I MiniispManager: OnSwingSubcmdAck received dev_status_ack:0
01-25 17:44:26.228  1082  1894 I MiniispManager: powerUp swingConflictFlag = 1
01-25 17:44:26.229  1082  1894 I NoahPipeline: PowerUp(624): is logical camera pipeline !
01-25 17:44:26.229  1082  1894 I NoahPipeline: IsSecondCameraSeparated(101) secondCameraSeparated 1, [0x74fa113000]
01-25 17:44:26.229  1082  1895 I SensorManager: powerUp(328) 0x7593cb6d40: enter pos(7) name=(C014WRJ_M030) CAMERA_PS_POWERUP
01-25 17:44:26.229  1082  1894 I Hisp300Manager: CmaPowerUp: enter, nStep = 0
01-25 17:44:26.229  1082  1895 I SensorCluster: SetSensorDataProcessor: setdataprocessor 6, 0x0x75660abd80
01-25 17:44:26.229  1082  1895 I AwbSensorImpl: SetDataProcessor: set processor 0x75660abd80
01-25 17:44:26.229  1082  1895 I SensorCluster: SetSensorDataProcessor: awb setdataprocessor count 1
01-25 17:44:26.229  1082  1895 I SensorManager: powerUp sensor parallel support: 0
01-25 17:44:26.229  1082  1895 I SensorController: powerUp: name=(C014WRJ_M030) start power up.
01-25 17:44:26.229  1082  1895 I SensorController: powerUp: enter C014WRJ_M030
01-25 17:44:26.229  1514  2540 I NetworkTimeUpdateService: skew is :720mBasePollingIntervalMs start is :86400000
01-25 17:44:26.229  1514  2540 I NetworkTimeUpdateService: mBasePollingIntervalMs process is :86400000
01-25 17:44:26.229  1514  2540 I AlarmManager: remove alarm:Alarm{3303c09 type 3 when 2693374540 PendingIntent{2a52961: PendingIntentRecord{2a222f9 android broadcastIntent}}android procName system} according to operation:2a52961
01-25 17:44:26.229  1090  1134 I Sensors@1.2-impl: alsActivate-3 enabled-1 fwkOals-1 camOals-0
01-25 17:44:26.229  1090  1134 I Sensors@1.2-impl: IsOpenNeedUpdate: service: 1082, sensor: 3, open: 1, openCnt: 1
01-25 17:44:26.229  1082  1895 I SensorManager: SetPhyCamFlashAvailable mount_position:7, m_phyCamFlashAvailable:0
01-25 17:44:26.229   756   756 W ArHal   : (ArDataGetActivityIndex:248):invalid activity[31]
01-25 17:44:26.229   756   756 W ArHal   : (ArDataGetState:1502):unknown activity[31], discard
01-25 17:44:26.230  1082  1894 D 300PipeMgr: onConstructed[105]: enter
01-25 17:44:26.230  1082  1894 D HispPipeMgr: onConstructed[230]: enter
01-25 17:44:26.230  1082  1894 I HispPipeMgr: CreateStreamConfigInfos: create streamconfiginfo for cam 0
01-25 17:44:26.230  1082  1894 I HispPipeMgr: CreateStreamConfigInfos: create streamconfiginfo for cam 1
01-25 17:44:26.230  1082  1894 I HispPipeMgr: CreateStreamConfigInfos: create streamconfiginfo for cam 2
01-25 17:44:26.230  1082  1894 I HispPipeMgr: CreateStreamConfigInfos: create streamconfiginfo for cam 3
01-25 17:44:26.230  1082  1894 I HispPipeMgr: CreateStreamConfigInfos: create streamconfiginfo for cam 4
01-25 17:44:26.230  2637  3549 I AppManager: handleVideoRecord, add: true, pid: , uid: 5520, type: 1
01-25 17:44:26.230   773   773 I hisi_effect: SetEffectInfo:367: modules=2 dispPanelId=0
01-25 17:44:26.230  1514  2540 D SmartHeartBeat: isPendingAlarm, false, pkg:com.huawei.deskclock, action:com.android.deskclock.ALARM_ALERT,not pending alarm with AlarmClockInfo
01-25 17:44:26.231  1082  1894 I HISPMonitor: CHISPFeatureHwDeviceCtlAndMonitor
01-25 17:44:26.231  1514  2780 I DE J HwBrightnessSceneRecognition: [effect] updateArStatus, activityType:android.activity_recognition.in_vehicle update status: 2
01-25 17:44:26.231  1514  2780 I DE J HwBrightnessSceneRecognition: [effect] setTopApkLevelToBlControllerIfNeeded, topApkState = 18
01-25 17:44:26.231   756   804 I AR_impl : able to onActivityChangedV1_1
01-25 17:44:26.231   756   804 I AR_impl : ActChangedCb end, pid[756]
01-25 17:44:26.231  1514  2335 I DE J HwBrightnessSceneRecognition: [effect] enableAr, ret = true
01-25 17:44:26.232   565   565 I         : CheckPropValue: ro.hardware : kirin9000
01-25 17:44:26.232   565   565 I         : CheckPropValue: ro.runmode : normal
01-25 17:44:26.232  1082  1894 I PhyCalib: hweiOperaNVWR read CAM_CSI(441) SUCCESS in 1 ms, got 0
01-25 17:44:26.232   773   773 E hisi_effect: getSupported:278: Unsupported display effect feature!!
01-25 17:44:26.233  2581  2581 I SarControl_Manager: checkStateAndHandle, enter, mHandler=Handler (com.huawei.systemserver.sarcontrolservice.SarControlManager$2) {b95627b}
01-25 17:44:26.233  1082  1894 I VidHanceFilter: CHISPFilterVidHance: m_PrevTnrStateBuffer(0x0), m_CurTnrStateBuffer(0x0)!
01-25 17:44:26.233  1066  2340 I CameraService: NFC polling false
01-25 17:44:26.233  1066  2340 I CameraService: connectDevice(), exit.
01-25 17:44:26.233  2581  3359 I SarControl_Manager: handleControlSAR, enter, hasFind=true, ruleData value, sar_cell_reduce=8192, is_front_camera_on=1, is_back_camera_on=0 mLastSarCellReduce=0, mLastSarWifi24GHzReduce=-1, mLastSarWifi5GHzReduce=-1, mLastSarWifiReduce=-1
01-25 17:44:26.233  2581  3359 I SarControl_Manager: handleControlSAR, wifi_bt_value=-1
01-25 17:44:26.233  2581  3359 I SarControl_Manager: setMaxTxPower, will call setMaxTxPower, type=1, power=8192
01-25 17:44:26.234  1082  1894 I VidHanceFilter: CHISPFilterVidHance: m_PrevTnrStateBuffer(0x0), m_CurTnrStateBuffer(0x0)!
01-25 17:44:26.234  1082  1894 I HispManager: initPipeLineManager(185): init pipelineManager[29] sucess!
01-25 17:44:26.234  1082  1894 I Hisp300Manager: CmaPowerUp: isp power up. pl:0x74fa113000 secure:1
01-25 17:44:26.234  1082  1894 I Hisp300Manager: #Camera# [0] > CHISPManager::powerUp
01-25 17:44:26.234  1082  1486 W SensorStage: getDeviceFilterManager: failed to find sensor device node(1). 
01-25 17:44:26.234  1082  1486 W SensorStage: getDeviceFilterManager: failed to find sensor device node(4). 
01-25 17:44:26.234  1082  1486 W SensorStage: getDeviceFilterManager: failed to find sensor device node(5). 
01-25 17:44:26.234  1082  1486 W SensorStage: getDeviceFilterManager: failed to find sensor device node(7). 
01-25 17:44:26.234  1082  1486 W SensorStage: getDeviceFilterManager: failed to find sensor device node(9). 
01-25 17:44:26.234  1082  1486 W SensorStage: getDeviceFilterManager: failed to find sensor device node(10). 
01-25 17:44:26.234  1082  1486 I HISP300SMPoolMgr: getFaceMemAttr MemPoolSize:67108864, usage (0x30001, 1)
01-25 17:44:26.236   792 10783 D AudioFlinger: setParameters(): io 0, keyvalue cameraFacing=front, calling pid 1514 calling uid 1000
01-25 17:44:26.236  2637  3549 I ScenarioService: rev CAMERA_START, do restore front state action
01-25 17:44:26.236   792 10783 I         : [HH]HearHealth::setParameter start, the keyValues.length() is: 18.
01-25 17:44:26.236   792 10783 W         : [HH]Invalid argument
01-25 17:44:26.236   769   893 I AudioModuleManager: [AudioModuleSetParameters:51]: list size: 12
01-25 17:44:26.237  2637  3549 D ScenarioService: front pkg : com.idlefish.flutterboost.example launcher: false
01-25 17:44:26.237   769   893 I HuaweiAudioAlgoService: set_parameter_camera_facing: HuaweiProcess, value is front
01-25 17:44:26.237  2637  3849 I PGServer: report state:10000 event type:2 pid:0 uid:0 pkg:com.idlefish.flutterboost.example to pid: 1514
01-25 17:44:26.237   769   893 I HuaweiProcessing_imedia_record_adp: set_camera_dir: backmic product using front camera, disable audiozoom 
01-25 17:44:26.237  2637  3849 I PGServer: report state:10000 event type:2 pid:0 uid:0 pkg:com.idlefish.flutterboost.example to pid: 2637
01-25 17:44:26.237  2637  3849 I ApsAppsTypeHandler: APS: APK: ApsAppsTypeHandler.getInstance, sInstance = com.huawei.android.hwaps.o@f463c45
01-25 17:44:26.238  1514  3525 D HwCameraServiceProxy: It is not the fold camera device.
01-25 17:44:26.238  1514  3525 I HwCameraServiceProxy: notifyCameraStateChangeForMediaAssistant cameraId 1, newCameraState 101, facing 1
01-25 17:44:26.238  1514  3525 I HwCameraServiceProxy: notifyCameraStateChangeForRotate begin cameraId 1, newCameraState 101, facing 1
01-25 17:44:26.238  1514  3525 I HwCameraServiceProxy: notifyCameraStateChangeForRotate end
01-25 17:44:26.238  1514  3525 I HwCameraServiceProxy: notifyCameraStateChangeForVibrator begin cameraId 1, newCameraState 101, facing 1
01-25 17:44:26.238  1514  3525 I HwCameraServiceProxy: notifyCameraStateChangeForVibrator end
01-25 17:44:26.238  1514  3525 I HwCameraServiceProxy: notifyCameraStateChangeForSarService begin cameraId 1, newCameraState 101, clientName com.huawei.securityserver
01-25 17:44:26.238  1514  3525 I HwCameraServiceProxy: Start notify service:com.huawei.camera, com.huawei.camera.controller.hm.HmCameraControllerService
01-25 17:44:26.238  2637  3849 I SceneReceiver: state type: 10000 eventType:2 pid:0 uid:0 pkg:com.idlefish.flutterboost.example
01-25 17:44:26.238  2637  3849 I PGServer: report state:10000 event type:2 pid:0 uid:0 pkg:com.idlefish.flutterboost.example to pid: 2581
01-25 17:44:26.238  2637  3849 I PGServer: report state:10000 event type:1 pid:0 uid:0 pkg:com.idlefish.flutterboost.example to pid: 1514
01-25 17:44:26.238  2637  3849 I PGServer: report state:10000 event type:1 pid:0 uid:0 pkg:com.idlefish.flutterboost.example to pid: 2637
01-25 17:44:26.238  1514  3525 W ContextImpl: Calling a method in the system process without a qualified user: android.app.ContextImpl.startService:3257500 com.huawei.server.camera.HwCameraServiceProxy.notifyCameraStateChangeForController:56508 com.huawei.server.camera.HwCameraServiceProxy.notifyCameraStateChange:69904 com.android.server.camera.CameraServiceProxy$2.notifyCameraState:17085276 android.hardware.ICameraServiceProxy$Stub.onTransact:36822496 
01-25 17:44:26.238  2637  3849 I SceneReceiver: state type: 10000 eventType:1 pid:0 uid:0 pkg:com.idlefish.flutterboost.example
01-25 17:44:26.239  1514  1690 I ActivityManager: Start proc 28034:com.huawei.camera:controllerService/u0a126 for service {com.huawei.camera/com.huawei.camera.controller.hm.HmCameraControllerService}
01-25 17:44:26.239  2637  3849 I PGServer: report state:10000 event type:1 pid:0 uid:0 pkg:com.idlefish.flutterboost.example to pid: 2581
01-25 17:44:26.240  2637  8250 I PGServer: checkPkgType. calling pkg: android
01-25 17:44:26.240  1514  1690 I SWAP_SCENE: Entering notifySceneData notifySceneData. EventType: PROCESS_CREATE, App: com.huawei.camera, uid: 10126, pid: 28034
01-25 17:44:26.240  1514  1690 I HwActivityManagerServiceEx: notifyProcessStatusChange::pkg:com.huawei.camera pid:28034 uid:10126
01-25 17:44:26.241  1514  2780 I DE J DES: [effect] Pg pkg:com.idlefish.flutterboost.example
01-25 17:44:26.241  1514  2540 I NetworkTimeUpdateService: Ignoring NTP update
01-25 17:44:26.241  1514  5287 I SWAP_SCENE: Entering appColdCheck cold! appName:com.huawei.camera
01-25 17:44:26.243  1514  5287 I SWAP_SCENE: Entering appColdCheck cold! Mkdir. appName:com.huawei.camera
01-25 17:44:26.243  1514  5287 I SWAP_SCENE: add pid to com.huawei.camera, pid: 28034
01-25 17:44:26.243  1514  5287 I SWAP_KernelInterface: addToProcs:com.huawei.camera pid:28034
01-25 17:44:26.243  1082  1896 I LaserManager: powerUpDone: enter.
01-25 17:44:26.243  1082  1896 I NoahPipeline: LaserInitialize(243). enter
01-25 17:44:26.243  1514  5287 I SWAP_AppModel: SWAP-APP_START:pkg:com.huawei.camera uid:10126 liveApp:50
01-25 17:44:26.247  1082  1894 I CamConnectionInfo: Init: csi config params ok.
01-25 17:44:26.247  1082  1894 I Hisp300Manager: CmaPowerUpDone: enter.
01-25 17:44:26.247  1082  1894 I Hisp300Manager: #Camera# [0] < CHISPManager::powerUp
01-25 17:44:26.247  1082  1894 W SensorStage: getDeviceFilterManager: failed to find sensor device node(1). 
01-25 17:44:26.247  1082  1894 W SensorStage: getDeviceFilterManager: failed to find sensor device node(4). 
01-25 17:44:26.247  1082  1894 W SensorStage: getDeviceFilterManager: failed to find sensor device node(5). 
01-25 17:44:26.247  1082  1894 W SensorStage: getDeviceFilterManager: failed to find sensor device node(7). 
01-25 17:44:26.247  1082  1894 W SensorStage: getDeviceFilterManager: failed to find sensor device node(9). 
01-25 17:44:26.247  1082  1894 W SensorStage: getDeviceFilterManager: failed to find sensor device node(10). 
01-25 17:44:26.247  1514  2077 I SensorService: device do not support ultrasonic
01-25 17:44:26.247  1514  2077 I SensorService: enable end
01-25 17:44:26.248  1514  1668 I SensorService: SensorEventConnection begin
01-25 17:44:26.248  1514  1668 I SensorService: SensorEventConnection end
01-25 17:44:26.248  1514  1668 I SensorService: createSensorEventConnection end
01-25 17:44:26.248  1514  1668 D SensorManager: 0x73b5ba0d60 addFd fd=541
01-25 17:44:26.248  1514  1668 I SensorService: enable begin
01-25 17:44:26.248  1514  1668 I SensorService: batch begin
01-25 17:44:26.248  1514  1668 I SensorService: batch end
01-25 17:44:26.248  1514  1668 I SensorService: enableSensor handle:4, packageName:com.android.server.policy.PickUpWakeScreenManager, opPackageName:android , rate=200000000
01-25 17:44:26.248  1514  1668 I SensorService: enable activate begin
01-25 17:44:26.248  1514  1668 I SensorService: enable activate end
01-25 17:44:26.251  1514  1668 I SensorService: device do not support ultrasonic
01-25 17:44:26.251  1514  1668 I SensorService: enable end
01-25 17:44:26.251  1514  1668 I PickUpWakeScreenManager: proximity sensor registered.
01-25 17:44:26.251  1514  2331 I SensorService: createSensorEventConnection begin
01-25 17:44:26.251  1514  2331 I SensorService: SensorEventConnection begin
01-25 17:44:26.251  1514  2331 I SensorService: SensorEventConnection end
01-25 17:44:26.251  1514  2331 I SensorService: createSensorEventConnection end
01-25 17:44:26.251  1514  1668 I AOD_HwPWM: startAodService mAodSwitch=0 mAODState=103 aodState=102 mIsFingerprintEnabledBySettings=true mFingerprintType=1
01-25 17:44:26.251  1514  1668 I AOD_HwPWM: startAodService audio enabled
01-25 17:44:26.251  1514  1668 W AOD_HwPWM:  handleAodState aodState:102
01-25 17:44:26.251  1514  2331 D SensorManager: 0x733b8b7530 addFd fd=765
01-25 17:44:26.251  1514  2331 I SensorService: enable begin
01-25 17:44:26.252  1514  2331 I SensorService: batch begin
01-25 17:44:26.252  1514  2331 I SensorService: batch end
01-25 17:44:26.252  1514  2331 I SensorService: enableSensor handle:3, packageName:com.android.server.display.HwDualSensorEventListenerImpl, opPackageName:android , rate=300000000
01-25 17:44:26.252  1514  2331 I SensorService: enable activate begin
01-25 17:44:26.252  1514  2331 I SensorService: enable activate end
01-25 17:44:26.252  1514  2331 I SensorService: enable end
01-25 17:44:26.252  1514  2331 I HwDualSensorEventListenerImpl: front sensor enabled
01-25 17:44:26.252  1514  1668 W HwAodManagerService: setPowerState new mPowerState = 101, powerState = 102 , mFingerStatus = 0, mState = 4, mAodState = -1
01-25 17:44:26.252  1514  2296 I HwAodManagerService: Aod Service is pause now mState:4mPowerState:102
01-25 17:44:26.252  1514  2296 I HwAodManagerService: Runnable for pause start, mFingerStatus0 mAodQuitType:0
01-25 17:44:26.252  1514  2296 I HwAodManagerService: aodlayer pos start get pos
01-25 17:44:26.252  1514  2296 E IAodManager-JNI: DoIoctlAodGetPos enter layerCount=2
01-25 17:44:26.252  1514  2296 I IAodManager-JNI: DoIoctlAodGetPos x_start0:0, y_start0:0,  x_start1:0, y_start1:0
01-25 17:44:26.252  1514  2296 I HwAodManagerService: aodlayer pos is:0,0,0
01-25 17:44:26.252 18711 18711 I baiduLog: onComputeInsets end:Rect(0, 1659 - 1344, 2646) # visibleTopInsets :1659 # contentTopInsets :1659
01-25 17:44:26.252  1514  1668 W ContextImpl: Calling a method in the system process without a qualified user: android.app.ContextImpl.startService:3257500 com.android.server.policy.HwPhoneWindowManager.handleAodState:3558776 com.android.server.policy.HwPhoneWindowManager.startAodService:3729640 com.android.server.policy.HwPhoneWindowManager$35.run:4022580 android.os.Handler.handleCallback:6134496 
01-25 17:44:26.254  1514  1668 W AOD_HwPWM:  startAodService end success.
01-25 17:44:26.256  1514  1668 I HwActivityStackSupervisorEx: handleVrDisplayChanged displayId = 0
01-25 17:44:26.256  1514  1668 W HwActivityStackSupervisorEx: handleVrDisplayChanged other vr mode displayId: 0
01-25 17:44:26.256  1514  2332 I SensorService: createSensorEventConnection begin
01-25 17:44:26.256  1514  2332 I SensorService: SensorEventConnection begin
01-25 17:44:26.256  1514  2332 I SensorService: SensorEventConnection end
01-25 17:44:26.256  1514  2332 I SensorService: createSensorEventConnection end
01-25 17:44:26.256  1514  2332 D SensorManager: 0x73b6b46580 addFd fd=769
01-25 17:44:26.256  1514  2332 I SensorService: enable begin
01-25 17:44:26.256  1061  1210 I vendor.huawei.hardware.biometrics.hwfacerecognize@2.0-service: Enter sendCommand()
01-25 17:44:26.256  1061  1210 I HalFaceRecognize: enter send command
01-25 17:44:26.256  1061  1210 I HalFaceRecognizeManager: fr_sa SetSaStatus: 1
01-25 17:44:26.256  1061  5493 I HalFaceRecognizeThread: thread start
01-25 17:44:26.257  1061  5493 I hal_facerecognize_device: Begin start sa
01-25 17:44:26.257  1061  5493 I hal_facerecognize_device: Enter WaitBeforeStartSa
01-25 17:44:26.257  1061  5493 I FaceRecognizeCa: Entering GetMspState.
01-25 17:44:26.257  1061  5493 I FaceRecognizeCa: Entering FrGetUint32Cmd.
01-25 17:44:26.257  1514  2332 I SensorService: batch begin
01-25 17:44:26.257  1082  1486 I CameraIonDevice: [CBA]IonAlloc alloc: (20)ms, mapIova: (2)ms
01-25 17:44:26.257  1066  2340 V Camera3-Device: createDefaultRequest: for template 1
01-25 17:44:26.257  1061  5493 I hal_facerecognize_device: No need wait before start sa
01-25 17:44:26.257  1061  5493 I hal_facerecognize_device: Reset power off sa timer
01-25 17:44:26.257  1090  1090 E Sensors@1.2-impl: Sensors::batch: sensorHandle: 26, samplingPeriodNs: 200000000, maxReportLatencyNs: 0
01-25 17:44:26.257  1090  1090 I Sensors@1.2-impl: IsConfigParamNeedUpdate: service: 1514, sensor: 26, first set config, create it
01-25 17:44:26.257  1090  1090 I Sensors@1.2-impl: SetReportConfig: the sensor not find, create it
01-25 17:44:26.257  1090  1090 I Sensors@1.2-impl: GetSensorConfig: sensor: 26, Can't get param
01-25 17:44:26.257  1090  1090 I Sensors@1.2-impl: JudgeOptimizeConfig: sensor: 26, oldPeriod: 0, initPeroid: 0
01-25 17:44:26.257  1090  1090 I Sensors@1.2-impl: SetOptimizeConfig: sensor: 26 first setconfig, create it
01-25 17:44:26.257  1090  1090 I Sensors@1.2-impl: GetSampleFifoConfig: sensor: 26, period: 200000000, reportDelay: 0
01-25 17:44:26.257  1090  1090 I SensorHub: batch called handle:26 sampleNs:200000000 latencyNs:0
01-25 17:44:26.257  1090  1090 I SensorHub: in Batch, handle = 26, flags = 0, periodNs = 200000000, timeout = 0
01-25 17:44:26.257  1061  5493 I hal_facerecognize_device: DeleteTimerOfPowerOffSa(), ret = 0
01-25 17:44:26.257  1066  2340 I CameraDeviceClient: CameraDeviceClient packageName: com.huawei.securityserver
01-25 17:44:26.257  1061  5493 I hal_facerecognize_device: StartTimerDoPowerOffSa() success
01-25 17:44:26.257  1061  5493 I         : path /odm/etc/facerecognize/debug_num
01-25 17:44:26.257  1061  5493 I FaceRecognizeCa: StartSa: GetDebugNum 0
01-25 17:44:26.257  1061  5493 I FaceRecognizeCa: Entering FrSendUint32Cmd.
01-25 17:44:26.257  1061  5493 I hal_facerecognize_device: End start sa
01-25 17:44:26.257  1082  1486 I CameraBufferAllocator: [CBA]Alloc: size(65536) fmt(0x79) usage 30001 isCma 0 name(ISPAlloc:MemoryPool_0) total(131072) time(23)
01-25 17:44:26.257  1061  5493 I HalFaceRecognizeThread: thread start
01-25 17:44:26.258  1082  1486 W SensorStage: getDeviceFilterManager: failed to find sensor device node(1). 
01-25 17:44:26.258  1082  1486 I HISP300SMPoolMgr: getFaceMemAttr MemPoolSize:52428800, usage (0x4031400, 1)
01-25 17:44:26.258  1082  1486 W SensorStage: getDeviceFilterManager: failed to find sensor device node(1). 
01-25 17:44:26.258  1082  1486 I HISP300SMPoolMgr: getFaceMemAttr MemPoolSize:104857600, usage (0x8031400, 1)
01-25 17:44:26.259  2586  2586 W HwAOD   : AodDisplayManager:aod status changed to:PAUSE
01-25 17:44:26.260  1082  1486 I CameraBufferAllocator: [CBA]Alloc: size(102400) fmt(0x79) usage 8031400 isCma 0 name(ISPAlloc:MemoryPool_2) total(233472) time(2)
01-25 17:44:26.260  1082  1894 I HISP300SMPoolMgr: getFaceMemAttr MemPoolSize:67108864, usage (0x30001, 1)
01-25 17:44:26.260  1082  1894 I HISP300SMPoolMgr: initMemoryPool: base size =0x4000000 align size=0x0 usage=196609 
01-25 17:44:26.260  1082  1894 I HISP300SMPoolMgr: 	 format=0x79 cached=true secured=false, pool_type=6
01-25 17:44:26.260  1514  2548 I HwPCUtils#HwPCManagerService: onDisplayChanged, displayId:0
01-25 17:44:26.261  2351  2579 D TimeKeeper: getTimeTickInfo:[mMillisUntilFinished:0, mHour:0, mMinute:0, mSecond:0]
01-25 17:44:26.261  1514  2778 I SensorService: disable begin
01-25 17:44:26.262  1514  1672 I WindowManager: mAodShowing=false isWindowManagerDrawComplete=false
01-25 17:44:26.263  1514  2332 I SensorService: batch end
01-25 17:44:26.263  1514  2332 I SensorService: enableSensor handle:26, packageName:com.android.server.display.HwDualSensorEventListenerImpl, opPackageName:android , rate=200000000
01-25 17:44:26.263  1514  2332 I SensorService: enable activate begin
01-25 17:44:26.263  1090  1090 I Sensors@1.2-impl: activate-26 enabled-1 fwkOals-1 camOals-1 fwkOcolor-1 camOcolor-0 fwkOtof-0 camOtof-0
01-25 17:44:26.264  1090  1090 I Sensors@1.2-impl: GetTotalOpenCnt: The sensor haven't open
01-25 17:44:26.264  1090  1090 I Sensors@1.2-impl: IsOpenNeedUpdate: service: 1514, sensor: 26, open: 1, openCnt: 0
01-25 17:44:26.264  1090  1090 I SensorHub: Activate, handle: 26, enabled:1, err: 0
01-25 17:44:26.264  1090  1090 I SensorHub: Rgb Sensor activate
01-25 17:44:26.264  1514  2332 I SensorService: enable activate end
01-25 17:44:26.264  1514  2332 I SensorService: enable end
01-25 17:44:26.264  1514  1672 D LogicalDisplay: configureDisplayLocked mTempLayerStackRect=Rect(0, 0 - 1344, 2772) mTempDisplayRect=Rect(0, 0 - 1344, 2772) orientation = 0
01-25 17:44:26.264  1514  1672 I DisplayDevice: setProjectionLocked displayId 0 orientation(0->0) LayerStackRect(Rect(0, 0 - 1344, 2772)->Rect(0, 0 - 1344, 2772)) DisplayRect(Rect(0, 0 - 1344, 2772)->Rect(0, 0 - 1344, 2772))
01-25 17:44:26.264  1514  2778 I SensorService: disable activate begin
01-25 17:44:26.264  1514  2332 I HwDualSensorEventListenerImpl: back sensor enabled
01-25 17:44:26.264  1090  1090 E Sensors@1.2-impl: Sensors::batch: sensorHandle: 3, samplingPeriodNs: 300000000, maxReportLatencyNs: 0
01-25 17:44:26.264  1090  1090 I Sensors@1.2-impl: IsConfigParamNeedUpdate: service: 1514, sensor: 3, first set config, create it
01-25 17:44:26.264  1090  1090 I Sensors@1.2-impl: GetSensorConfig: sensor: 3, Can't get param
01-25 17:44:26.264  1090  1090 I Sensors@1.2-impl: JudgeOptimizeConfig: sensor: 3, oldPeriod: 200000000, initPeroid: 0
01-25 17:44:26.264  1090  1090 I Sensors@1.2-impl: SetOptimizeConfig: sensor: 3, period: 0, reportDelay: 0
01-25 17:44:26.264  1090  1090 I Sensors@1.2-impl: GetSampleFifoConfig: sensor: 3, period: 0, reportDelay: 0
01-25 17:44:26.264  1090  1090 I SensorHub: batch called handle:3 sampleNs:0 latencyNs:0
01-25 17:44:26.264  1090  1090 I SensorHub: in Batch, handle = 3, flags = 0, periodNs = 0, timeout = 0
01-25 17:44:26.264  1514  1672 I DisplayDevice: isNeedRefreshOrientaion orientation 0
01-25 17:44:26.264  1514  1672 D LogicalDisplay: configureDisplayLocked mTempLayerStackRect=Rect(0, 0 - 1344, 2772) mTempDisplayRect=Rect(0, 0 - 1344, 2772) orientation = 0
01-25 17:44:26.264  1514  1672 I DisplayDevice: setProjectionLocked displayId 2797 orientation(0->0) LayerStackRect(Rect(0, 0 - 1344, 2772)->Rect(0, 0 - 1344, 2772)) DisplayRect(Rect(0, 0 - 1344, 2772)->Rect(0, 0 - 1344, 2772))
01-25 17:44:26.264  1514  2778 I SensorService: disableSensor handle:3, packageName:com.huawei.keyguard.faceunlock.AbstractFaceDetector$ProximityChecker
01-25 17:44:26.264  1514  2778 I SensorService: disable activate end
01-25 17:44:26.264  1514  2778 I SensorService: disable end
01-25 17:44:26.264  1514  1672 I WindowManager: dispatchResized : win = Window{28e8bb9 u0 StatusBar} drawState = DRAW_PENDING
01-25 17:44:26.265  1514  2778 I SensorService: cleanupConnection begin
01-25 17:44:26.265  1514  2778 I SensorService: cleanupConnection end
01-25 17:44:26.266  2637  3549 I SensorState: sensor:3 name:light enable:false uid:10052
01-25 17:44:26.266  2637  3549 I SensorState: removeSensor,mHandles:{4=1}
01-25 17:44:26.266  2637  3549 I PGServer: report state:4 event type:2 pid:3 uid:10052 pkg:null to pid: 1514
01-25 17:44:26.270  1514  2077 E MultiTaskManagerService: Permission Denial: can not access MultiTaskManagerService! pid = 2586, uid = 10291
01-25 17:44:26.270  1082  1894 I HISP300SMPoolMgr: InitPoolAddrParams: init pool[0] va=0x0x747adc6000, iova=0x4000000, prot=0x7, pool_size=0x67108864
01-25 17:44:26.271  1066  2340 V Camera3-Device: waitUntilDrainedLocked: Already idle
01-25 17:44:26.273  1082  1894 W SensorStage: getDeviceFilterManager: failed to find sensor device node(1). 
01-25 17:44:26.273  1082  1894 I HISP300SMPoolMgr: getFaceMemAttr MemPoolSize:52428800, usage (0x4031400, 1)
01-25 17:44:26.273  1082  1894 I HISP300SMPoolMgr: initMemoryPool: base size =0x3200000 align size=0x0 usage=67310592 
01-25 17:44:26.273  1082  1894 I HISP300SMPoolMgr: 	 format=0x79 cached=true secured=true, pool_type=3
01-25 17:44:26.273  2564  9521 I HwDubaiService: Received buffered log, magic: 6
01-25 17:44:26.274  1082  1894 I HISP300SMPoolMgr: InitPoolAddrParams: init pool[1] va=0x0x0, iova=0x10000000, prot=0x107, pool_size=0x52428800
01-25 17:44:26.274  2564  2873 I NcDftChip: TriggerEventReport:913900099
01-25 17:44:26.274  1082  1894 W SensorStage: getDeviceFilterManager: failed to find sensor device node(1). 
01-25 17:44:26.274  1082  1894 I HISP300SMPoolMgr: getFaceMemAttr MemPoolSize:104857600, usage (0x8031400, 1)
01-25 17:44:26.274  1082  1894 I HISP300SMPoolMgr: initMemoryPool: base size =0x6400000 align size=0x0 usage=134419456 
01-25 17:44:26.274  1082  1894 I HISP300SMPoolMgr: 	 format=0x79 cached=true secured=true, pool_type=5
01-25 17:44:26.274  2351  2351 I ScreenBrightenView: isSupportsEs3-isWCG=true
01-25 17:44:26.272  1066  2340 I CameraDeviceClient: createStream
01-25 17:44:26.275  1082  1894 I HISP300SMPoolMgr: InitPoolAddrParams: init pool[2] va=0x0x0, iova=0x8000000, prot=0x107, pool_size=0x104857600
01-25 17:44:26.276  2351  2351 I ScreenBrightenView: onAttachedToWindow
01-25 17:44:26.276  2351  2351 I ScreenBrightenView: setSrcBitmap, bitmap w,h=1344x2772
01-25 17:44:26.276  2351  2351 I AnimationRender: setSrcBitmap: 
01-25 17:44:26.276  1082  1894 I Hisp300Manager: CmaPowerUpDone: m_powerState = 1, m_nPowerCount:1, pl:0x74fa113000
01-25 17:44:26.276  1082  1894 I Hisp300Manager: CmaPowerUpDone: mMemCount:1, pl:0x74fa113000
01-25 17:44:26.276  1082  1894 I Feature : initFeature: m_secMode = 1
01-25 17:44:26.276  1082  1894 I NoahPipeline: IsSecondCameraSeparated(101) secondCameraSeparated 1, [0x74fa113000]
01-25 17:44:26.277  1069  2124 D dubaid  : [WakelockStats.cpp] SendKernelWakelockToPg# No need to send wakelock by interval(166505), delayed: 3811368
01-25 17:44:26.278   710 20695 I netd    : trafficSwapActiveStatsMap() <6.76ms>
01-25 17:44:26.278 12005 12202 I         : begin, cmd[0], flag[16]
01-25 17:44:26.278 12005 12202 I         : Excute:74: cmd=power_time, param=
01-25 17:44:26.278 12005 12202 I aptouch_daemon: get_cmd, power_time
01-25 17:44:26.278 12005 12202 I aptouch_daemon: excute_cmd_end, cmd: power_time.
01-25 17:44:26.278   776   776 I aptouch_daemon, [aptouch_interface_client]: ret = ap:core:active:392942460+idle:215933077#side:active:0+idle:0#
01-25 17:44:26.278  2351  2351 D AnimationRender: checkBitmapSize width:0,height:0
01-25 17:44:26.278  2351  2351 D ScreenBrightenView: normalizedTime: 0.1
01-25 17:44:26.278  2351  2351 I AnimationRender: setNormalizedTime:0.1,	 mNormalizedY:0.23851186
01-25 17:44:26.279  1066  2340 V Camera3-Device: Camera 1: Creating new stream 0: 640 x 480, format 35, dataspace 146931712 rotation 0 consumer usage 0, isShared 0, physicalCameraId 
01-25 17:44:26.279  1066  2340 I Camera3-Stream: Camera3Stream(), create stream 0xf5864380, 640 x 480, format: 0x23
01-25 17:44:26.279  1066  2340 V Camera3-Device: Camera 1: Created new stream
01-25 17:44:26.279  1066  2340 V Camera3-Device: configureStreams: E
01-25 17:44:26.279  1066  2340 V Camera3-Device: configureStreams: Camera 1, Facing 1
01-25 17:44:26.279  1066  2340 V Camera3-Device: configureStreamsLocked: Camera 1: Starting stream configuration
01-25 17:44:26.279  1066  2340 I Camera3-Device: hwMapToStreamRotation: streamRotation is 0
01-25 17:44:26.279  1514  3525 D HwCameraServiceProxy: It is not the fold camera device.
01-25 17:44:26.279  1066  2340 V Camera3-Device: configureStreams: v3.5 device found
01-25 17:44:26.279  1514  3525 I HwCameraServiceProxy: notifyCameraStateChangeForMediaAssistant cameraId 1, newCameraState 102, facing 1
01-25 17:44:26.279  1514  3525 I HwCameraServiceProxy: notifyCameraStateChangeForRotate begin cameraId 1, newCameraState 102, facing 1
01-25 17:44:26.279  1514  3525 I HwCameraServiceProxy: notifyCameraStateChangeForRotate end
01-25 17:44:26.279  1514  3525 I HwCameraServiceProxy: notifyCameraStateChangeForVibrator begin cameraId 1, newCameraState 102, facing 1
01-25 17:44:26.279  1514  3525 I HwCameraServiceProxy: notifyCameraStateChangeForVibrator end
01-25 17:44:26.279  1514  3525 I HwCameraServiceProxy: notifyCameraStateChangeForSarService begin cameraId 1, newCameraState 102, clientName defaultActivity
01-25 17:44:26.279  1514  3525 I HwCameraServiceProxy: Start notify service:com.huawei.camera, com.huawei.camera.controller.hm.HmCameraControllerService
01-25 17:44:26.279  1514  2778 I SensorService: createSensorEventConnection begin
01-25 17:44:26.279  1514  2778 I SensorService: SensorEventConnection begin
01-25 17:44:26.279  1514  3525 W ContextImpl: Calling a method in the system process without a qualified user: android.app.ContextImpl.startService:3257500 com.huawei.server.camera.HwCameraServiceProxy.notifyCameraStateChangeForController:56508 com.huawei.server.camera.HwCameraServiceProxy.notifyCameraStateChange:69904 com.android.server.camera.CameraServiceProxy$2.notifyCameraState:17085276 android.hardware.ICameraServiceProxy$Stub.onTransact:36822496 
01-25 17:44:26.279  1514  2778 I SensorService: SensorEventConnection end
01-25 17:44:26.279  1514  2778 I SensorService: createSensorEventConnection end
01-25 17:44:26.279  1082 21810 I ImagingMetaStream: CImagingMetaStream: ctor instance[0x7592a88600]. 
01-25 17:44:26.279  1082 21810 I CStreamTranslator: CStreamTranslator: ctor instance[0x7592a2b280]. 
01-25 17:44:26.279  1082 21810 I ImagingGraphicStream: CImagingGraphicStream: ctor instance[0x7592a79000]. 
01-25 17:44:26.279  1082 21810 I ImagingGraphicStream: LoadHWCameraPhysicalID: enter
01-25 17:44:26.279  1082 21810 I ImagingGraphicStream: LoadHWDummyStream: enter
01-25 17:44:26.279  1082 21810 I ImagingGraphicStream: loadInfo(449): fmt:0x71, width:640, height:480, max buffers:0,
01-25 17:44:26.279  1082 21810 I ImagingGraphicStream: 	 usage:0x1, rotation 0, cameraId 0, stream flow:0, dummyStream:0
01-25 17:44:26.279  1082 21810 I ImagingGraphicStream: enter RegisterPhyCamInfo[0x7592a79000]. camera pos = 11 physicalid=-1 CAMERA_PS_CONFIGURED
01-25 17:44:26.279  1082 21810 I CStreamTranslator: CStreamTranslator: ctor instance[0x758249fc60]. 
01-25 17:44:26.279  1082 21810 I ImagingGraphicStream: LoadHWCameraPhysicalID: enter
01-25 17:44:26.279  2351  2947 D SensorManager: 0x7ad75873d0 addFd fd=250
01-25 17:44:26.279  1082 21810 I ImagingGraphicStream: LoadHWDummyStream: enter
01-25 17:44:26.279  1082 21810 I ImagingGraphicStream: loadInfo(449): fmt:0x71, width:640, height:480, max buffers:7,
01-25 17:44:26.279  1082 21810 I ImagingGraphicStream: 	 usage:0x34401, rotation 0, cameraId 0, stream flow:0, dummyStream:0
01-25 17:44:26.279  1082 21810 I ImagingGraphicStream: enter RegisterPhyCamInfo[0x7592a79000]. camera pos = 11 physicalid=-1 CAMERA_PS_CONFIGURED
01-25 17:44:26.279  1082 21810 I VirCam_DevSession: BackupPhyConfigStreams: update cached stream buffers
01-25 17:44:26.279  1082 21810 I VirCam_DevSession: UpdateStreamBuffers: clear buffers in useless streams
01-25 17:44:26.279  1514  2778 I SensorService: enable begin
01-25 17:44:26.279  1082 21810 I VirCam_DevSession: BackupPhyConfigStreams: backup physical config streams
01-25 17:44:26.279  1082 21810 I VirCam_DevSession: BackupPhyConfigStreams: stream id: 0, width: 640, height: 480, format: 113
01-25 17:44:26.280  1514  2778 I SensorService: batch begin
01-25 17:44:26.280  1066  2340 I Camera3-OutputStream: configureConsumerQueueLocked(), connect stream 0 to native window, for stream: 0xf5864380
01-25 17:44:26.280  1090  1090 E Sensors@1.2-impl: Sensors::batch: sensorHandle: 4, samplingPeriodNs: 20000000, maxReportLatencyNs: 0
01-25 17:44:26.280  1090  1090 I Sensors@1.2-impl: IsConfigParamNeedUpdate: service: 1514, sensor: 4, first set config, create it
01-25 17:44:26.280  1090  1090 I Sensors@1.2-impl: GetSensorConfig: sensor: 4, Can't get param
01-25 17:44:26.280  1090  1090 I Sensors@1.2-impl: GetSensorConfig: sensor: 4, Can't get param
01-25 17:44:26.280  1090  1090 I Sensors@1.2-impl: JudgeOptimizeConfig: sensor: 4, oldPeriod: 200000000, initPeroid: 20000000
01-25 17:44:26.280  1090  1090 I Sensors@1.2-impl: SetOptimizeConfig: sensor: 4, period: 20000000, reportDelay: 0
01-25 17:44:26.280  1090  1090 I Sensors@1.2-impl: GetSampleFifoConfig: sensor: 4, period: 20000000, reportDelay: 0
01-25 17:44:26.280  1090  1090 I SensorHub: batch called handle:4 sampleNs:20000000 latencyNs:0
01-25 17:44:26.280  1090  1090 I SensorHub: in Batch, handle = 4, flags = 0, periodNs = 20000000, timeout = 0
01-25 17:44:26.280  1066  2340 I Camera3-OutputStream: configureConsumerQueueLocked: Consumer wants 2 buffers, HAL wants 7, type: 0x23
01-25 17:44:26.280  1514  2778 I SensorService: batch end
01-25 17:44:26.280  1514  2778 I SensorService: enableSensor handle:4, packageName:com.android.systemui.classifier.FalsingManager, opPackageName:com.android.systemui , rate=20000000
01-25 17:44:26.280  1514  2778 I SensorService: enable activate begin
01-25 17:44:26.280  1514  2778 I SensorService: enable activate end
01-25 17:44:26.281  2637  3549 I SensorState: sensor:4 name:proximity enable:true uid:10052
01-25 17:44:26.281  2637  3549 I PGServer: report state:4 event type:1 pid:4 uid:10052 pkg:null to pid: 1514
01-25 17:44:26.282  1514  2296 I IAodManager-JNI: DoIoctlAodPause OK. mFileDescriptor=394, screenStatus: 0
01-25 17:44:26.282  1514  2296 I IAodManager-JNI: DoIoctlAodReleaseIonBitmapBuffer mIonIsLegacy = 0
01-25 17:44:26.282  1066  2340 D Camera3-Device: Set real time priority for request queue thread (tid 4264)
01-25 17:44:26.282  1066  2340 V Camera3-Device: configureStreamsLocked: Camera 1: Stream configuration complete
01-25 17:44:26.282  2637  3549 I SensorState: addSensor,mHandles:{4=2}
01-25 17:44:26.283  1066  2340 V Camera3-Device: convertMetadataListToRequestListLocked: requestId = 0
01-25 17:44:26.283  1066  2340 I FrameSynchronizer: SetPaused:set Paused status(0)
01-25 17:44:26.283  1066  2340 V Camera3-Device: unpauseForNewRequests: RequestThread: Going active
01-25 17:44:26.283  1066  4264 V Camera3-Device: prepareHalRequests: Request (frame num 0) had AF trigger 0x0
01-25 17:44:26.283  2564  2873 I NcDftImpl: chipdft trigger succ: eventId 913900099
01-25 17:44:26.284  1514  2296 I IAodManager-JNI: ReleaseAodIonBufferByType type: 2, bitmapNum is 12 and reset zero.
01-25 17:44:26.284  1514  2296 I IAodManager-JNI: ReleaseAodIonBufferByType type: 7, bitmapNum is 1 and reset zero.
01-25 17:44:26.284  1514  2296 I IAodManager-JNI: ReleaseAodIonBufferByType type: 8, bitmapNum is 2 and reset zero.
01-25 17:44:26.284  1514  2296 I IAodManager-JNI: ReleaseAodIonBufferByType type: 9, bitmapNum is 6 and reset zero.
01-25 17:44:26.284  1514  2296 I IAodManager-JNI: ReleaseAodIonBufferByType type: 14, bitmapNum is 4 and reset zero.
01-25 17:44:26.284  1514  2296 I IAodManager-JNI: DoIoctlAodReleaseIonBitmapBuffer mFileDescriptor is 394, mIonFD is 0
01-25 17:44:26.284  1066  4264 V Camera3-Device: isCustomizedMode: expo time 0, pro mode 0, exposure mode 0
01-25 17:44:26.284  1066  4263 V Camera3-Device: notifyStatus: Camera 1: Now active, pauseState: false
01-25 17:44:26.284  1066  4264 V Camera3-Device: stream 0 now have 1 buffer caches, buf 0xf201b180
01-25 17:44:26.284  1066  2340 V Camera3-Device: Camera 1: Capture request 0 enqueued
01-25 17:44:26.285  1082 21810 D VirCam_DevSession: BackUpLatestRequestMetadata: process new request settings for frame : 0
01-25 17:44:26.286  1514  2778 I SensorService: device do not support ultrasonic
01-25 17:44:26.286  1514  2778 I SensorService: enable end
01-25 17:44:26.286  1082 21810 I ImagingGraphicStream: enter start[0x7592a79000]. camera pos = 11 physicalid=-1 CAMERA_PS_CONFIGURED
01-25 17:44:26.287  1061  1210 I vendor.huawei.hardware.biometrics.hwfacerecognize@2.0-service: Enter sendCommand()
01-25 17:44:26.287  1061  1210 I HalFaceRecognize: enter send command
01-25 17:44:26.287  1061  1210 I HalFaceRecognizeManager: SetNeedEyeOpen
01-25 17:44:26.287  1061  1210 I vendor.huawei.hardware.biometrics.hwfacerecognize@2.0-service: Enter setFlag()
01-25 17:44:26.287  1061  1210 I HalFaceRecognize: enter setFlag 64
01-25 17:44:26.287  1061  1210 I HalFaceRecognizeManager: SetFlag
01-25 17:44:26.287  1061  1210 I vendor.huawei.hardware.biometrics.hwfacerecognize@2.0-service: Enter authenticate()
01-25 17:44:26.287  1061  1210 I HalFaceRecognizeManager: Authenticate
01-25 17:44:26.287  1061  5493 I HalFaceRecognizeThread: thread start
01-25 17:44:26.287  1061  5493 I HalAuthenticateTask: AuthenticateTask start doaction
