01-25 17:44:26.313 28034 28034 W ntrollerServic: type=1400 audit(0.0:1725575): avc: denied { read } for pid=28034 name="u:object_r:device_config_runtime_native_prop:s0" dev="tmpfs" ino=13732 scontext=u:r:priv_app:s0:c512,c768 tcontext=u:object_r:device_config_runtime_native_prop:s0 tclass=file permissive=0
01-25 17:44:26.287  1061  5493 I hal_facerecognize_device: Begin authenticate.
01-25 17:44:26.287  1061  5493 I hal_cameradevicemanager_base: SetRemoteAuth 0
01-25 17:44:26.287  1061  5493 I hal_facerecognize_device: Enter prepare.
01-25 17:44:26.287  1061  5493 I hal_facerecognize_device: Enter getEntry.
01-25 17:44:26.287  1061  5493 I hal_facerecognize_device: Prepare param 0x40.
01-25 17:44:26.287  1061  5493 I FaceRecognizeCa: entering SetChanllenge
01-25 17:44:26.287  1061  5493 I FaceRecognizeCa: Entering FrSendUint64Cmd
01-25 17:44:26.288  1061  5493 I faceidalgo: prepare start
01-25 17:44:26.288  1061  5493 I SensorGather: enter start()
01-25 17:44:26.288  2564  2881 I NcDftChip: NcChipDftEvent receive:NcChipDftEvent{Id=913900099, Length=32, Flag=0}
01-25 17:44:26.289  1514  3525 W ProcBatteryStats: timer is running , not start, name: com.android.phone, uid: 1001, tag: *telephony-radio*
01-25 17:44:26.290  2581  3359 I SarControl_Manager: setMaxTxPower, result=true, type=DSI, power=8192
01-25 17:44:26.290  2581  3359 I SarControl_Manager: handleControlSAR, end, result=true, mSarHasDownAntenna=8192, mSarHasDownWifi=-1, mLastSarWifi24GHzReduce=-1, mLastSarWifi5GHzReduce=-1
01-25 17:44:26.290  1061  5493 I SensorGather: enter configSensor(), sensorType is 4
01-25 17:44:26.290  1066  4264 V Camera3-Device: isCustomizedMode: expo time 0, pro mode 0, exposure mode 0
01-25 17:44:26.290  1061  5493 I SensorGather: enter start() gyroRet 0
01-25 17:44:26.290  1061  5493 I SensorGather: enter configSensor(), sensorType is 5
01-25 17:44:26.290  1061  5493 I SensorGather: enter start() lightRet 0
01-25 17:44:26.290  1061  5493 I SensorGather: enter configSensor(), sensorType is 9
01-25 17:44:26.290  1061  5493 I SensorGather: enter start() gravityRet 0
01-25 17:44:26.290  1514  3525 I WindowManager: mAodShowing=false isWindowManagerDrawComplete=false
01-25 17:44:26.290  1514  2790 I SensorService: createSensorEventConnection begin
01-25 17:44:26.290  1514  2790 I SensorService: SensorEventConnection begin
01-25 17:44:26.291  1514  2790 I SensorService: SensorEventConnection end
01-25 17:44:26.291  1514  2790 I SensorService: createSensorEventConnection end
01-25 17:44:26.291  1061  5493 I SensorGather: enter enableSensor(), sensorType is 4
01-25 17:44:26.291  1066  4264 V Camera3-Device: stream 0 now have 2 buffer caches, buf 0xf201b300
01-25 17:44:26.291  1514  2790 I SensorService: enable begin
01-25 17:44:26.291  1514  2790 I SensorService: batch begin
01-25 17:44:26.291  1090  1090 E Sensors@1.2-impl: Sensors::batch: sensorHandle: 5, samplingPeriodNs: 10000000, maxReportLatencyNs: 0
01-25 17:44:26.291  1090  1090 I Sensors@1.2-impl: IsConfigParamNeedUpdate: service: 1514, sensor: 5, first set config, create it
01-25 17:44:26.291  1090  1090 I Sensors@1.2-impl: SetReportConfig: the sensor not find, create it
01-25 17:44:26.291  1090  1090 I Sensors@1.2-impl: GetSensorConfig: sensor: 5, Can't get param
01-25 17:44:26.292  1090  1090 I Sensors@1.2-impl: GetSensorConfig: sensor: 5, Can't get param
01-25 17:44:26.292  1090  1090 I Sensors@1.2-impl: JudgeOptimizeConfig: sensor: 5, oldPeriod: 0, initPeroid: 10000000
01-25 17:44:26.292  1090  1090 I Sensors@1.2-impl: SetOptimizeConfig: sensor: 5 first setconfig, create it
01-25 17:44:26.292  1090  1090 I Sensors@1.2-impl: GetSampleFifoConfig: sensor: 5, period: 10000000, reportDelay: 0
01-25 17:44:26.292  1090  1090 I SensorHub: batch called handle:5 sampleNs:10000000 latencyNs:0
01-25 17:44:26.292  1090  1090 I SensorHub: in Batch, handle = 5, flags = 0, periodNs = 10000000, timeout = 0
01-25 17:44:26.292  1066  4264 V Camera3-Device: isCustomizedMode: expo time 0, pro mode 0, exposure mode 0
01-25 17:44:26.292  1514  2790 I SensorService: batch end
01-25 17:44:26.292  1514  2790 I SensorService: enableSensor handle:5, packageName:hidl_client_pid_1061, opPackageName:android.frameworks.sensorservice@1.0::ISensorManager , rate=10000000
01-25 17:44:26.292  1066  4264 V Camera3-Device: stream 0 now have 3 buffer caches, buf 0xf201b480
01-25 17:44:26.292  1514  2790 I SensorService: enable activate begin
01-25 17:44:26.293  1090  1090 I Sensors@1.2-impl: activate-5 enabled-1 fwkOals-1 camOals-1 fwkOcolor-1 camOcolor-0 fwkOtof-0 camOtof-0
01-25 17:44:26.293  1090  1090 I Sensors@1.2-impl: GetTotalOpenCnt: The sensor haven't open
01-25 17:44:26.293  1090  1090 I Sensors@1.2-impl: IsOpenNeedUpdate: service: 1514, sensor: 5, open: 1, openCnt: 0
01-25 17:44:26.293  1090  1090 I SensorHub: Activate, handle: 5, enabled:1, err: 0
01-25 17:44:26.293  1514  2790 I SensorService: enable activate end
01-25 17:44:26.293  1514  2790 I SensorService: enable end
01-25 17:44:26.293  1061  5493 I SensorGather: enter enableSensor(), sensorType is 5
01-25 17:44:26.293  1514  2790 I SensorService: enable begin
01-25 17:44:26.293  1514  2790 I SensorService: batch begin
01-25 17:44:26.293  1090  1090 E Sensors@1.2-impl: Sensors::batch: sensorHandle: 3, samplingPeriodNs: 10000000, maxReportLatencyNs: 0
01-25 17:44:26.293  1090  1090 I Sensors@1.2-impl: IsConfigParamNeedUpdate: service: 1514, sensor: 3, first set config, create it
01-25 17:44:26.293  1090  1090 I Sensors@1.2-impl: GetSensorConfig: sensor: 3, Can't get param
01-25 17:44:26.293  1090  1090 I Sensors@1.2-impl: JudgeOptimizeConfig: sensor: 3, oldPeriod: 0, initPeroid: 0
01-25 17:44:26.293  1090  1090 I Sensors@1.2-impl: SetOptimizeConfig: sensor: 3, period: 10000000, reportDelay: 0
01-25 17:44:26.293  1090  1090 I Sensors@1.2-impl: GetSampleFifoConfig: sensor: 3, period: 10000000, reportDelay: 0
01-25 17:44:26.293  1090  1090 I SensorHub: batch called handle:3 sampleNs:10000000 latencyNs:0
01-25 17:44:26.293  1090  1090 I SensorHub: in Batch, handle = 3, flags = 0, periodNs = 10000000, timeout = 0
01-25 17:44:26.293  1514  2790 I SensorService: batch end
01-25 17:44:26.294  1514  2790 I SensorService: enableSensor handle:3, packageName:hidl_client_pid_1061, opPackageName:android.frameworks.sensorservice@1.0::ISensorManager , rate=10000000
01-25 17:44:26.294  1066  4264 V Camera3-Device: isCustomizedMode: expo time 0, pro mode 0, exposure mode 0
01-25 17:44:26.294  1514  2790 I SensorService: enable activate begin
01-25 17:44:26.294  1514  2790 I SensorService: enable activate end
01-25 17:44:26.294  1514  2790 I SensorService: enable end
01-25 17:44:26.294  1066  4264 V Camera3-Device: stream 0 now have 4 buffer caches, buf 0xf201bf00
01-25 17:44:26.294  1061  5493 I SensorGather: enter enableSensor(), sensorType is 9
01-25 17:44:26.294  1514  2790 I SensorService: enable begin
01-25 17:44:26.294  1514  2790 I SensorService: batch begin
01-25 17:44:26.294  1090  1090 E Sensors@1.2-impl: Sensors::batch: sensorHandle: 6, samplingPeriodNs: 10000000, maxReportLatencyNs: 0
01-25 17:44:26.294  1090  1090 I Sensors@1.2-impl: IsConfigParamNeedUpdate: service: 1514, sensor: 6, first set config, create it
01-25 17:44:26.294  1090  1090 I Sensors@1.2-impl: SetReportConfig: the sensor not find, create it
01-25 17:44:26.294  1090  1090 I Sensors@1.2-impl: GetSensorConfig: sensor: 6, Can't get param
01-25 17:44:26.294  1090  1090 I Sensors@1.2-impl: GetSensorConfig: sensor: 6, Can't get param
01-25 17:44:26.294  1090  1090 I Sensors@1.2-impl: JudgeOptimizeConfig: sensor: 6, oldPeriod: 0, initPeroid: 10000000
01-25 17:44:26.294  1090  1090 I Sensors@1.2-impl: SetOptimizeConfig: sensor: 6 first setconfig, create it
01-25 17:44:26.294  1090  1090 I Sensors@1.2-impl: GetSampleFifoConfig: sensor: 6, period: 10000000, reportDelay: 0
01-25 17:44:26.294  1090  1090 I SensorHub: batch called handle:6 sampleNs:10000000 latencyNs:0
01-25 17:44:26.294  1090  1090 I SensorHub: in Batch, handle = 6, flags = 0, periodNs = 10000000, timeout = 0
01-25 17:44:26.295  1514  2790 I SensorService: batch end
01-25 17:44:26.295  1514  2790 I SensorService: enableSensor handle:6, packageName:hidl_client_pid_1061, opPackageName:android.frameworks.sensorservice@1.0::ISensorManager , rate=10000000
01-25 17:44:26.295  1514  2790 I SensorService: enable activate begin
01-25 17:44:26.295  1090  1090 I Sensors@1.2-impl: activate-6 enabled-1 fwkOals-1 camOals-1 fwkOcolor-1 camOcolor-0 fwkOtof-0 camOtof-0
01-25 17:44:26.295  1090  1090 I Sensors@1.2-impl: GetTotalOpenCnt: The sensor haven't open
01-25 17:44:26.295  1090  1090 I Sensors@1.2-impl: IsOpenNeedUpdate: service: 1514, sensor: 6, open: 1, openCnt: 0
01-25 17:44:26.295  1090  1090 I SensorHub: Activate, handle: 6, enabled:1, err: 0
01-25 17:44:26.295  1514  2790 I SensorService: enable activate end
01-25 17:44:26.295  1514  2790 I SensorService: enable end
01-25 17:44:26.295  1061  5493 I AgentThread: enterTee 
01-25 17:44:26.295  1061  5536 I AgentThread: prepare4TeeAgent start
01-25 17:44:26.295  1061  5536 I FaceRecognizeCa: Entre HwFacePrepareForTeeAgent.
01-25 17:44:26.295  1061  5536 I FaceRecognizeCa: Enter KeepSessionForAgent.
01-25 17:44:26.295  1061  4008 I CAMsgController: threadLoop, cmd:14 
01-25 17:44:26.295  1061  4008 I MsgManager: setMsg FACEID_MSG_CODE_NOTIFY_AGENT_THREAD_STARTED
01-25 17:44:26.295  1061  4008 I AgentThread: notifyStarted 
01-25 17:44:26.296  1061  5493 I faceidalgo: prepare FaceBaseRect: left(0) top(0) right(0) bottom(0)
01-25 17:44:26.296  1061  5493 I faceidalgo: prepare sensorType: 1
01-25 17:44:26.296  1061  5493 I FaceRecognizeCa: Entre HwFaceExec cmd is 0x80005.
01-25 17:44:26.296  1061  5493 I FaceRecognizeCa: HwTeeExec 0x80005.
01-25 17:44:26.297  1069  1284 D dubaid  : [BufferedLogServer.cpp] ReceiveMessage# Received buffered log from dubai_driver-0
01-25 17:44:26.297  1069  1284 D dubaid  : [BufferedLogServer.cpp] ReceiveMessage# Received buffered log from dubai_driver-0
01-25 17:44:26.298  1093  5507 W /vendor/bin/hiaiserver: [NPUCL] [Handle:124] secAction:0, fqmode:3.
01-25 17:44:26.299  1093  5507 W RUNTIME : DeviceOpen:744 DeviceOpen success.
01-25 17:44:26.299  1093  5507 W RUNTIME : PrimaryContextRetain:359 Context IncRef, count = 0x1
01-25 17:44:26.299  1093  5507 W RUNTIME : rtDeviceModeSwitch:137 DeviceModeSwitch, deviceId = 0
01-25 17:44:26.299  1093  5507 W RUNTIME : DeviceSwitchMode:211 devid = 0, modeType = 1, current secure state = 0, expect secure state = 1
01-25 17:44:26.299  1093  5507 W RUNTIME : EnterWorkMode:242 devid = 0, modeType = 1, current secure state = 0
01-25 17:44:26.303 12005 12024 I aptouch_daemon: get_uevent, status is 0x6965
01-25 17:44:26.303 12005 12024 I aptouch_daemon: broadcast, UEVENT_SCREEN_ON
01-25 17:44:26.303 12005 12027 I aptouch_daemon: operator(), add_uevent_callback thread
01-25 17:44:26.303 12005 12023 I aptouch_daemon: operator(), add_uevent_callback thread
01-25 17:44:26.303 12005 12025 I aptouch_daemon: should_bypass_due_to_holdon, wakeup. m_holdon=0, m_active=1, UEVENT_SCREEN_ON.
01-25 17:44:26.303  1093  5507 W RUNTIME : EnterWorkMode:275 change to state = 1, workmode_set = 0x2
01-25 17:44:26.303  1093  5507 I         : Call setFunc ret: 0
01-25 17:44:26.303  1093  5507 I         : message cmd process ret[0], cmd[100].
01-25 17:44:26.304  1066  4264 V Camera3-Device: isCustomizedMode: expo time 0, pro mode 0, exposure mode 0
01-25 17:44:26.304  1066  4264 V Camera3-Device: stream 0 now have 5 buffer caches, buf 0xf201c080
01-25 17:44:26.304  1060  1083 I bastetd : [BastetDevice   ] IndScreenState# Screen on: 1
01-25 17:44:26.305  1089  1245 D COMMRIL : ComrilTimerStart TimerId = 25, tv->tv_sec = 1
01-25 17:44:26.305   799   799 I SurfaceFlinger: Setting power mode 2 on display 0 usedTime=94ms
01-25 17:44:26.306   799   799 I SurfaceFlinger: Finished setting power mode 2 on display 0
01-25 17:44:26.306  1514  2081 D HwBatteryService: mPowerSupplyObserver,event:com.huawei.android.os.UEventObserverExt$UEvent@31c5780
01-25 17:44:26.306  1514  2081 D HwBatteryService: mPowerSupplyObserver,UI_HEATING_STATUS is not 1 neither 0
01-25 17:44:26.306  1514  2081 W HwAudioServiceEx: wrong state from observer, do nothing.
01-25 17:44:26.306  1514  2081 I HwUsbDeviceManager: water_intrused state= 0
01-25 17:44:26.309  1066  4264 V Camera3-Device: isCustomizedMode: expo time 0, pro mode 0, exposure mode 0
01-25 17:44:26.309  1066  4264 V Camera3-Device: stream 0 now have 6 buffer caches, buf 0xf201c200
01-25 17:44:26.310  2351  4269 D AnimationRender: onSurfaceCreated: 
01-25 17:44:26.310   799   799 I SurfaceFlinger: processDisplayChangesLocked:3432 the current display is different from the drawing dispaly.
01-25 17:44:26.310  1066  4264 V Camera3-Device: isCustomizedMode: expo time 0, pro mode 0, exposure mode 0
01-25 17:44:26.310  1066  4264 V Camera3-Device: stream 0 now have 7 buffer caches, buf 0xf201c500
01-25 17:44:26.311   783  2131 I motion@1.0-service: motion-hal Motion::readEvents motionType: 11
01-25 17:44:26.311   783  2131 D motion@1.0-service: motion-hal Motion::ReadHwStepCounter motionType == MOTIONHUB_TYPE_HW_STEP_COUNTER
01-25 17:44:26.311   783  2131 I motion@1.0-service: motion-hal Motiontest::get stepcount!
01-25 17:44:26.311   783   812 I motion@1.0-service: pollMotionResult g_pollResultReturn = 23
01-25 17:44:26.311  1514  2132 D         : HWExtMotionService Motioncallback ret_cb:23 , motion_cb:11 , length_cb:23
01-25 17:44:26.311  1514  2132 D         : HWExtMotionService valueSize:23 
01-25 17:44:26.311  1514  2132 D         : HWExtDeviceService getActiveConnections 
01-25 17:44:26.311  1514  2132 D         : HWExtDeviceService connSize:1 
01-25 17:44:26.311  1082  1895 I SensorManager: powerUpDone: enter
01-25 17:44:26.311  1082  1895 I SensorManager: powerUp(328) 0x7593cb6d40: enter pos(7) name=(C014WRJ_M030) CAMERA_PS_POWERUP
01-25 17:44:26.311  1082  1895 I NoahPipeline: SensorInitialize ispKind:0
01-25 17:44:26.311  1082  1473 I FlickerSensorImpl: enableSensor: sensor_handle:700, enabled:true, sampling_period_ns:500000
01-25 17:44:26.311  1082  1895 I HispSensorController: openCamera: camera id = [1] enter. 
01-25 17:44:26.311  1082  1895 I HispManager: mapBuffer: mapCount 1 nMap=0 nMapCount=1
01-25 17:44:26.311  1082  1895 I Hisp300Manager: mapMemPool4IspAddr:ISP_index=0,size=23068672,start_addr=0x8000000,ion_iova=0x8000000
01-25 17:44:26.311  1082  1895 I Hisp300Manager: mapMemPool4IspAddr:ISP_index=1,size=58720256,start_addr=0x9600000,ion_iova=0x9600000
01-25 17:44:26.312  1090  1132 D SensorHub: huawei Hal get step event
01-25 17:44:26.312   783  2131 D motion@1.0-service: g_motionPollResultReady::unlock out
01-25 17:44:26.312   783  2131 I motion@1.0-service: ActMotionCb motionClientVector.size = 0
01-25 17:44:26.312   783  2131 I motion@1.0-service: ActMotionCb out
01-25 17:44:26.312  2581  2756 D         : ALOGD: HWExtDeviceManager::notifyDeviceData  type: 1100 
01-25 17:44:26.312  2581  2756 D         : HWExtDeviceManager::notifyDeviceData handleEvent uniqueId : 110001
01-25 17:44:26.313  1089  1239 D COMMRIL : ComrilTimerStart TimerId = 24, tv->tv_sec = 1
01-25 17:44:26.313  1090  1134 I Sensors@1.2-impl: extendSensorActivate
01-25 17:44:26.315  1060  1083 I bastetd : [BastetCommon   ] HandleProxySupport# Support mask: 0x55
01-25 17:44:26.315  1060  1083 I bastetd : [BastetDevice   ] NotifyProxyAvailable# available=0
01-25 17:44:26.315   761  3862 I hwcomposer: Refresh:76: [colorMgr] set GPU mode = 258
01-25 17:44:26.315  1093  5507 I         : message cmd process ret[0], cmd[103].
01-25 17:44:26.315  1090  1134 I Sensors@1.2-impl: open extendSensorActivate FLK_SENSOR
01-25 17:44:26.315   761  3862 I hwcomposer: SetWCGInfo:144: [colorMgr] set colorMgr type:1!
01-25 17:44:26.316   773  1407 I hisi_effect: SetEffectInfo:367: modules=20 dispPanelId=0
01-25 17:44:26.316  1514  2778 W ProcBatteryStats: timer is running , not start, name: com.android.phone, uid: 1001, tag: RILJ_ACK_WL
01-25 17:44:26.316 28034 28034 E libc    : Access denied finding property "persist.device_config.runtime_native.use_app_image_startup_cache"
01-25 17:44:26.316  1090  1134 I Sensors@1.2-impl: colorActivate-26 enabled-1, fwkOcolor-1 camOcolor-0
01-25 17:44:26.316  1090  1134 I Sensors@1.2-impl: IsOpenNeedUpdate: service: 1082, sensor: 26, open: 1, openCnt: 1
01-25 17:44:26.316 28034 28034 E ntrollerServic: LoadAppImageStartupCache enabled : 1
01-25 17:44:26.317  1514  2790 I SensorService: enable begin
01-25 17:44:26.317  1514  2790 I SensorService: batch begin
01-25 17:44:26.317  1061  5493 I FlashSeqManager: prepare start
01-25 17:44:26.317  1061  5493 I FlashSeqManager: prepare end
01-25 17:44:26.317  1061  5493 I TimeOutManager: prepare start
01-25 17:44:26.317  1090  1134 E Sensors@1.2-impl: Sensors::batch: sensorHandle: 7, samplingPeriodNs: 10000000, maxReportLatencyNs: 0
01-25 17:44:26.317  1061  5493 I TimeOutManager: prepare end
01-25 17:44:26.317  1061  5493 I faceidalgo: prepare end
01-25 17:44:26.317  1090  1134 I Sensors@1.2-impl: IsConfigParamNeedUpdate: service: 1514, sensor: 7, first set config, create it
01-25 17:44:26.317  1061  5493 I hal_facerecognize_device: PerformanceTime:authentication begin.
01-25 17:44:26.317  1061  5493 I hal_facerecognize_device: Enter GetResult.
01-25 17:44:26.317  1061  5493 I hal_facerecognize_device: Enter getEntry.
01-25 17:44:26.317  1090  1134 I Sensors@1.2-impl: SetReportConfig: the sensor not find, create it
01-25 17:44:26.317  1061  5493 I faceidalgo: getResult start
01-25 17:44:26.317  1061  4013 I TimeOutManager: handleMessage mIndex:0, mTimeOutCount:16
01-25 17:44:26.317  1090  1134 I Sensors@1.2-impl: GetSensorConfig: sensor: 7, Can't get param
01-25 17:44:26.317  1090  1134 I Sensors@1.2-impl: GetSensorConfig: sensor: 7, Can't get param
01-25 17:44:26.317  2637  2637 D UserStateManager: TYPE_STEP_COUNTER not changes steps:295711
01-25 17:44:26.317  1090  1134 I Sensors@1.2-impl: JudgeOptimizeConfig: sensor: 7, oldPeriod: 0, initPeroid: 10000000
01-25 17:44:26.317  1090  1134 I Sensors@1.2-impl: SetOptimizeConfig: sensor: 7 first setconfig, create it
01-25 17:44:26.317  1090  1134 I Sensors@1.2-impl: GetSampleFifoConfig: sensor: 7, period: 10000000, reportDelay: 0
01-25 17:44:26.317  1090  1134 I SensorHub: batch called handle:7 sampleNs:10000000 latencyNs:0
01-25 17:44:26.317  1082  1895 I HispSensorController: checkBypass: bypass first camera for SECURE_SCENARIO_AUTHENTICATION
01-25 17:44:26.317  1090  1134 I SensorHub: in Batch, handle = 7, flags = 0, periodNs = 10000000, timeout = 0
01-25 17:44:26.317  1082  1895 I HispSensorController: acquireCameraById: logicalId id 1
01-25 17:44:26.317  1082  1895 I HispSensorController: allocOTPBuffer, alloc OTP buffer, size = 0x8024
01-25 17:44:26.317  1082  1895 I HispSensorController: getOTPBufferAddr,OTP buffer addr :0x4000000
01-25 17:44:26.317  1082  1895 I HispSensorController: getOTPBufferVaddr,OTP buffer vaddr :0x0x747adc6000
01-25 17:44:26.317  1082  1895 I HispSensorController: InitInputOTPBuffer: set otp buffer[4000000] size[32804]
01-25 17:44:26.317  1082  1895 I HispSensorController: UpdateReqInfo(904): positon 7 cameraId 2
01-25 17:44:26.317  1082  1895 I HispSensorController: updateSensorPhyInfo:phyinfo (0): is_master_sensor (1), phy_id (0), phy_mode (0),
01-25 17:44:26.317  1082  1895 I HispSensorController: 	 phy_freq_mode (0), phy_freq (92000000), phy_work_mode (0)
01-25 17:44:26.317  1082  1895 I HispSensorController: updateSensorExtendName: extend_name: m010_lumentum
01-25 17:44:26.317  1082  1895 E HispSensorController: checkOisCapacity(668) getData fail.
01-25 17:44:26.317  1082  1895 E HispSensorController: checkOisCapacity(673) getData fail.
01-25 17:44:26.317  1082  1895 I HispSensorController: checkOisCapacity mainOisIcType 0x0, teleOisIcType 0x0
01-25 17:44:26.317  1082  1895 I HispSensorController: checkOisCapacity isMultiOisSupported:1, dualOisSoloByIcCombination:0, req.capacity:0
01-25 17:44:26.318  1082  1895 D SensorOsCwrj: getImagingParameters: instance[0x0x75899a9018]. 
01-25 17:44:26.318  1082  1895 E HispSensorController: getCalibBuffer: calibData is nullptr,  size(0).
01-25 17:44:26.318  1082  1895 I HispSensorController: [C014WRJ_M030], camId=[2], csi=[0], i2c=[2], i2c_pad_type[1], [NOAH].
01-25 17:44:26.318  2581  2581 I HWExtDeviceManager: trigger onDeviceDataChanged : mListener : com.huawei.systemserver.ihealth.manager.HwStepCounter$1@620dcb3,type : 1100
01-25 17:44:26.318  2581  2581 D HwStepCounter: onDeviceDataChanged
01-25 17:44:26.318  2581  2581 W HwStepCounter: version : 1
01-25 17:44:26.318  1082  1895 I HispSensorController: #Camera# [17562982885] > Acquire_Camera
01-25 17:44:26.318  2581  2581 I HwStepCounter: dealReportData tm: 2022-01-25 17:43:46 steps_value[0] : 0 state_value[0]:5 level_value[0]:0
01-25 17:44:26.318  2581  2581 I HwStepCounter: dealReportData tm: 2022-01-25 17:43:46 steps_value[1] : 0 state_value[1]:5 level_value[1]:0
01-25 17:44:26.318  1514  2790 I SensorService: batch end
01-25 17:44:26.318  1514  2790 I SensorService: enableSensor handle:7, packageName:hidl_client_pid_1082, opPackageName:android.frameworks.sensorservice@1.0::ISensorManager , rate=10000000
01-25 17:44:26.318  1514  2790 I SensorService: enable activate begin
01-25 17:44:26.318  2581  3652 D HwStepCounter: ReportProxy client : 1
01-25 17:44:26.318  2581  3651 I StepCounterRemoteStub: Report client count 1
01-25 17:44:26.318  1090  1090 I Sensors@1.2-impl: activate-7 enabled-1 fwkOals-1 camOals-1 fwkOcolor-1 camOcolor-1 fwkOtof-0 camOtof-0
01-25 17:44:26.318  1090  1090 I Sensors@1.2-impl: GetTotalOpenCnt: The sensor haven't open
01-25 17:44:26.318  1090  1090 I Sensors@1.2-impl: IsOpenNeedUpdate: service: 1514, sensor: 7, open: 1, openCnt: 0
01-25 17:44:26.318  1090  1090 I SensorHub: Activate, handle: 7, enabled:1, err: 0
01-25 17:44:26.318  1514  2790 I SensorService: enable activate end
01-25 17:44:26.319  1514  2790 I SensorService: enable end
01-25 17:44:26.319 22610  8016 I R_Step_ExtendStepCounter: 1200101310|R|dataReport printTime != Consts.PRINT_ERROR_VALUE
01-25 17:44:26.319  1514  2790 I SensorService: enable begin
01-25 17:44:26.319  1514  2790 I SensorService: batch begin
01-25 17:44:26.320  1082  1895 I HispSensorController: #Camera# [17562982885] < Acquire_Camera
01-25 17:44:26.320  1082  1895 I HispSensorController: readTofEyeSafeInfoFromOemInfo, read 31, 0 data ok, oemsize: 72
01-25 17:44:26.320  1082  1895 I HispSensorController: readTofEyeSafeInfoFromOemInfo(1338):read otp value(0)
01-25 17:44:26.320  1082  1895 I HispSensorController: readTofEyeSafeInfoFromOemInfo, read 32, 75 data ok, oemsize: 72
01-25 17:44:26.320  1082  1895 I HispSensorController: readTofEyeSafeInfoFromOemInfo(1338):read otp value(75)
01-25 17:44:26.320  1082  1895 I HispSensorController: checkCameraStatus: readTofEysSafeInfo, power result 0, latin current 75
01-25 17:44:26.320  1082  1895 I HispSensorController: SendUsecaseInfoMsg: sensorInfo multi_mode=0, master_id=2;algoInfo multi_mode=0, master_id=2
01-25 17:44:26.320 22610 23833 I Step_LSC: 1200101310|R|onStandStepChanged 295711
01-25 17:44:26.321  1090  1134 E Sensors@1.2-impl: Sensors::batch: sensorHandle: 0, samplingPeriodNs: 10000000, maxReportLatencyNs: 0
01-25 17:44:26.321  1090  1134 I Sensors@1.2-impl: IsConfigParamNeedUpdate: service: 1514, sensor: 0, first set config, create it
01-25 17:44:26.321  1090  1134 I Sensors@1.2-impl: SetReportConfig: the sensor not find, create it
01-25 17:44:26.321  1090  1134 I Sensors@1.2-impl: GetSensorConfig: sensor: 0, Can't get param
01-25 17:44:26.321  1090  1134 I Sensors@1.2-impl: GetSensorConfig: sensor: 0, Can't get param
01-25 17:44:26.321  1090  1134 I Sensors@1.2-impl: JudgeOptimizeConfig: sensor: 0, oldPeriod: 0, initPeroid: 10000000
01-25 17:44:26.321  1090  1134 I Sensors@1.2-impl: SetOptimizeConfig: sensor: 0 first setconfig, create it
01-25 17:44:26.321  1090  1134 I Sensors@1.2-impl: GetSampleFifoConfig: sensor: 0, period: 10000000, reportDelay: 0
01-25 17:44:26.321  1090  1134 I SensorHub: batch called handle:0 sampleNs:10000000 latencyNs:0
01-25 17:44:26.321  1090  1134 I SensorHub: in Batch, handle = 0, flags = 0, periodNs = 10000000, timeout = 0
01-25 17:44:26.321  1082  1895 I HispSensorController: SendTofUsecaseCfgMsg: camid=2 usecaseconfig[0], width=1920, height=4
01-25 17:44:26.321  1082  1895 I HispSensorController: SendTofUsecaseCfgMsg: camid=2 usecaseconfig[10], width=1280, height=480
01-25 17:44:26.322  1514  2790 I SensorService: batch end
01-25 17:44:26.322  1514  2790 I SensorService: enableSensor handle:0, packageName:hidl_client_pid_1082, opPackageName:android.frameworks.sensorservice@1.0::ISensorManager , rate=10000000
01-25 17:44:26.322  1514  2790 I SensorService: enable activate begin
01-25 17:44:26.322  1090  1134 I Sensors@1.2-impl: activate-0 enabled-1 fwkOals-1 camOals-1 fwkOcolor-1 camOcolor-1 fwkOtof-0 camOtof-0
01-25 17:44:26.322  1090  1134 I Sensors@1.2-impl: GetTotalOpenCnt: The sensor haven't open
01-25 17:44:26.322  1090  1134 I Sensors@1.2-impl: IsOpenNeedUpdate: service: 1514, sensor: 0, open: 1, openCnt: 0
01-25 17:44:26.322  1090  1134 I SensorHub: Activate, handle: 0, enabled:1, err: 0
01-25 17:44:26.322  1514  2790 I SensorService: enable activate end
01-25 17:44:26.322  1514  2790 I SensorService: enable end
01-25 17:44:26.322 28034 28034 I ntrollerServic: Reinit property: dalvik.vm.checkjni= false
01-25 17:44:26.323  2351  4269 I AnimationRender: onSurfaceCreated, mNormalizedY:0.23851186
01-25 17:44:26.323 28034 28034 I ntrollerServic: ReInitProperties: persist.vm.debug.dumpapi= false
01-25 17:44:26.323  2351  4269 D AnimationRender: onSurfaceChanged: width = 1344; height = 2772
01-25 17:44:26.323  1514  1699 I SensorService: enable begin
01-25 17:44:26.323  2351  4269 D AnimationRender: checkBitmapSize width:1344,height:2772
01-25 17:44:26.323  2351  4269 I AnimationRender: onSurfaceChanged, mNormalizedY:0.23851186
01-25 17:44:26.323  2351  4269 W AnimationRender: onDrawFrame mBlurRadius:11
01-25 17:44:26.323  2351  4269 D AnimationRender: loadSrcTexture
01-25 17:44:26.323  1514  1699 I SensorService: batch begin
01-25 17:44:26.323  1514  1699 I SensorService: batch end
01-25 17:44:26.323  1090  1134 I SensorHub: Flush, handle = 5
01-25 17:44:26.323  1514  1699 I SensorService: enableSensor handle:5, packageName:hidl_client_pid_1082, opPackageName:android.frameworks.sensorservice@1.0::ISensorManager , rate=10000000
01-25 17:44:26.323  1514  1699 I SensorService: enable activate begin
01-25 17:44:26.323  1514  1699 I SensorService: enable activate end
01-25 17:44:26.323  1090  1132 I SensorHub: GetMetadDataEvent: handle = 5
01-25 17:44:26.323  1514  1699 I SensorService: enable end
01-25 17:44:26.323  1514  1699 I SensorService: enable begin
01-25 17:44:26.324  1514  1699 I SensorService: batch begin
01-25 17:44:26.324  1090  1090 E Sensors@1.2-impl: Sensors::batch: sensorHandle: 2, samplingPeriodNs: 10000000, maxReportLatencyNs: 0
01-25 17:44:26.324  1090  1090 I Sensors@1.2-impl: IsConfigParamNeedUpdate: service: 1514, sensor: 2, first set config, create it
01-25 17:44:26.324  1090  1090 I Sensors@1.2-impl: SetReportConfig: the sensor not find, create it
01-25 17:44:26.324  1090  1090 I Sensors@1.2-impl: GetSensorConfig: sensor: 2, Can't get param
01-25 17:44:26.324  1090  1090 I Sensors@1.2-impl: GetSensorConfig: sensor: 2, Can't get param
01-25 17:44:26.324  1090  1090 I Sensors@1.2-impl: JudgeOptimizeConfig: sensor: 2, oldPeriod: 0, initPeroid: 10000000
01-25 17:44:26.324  1090  1090 I Sensors@1.2-impl: SetOptimizeConfig: sensor: 2 first setconfig, create it
01-25 17:44:26.324  1090  1090 I Sensors@1.2-impl: GetSampleFifoConfig: sensor: 2, period: 10000000, reportDelay: 0
01-25 17:44:26.324  1090  1090 I SensorHub: batch called handle:2 sampleNs:10000000 latencyNs:0
01-25 17:44:26.324  1090  1090 I SensorHub: in Batch, handle = 2, flags = 0, periodNs = 10000000, timeout = 0
01-25 17:44:26.324  1514  2778 W ProcBatteryStats: timer is running , not start, name: com.huawei.ims, uid: 1001, tag: RILJ_IMS
01-25 17:44:26.324 28034 28034 E ntrollerServic: Not starting debugger since process cannot load the jdwp agent.
01-25 17:44:26.324  1514  1699 I SensorService: batch end
01-25 17:44:26.324  1514  1699 I SensorService: enableSensor handle:2, packageName:hidl_client_pid_1082, opPackageName:android.frameworks.sensorservice@1.0::ISensorManager , rate=10000000
01-25 17:44:26.324  1514  1699 I SensorService: enable activate begin
01-25 17:44:26.327  1090  1090 I SensorHub: batch called handle:8 sampleNs:10000000 latencyNs:0
01-25 17:44:26.327  1090  1090 I SensorHub: in Batch, handle = 8, flags = 0, periodNs = 10000000, timeout = 0
01-25 17:44:26.327  1514  1699 I SensorService: batch end
01-25 17:44:26.327  1514  1699 I SensorService: enableSensor handle:8, packageName:hidl_client_pid_1082, opPackageName:android.frameworks.sensorservice@1.0::ISensorManager , rate=10000000
01-25 17:44:26.327  1514  1699 I SensorService: enable activate begin
01-25 17:44:26.328  1090  1090 I Sensors@1.2-impl: activate-8 enabled-1 fwkOals-1 camOals-1 fwkOcolor-1 camOcolor-1 fwkOtof-0 camOtof-0
01-25 17:44:26.328  1090  1090 I Sensors@1.2-impl: GetTotalOpenCnt: The sensor haven't open
01-25 17:44:26.328  1090  1090 I Sensors@1.2-impl: IsOpenNeedUpdate: service: 1514, sensor: 8, open: 1, openCnt: 0
01-25 17:44:26.328  1090  1090 I SensorHub: Activate, handle: 8, enabled:1, err: 0
01-25 17:44:26.332  1514  1703 I DisplayPowerController: Animating brightness: target=-1, rate=0,brightnessTargetReal=-1,AutoBrightness=true
01-25 17:44:26.339  1007  1007 D pmom_cat: read_ret=4132
01-25 17:44:26.339  1007  1007 D pmomd   : dubai_send_data# new inquires arrived, timestamp=985971833
01-25 17:44:26.339  1007  1007 D pmomd   : free_list# free list, count=0
01-25 17:44:26.339  1007  1007 D pmomd   : add_element# add element, count=1
01-25 17:44:26.339  1007  1007 D pmomd   : add_driver_data# add driver data
01-25 17:44:26.339  1007  1007 D pmomd   : add_element# add element, count=2
01-25 17:44:26.339  1007  1007 D pmomd   : add_nr_rrc_data# add nr rrc data
01-25 17:44:26.339  1007  1007 D pmomd   : add_element# add element, count=3
01-25 17:44:26.339  1007  1007 D pmomd   : add_nrphy_data# add nrphy data
01-25 17:44:26.339  1007  1007 D pmomd   : add_element# add element, count=4
01-25 17:44:26.339  1007  1007 D pmomd   : add_driver_data# add driver data
01-25 17:44:26.339  1007  1007 D pmomd   : add_element# add element, count=5
01-25 17:44:26.339  1007  1007 D pmomd   : add_was_data# add was data modemId:11 fach:0 urapch:0 cellpch:0 dch:0 idle:60120 idlecnt:0 pchcnt:0 fachcnt:0
01-25 17:44:26.339  1007  1007 D pmomd   : add_element# add element, count=6
01-25 17:44:26.339  1007  1007 D pmomd   : add_was_data# add was data modemId:267 fach:0 urapch:0 cellpch:0 dch:0 idle:60120 idlecnt:0 pchcnt:0 fachcnt:0
01-25 17:44:26.339  1007  1007 D pmomd   : send_data# send buffered log, buf_length=1332, head_length=8, data_length=1324
01-25 17:44:26.341  1069  1284 D dubaid  : [BufferedLogServer.cpp] ReceiveMessage# Received buffered log from dubai_driver-0
01-25 17:44:26.342  1069  1284 D dubaid  : [BufferedLogServer.cpp] ReceiveMessage# Received buffered log from dubai_driver-0
01-25 17:44:26.342   773   773 E DE H =DE: setAmoled:111: can not support this mode: MODE_DISABLE!
01-25 17:44:26.342  1514  1668 W AOD_HwPWM:  startAodService end success.
01-25 17:44:26.342  1514  1668 I PickUpWakeScreenManager: Face Dectect wakeUpInternal type:android.policy:HWPICKUP#1000
01-25 17:44:26.342  1514  1514 I WindowManager: UL_Power Started waking up... (why=ON_BECAUSE_OF_UNKNOWN)
01-25 17:44:26.343  2351 16545 I KeyguardService: KGSvcCall onStartedWakingUp.
01-25 17:44:26.345  1514  6450 D ActivityTaskManager: canShowActivityWhileKeyguardShowing false r=ActivityRecord{2bf3d44 u0 com.idlefish.flutterboost.example/.MainActivity t6085}
01-25 17:44:26.345  2351  2579 D TimeKeeper: getTimeTickInfo:[mMillisUntilFinished:0, mHour:0, mMinute:0, mSecond:0]
01-25 17:44:26.345  1007  1007 D pmomd   : free_list# free list, count=6
01-25 17:44:26.345  1007  1007 D pmom_cat: read_off=0x1024, left=0x0
01-25 17:44:26.345  1007  1007 D pmom_cat: 
01-25 17:44:26.345  1514  3525 I HwAodManagerService: getAodPosition ready mPosX=0 mPosY=0
01-25 17:44:26.348  1082  1895 I HispSensorController: ConnectCamera: get phyinfo : camid(2), csiIndex(2), i2cIndex(0), phyId(0), phyMode(0), phyFreqMode(0), phyFreq(92000000), phyWorkMode(0)
01-25 17:44:26.356  1082  1485 I HISPPipelineMsgManager: pipelineId29 requestAck1(0):map(401),status(0),rawValid(0),meta(0),ts(1643103866/353079)
01-25 17:44:26.356  1082  1485 E HispFilter: onBufferDequeued: (#1) buf(0x4a20000) wasn't in buffer package !
01-25 17:44:26.356  1082  1485 W HispFilter: dequeueISPBuffer: (#1) dequeue ISP buffer (0x4a20000) failed !
01-25 17:44:26.356  1082  1485 E HispFilter: onBufferDequeued: (#1) buf(0x48f0000) wasn't in buffer package !
01-25 17:44:26.356  1082  1485 W HispFilter: dequeueISPBuffer: (#1) dequeue ISP buffer (0x48f0000) failed !
01-25 17:44:26.356  1082  1895 I HispSensorController: getTofLatinErrStatus: get latin error flag 0x4, offset 3927
01-25 17:44:26.356  1082  1895 I HispSensorController: StartTofStreamAndCheckLatinError: propDisableCheck=0
01-25 17:44:26.356  1082  1895 I CameraBufferAllocator: [CBA]Free: size(8) fmt(0x9c) name(HISP300:spEmbededBuf) total(234672) time(0)
01-25 17:44:26.356  1082  1895 I CameraBufferAllocator: [CBA]Free: size(1200) fmt(0x6d) name(HISP300:spRawBuf) total(233472) time(0)
01-25 17:44:26.356  1082  1895 I HispSensorController: stopTofStream: flush
01-25 17:44:26.357  1082  1895 I HispSensorController: stopTofStream: stream off
01-25 17:44:26.358  1082  1895 I NoahPipeline: SensorInitialize(225). open camera success
01-25 17:44:26.358  1082  1894 I NoahPipeline: #Camera# [17562890865]< NoahPipeline_PowerUp
01-25 17:44:26.358  1082  1894 I States  : InitCameraDvfs isDvfsSupport = 1
01-25 17:44:26.358  1082  1894 D CameraDvfs: VoteIspCfgData: HISP_CONFIG_ISP_TURBO
01-25 17:44:26.358  1082  1894 D CameraDvfs: VoteR8CfgData: HISP_CONFIG_R8_TURBO
01-25 17:44:26.358  1082  1894 D States  : STAGELIFECTRL start to attach every StageBase, pipelineId=29
01-25 17:44:26.358  1082  1894 D States  : STAGELIFECTRL end to attach every StageBase, pipelineId=29
01-25 17:44:26.359  1082  1894 I StreamManager: TimestampEtInit: t1(1643103866359045) t2(2607013953994)
01-25 17:44:26.359  1082  1894 D ImagingPipeline: ProcessFirstHALRequest
01-25 17:44:26.359  1082  1894 D HotplugManager: CreateHotplugPipeline(89): instance[0x74fa113730].
01-25 17:44:26.360  2351  4269 W AnimationRender: drawPostProcessAndRenderToScreen0.8869385
01-25 17:44:26.364  1514  1514 I WiFi_PRO_WifiProStateMachine: slotId = 1, isVoWifi = false, regState = UNREGISTERED
01-25 17:44:26.365  1082  1894 I ReprocessManager: CReprocessManager enter(0x7558d3a800)!
01-25 17:44:26.365  1082  1894 I ReprocessStage: createFilterManager id: 29 repro manager: 0x7558d3a800
01-25 17:44:26.365  1082  1894 I multicamera: LoadSceneStreamModeMask: mixMode=0
01-25 17:44:26.365  1082  1894 D AlgoFilterManager: [HWA_CAM3]KEY_CA_CAM3 enter createPlugin, mPipeLineId=11, mIsPlugInCreated=0
01-25 17:44:26.365  1082  1894 D IppAlgo : [HWA_CAM3]ipp=PostIpp KEY_CA_CAM3 PREV enter createPlugin this=0x74fa1d0a08
01-25 17:44:26.366 28034  4296 I ActivityThread: Init compatible state: false
01-25 17:44:26.367 28034  4296 D HwFrameworkSecurityPartsFactory: HwFrameworkSecurityPartsFactory in.
01-25 17:44:26.367 28034  4296 I HwFrameworkSecurityPartsFactory: add HwFrameworkSecurityPartsFactory to memory.
01-25 17:44:26.367 28034  4296 D BehaviorCollectManager: hook process for AI virus second
01-25 17:44:26.367  2351  4269 D AnimationRender: onDrawFrame cost time:44
01-25 17:44:26.367 28034 28034 I LoadedApk: makePaths: outLibPaths=[/hw_product/app/HwCamera2/lib/arm, /hw_product/app/HwCamera2/base-master.apk!/lib/armeabi-v7a, /system/lib:/hw_product/lib]
01-25 17:44:26.368 28034 28034 D ApplicationLoaders: Returning zygote-cached class loader: /system/framework/android.hidl.base-V1.0-java.jar
01-25 17:44:26.368 28034 28034 D ApplicationLoaders: Returning zygote-cached class loader: /system/framework/android.hidl.manager-V1.0-java.jar
01-25 17:44:26.368 28034 28034 D ApplicationLoaders: Returning zygote-cached class loader: /system/framework/android.hidl.base-V1.0-java.jar
01-25 17:44:26.368 28034 28034 D ApplicationLoaders: createClassLoader zip: /system/framework/com.huawei.audioalgo.jar librarySearchPath: /hw_product/app/HwCamera2/lib/arm:/hw_product/app/HwCamera2/base-master.apk!/lib/armeabi-v7a:/system/lib:/hw_product/lib libraryPermittedPath: /data/user/0/com.huawei.camera:/hw_product/app/HwCamera2:/system/lib:/hw_product/lib parent: java.lang.BootClassLoader@e2c3fb3 targetSdkVersion: 28 isBundled: true classLoaderName: null sharedLibraries: null
01-25 17:44:26.369 28034 28034 I ntrollerServic: The ClassLoaderContext is a special shared library.
01-25 17:44:26.370 28034  4296 I BehaviorCollectManager: bindAnalyzerService: huawei.android.security.IAppBehaviorDataAnalyzer$Stub$Proxy@204b851 pid:28034
01-25 17:44:26.371 28034 28034 D ApplicationLoaders: createClassLoader zip: /system/framework/hwpostcamera.jar librarySearchPath: /hw_product/app/HwCamera2/lib/arm:/hw_product/app/HwCamera2/base-master.apk!/lib/armeabi-v7a:/system/lib:/hw_product/lib libraryPermittedPath: /data/user/0/com.huawei.camera:/hw_product/app/HwCamera2:/system/lib:/hw_product/lib parent: java.lang.BootClassLoader@e2c3fb3 targetSdkVersion: 28 isBundled: true classLoaderName: null sharedLibraries: null
01-25 17:44:26.371 28034 28034 I ntrollerServic: The ClassLoaderContext is a special shared library.
01-25 17:44:26.371  1514  2510 I WindowManager: mAodShowing=false isWindowManagerDrawComplete=false
01-25 17:44:26.372 28034 28034 D ApplicationLoaders: createClassLoader zip: /system/framework/org.apache.http.legacy.jar librarySearchPath: /hw_product/app/HwCamera2/lib/arm:/hw_product/app/HwCamera2/base-master.apk!/lib/armeabi-v7a:/system/lib:/hw_product/lib libraryPermittedPath: /data/user/0/com.huawei.camera:/hw_product/app/HwCamera2:/system/lib:/hw_product/lib parent: java.lang.BootClassLoader@e2c3fb3 targetSdkVersion: 28 isBundled: true classLoaderName: null sharedLibraries: null
01-25 17:44:26.372 28034 28034 I ntrollerServic: The ClassLoaderContext is a special shared library.
01-25 17:44:26.373  2581  2581 I BoosterTelephonyCollector: unsol oem Data, moduleId=100, moduleLen=13, msgId=2, msgLen=9
01-25 17:44:26.373  2581  2581 E OllieDecodeOemHookRaw: decodeModuleHdr skip, moduleId:100 moduleLen:13
01-25 17:44:26.373  2581  3026 E HwCommBoosterManager: handleUnsolOemHook pluginID invalid
01-25 17:44:26.373  2581  3026 E BoosterNty: onOemHookRawEvent decodes failed.
01-25 17:44:26.374 28034 28034 D ApplicationLoaders: createClassLoader zip: /hw_product/app/HwCamera2/base-master.apk librarySearchPath: /hw_product/app/HwCamera2/lib/arm:/hw_product/app/HwCamera2/base-master.apk!/lib/armeabi-v7a:/system/lib:/hw_product/lib libraryPermittedPath: /data/user/0/com.huawei.camera:/hw_product/app/HwCamera2:/system/lib:/hw_product/lib parent: java.lang.BootClassLoader@e2c3fb3 targetSdkVersion: 28 isBundled: true classLoaderName: null sharedLibraries: [dalvik.system.PathClassLoader[DexPathList[[zip file "/system/framework/android.hidl.manager-V1.0-java.jar"],nativeLibraryDirectories=[/system/lib, /hw_product/lib]]], dalvik.system.PathClassLoader[DexPathList[[zip file "/system/framework/android.hidl.base-V1.0-java.jar"],nativeLibraryDirectories=[/system/lib, /hw_product/lib]]], dalvik.system.PathClassLoader[DexPathList[[zip file "/system/framework/com.huawei.audioalgo.jar"],nativeLibraryDirectories=[/hw_product/app/HwCamera2/lib/arm, /hw_product/app/HwCamera2/base-master.apk!/lib/armeabi-v7a, /system/lib, /hw_product/lib, /system/lib, /hw_product/lib]]], dalvik.system.PathClassLoader[DexPathList[[zip file "/system/framework/hwpostcamera.jar"],nativeLibraryDirectories=[/hw_product/app/HwCamera2/lib/arm, /hw_product/app/HwCamera2/base-master.apk!/lib/armeabi-v7a, /system/lib, /hw_product/lib, /system/lib, /hw_product/lib]]], dalvik.system.PathClassLoader[DexPathList[[zip file "/system/framework/org.apache.http.legacy.jar"],nativeLibraryDirectories=[/hw_product/app/HwCamera2/lib/arm, /hw_product/app/HwCamera2/base-master.apk!/lib/armeabi-v7a, /system/lib, /hw_product/lib, /system/lib, /hw_product/lib]]]]
01-25 17:44:26.375 12005 12023 E afehal  : Get response code:A5,10,18,00
01-25 17:44:26.375 12005 12023 E afehal  : HW reset completed
01-25 17:44:26.375 12005 12023 E afehal  : Send cmd:02 
01-25 17:44:26.378 12005 12023 E afehal  : Get response code:A5,01,18,00
01-25 17:44:26.378 12005 12023 E afehal  : Send cmd:C7 2D 
01-25 17:44:26.381 12005 12023 E afehal  : Get response code:A5,01,1E,00
01-25 17:44:26.381 12005 12023 E afehal  : Send cmd:1F 
01-25 17:44:26.382  1514  1514 I DE J DES: [effect] BroadcastReceiver.onReceive() action:android.intent.action.SCREEN_ON
01-25 17:44:26.383  2581  3026 I BoosterTelephonyCollector: handleDsdsStateChanged:dsds state= 0
01-25 17:44:26.383  2581  3026 I OllieMsgCenter: publishEvt=2130903180
01-25 17:44:26.389  1514  1672 I WindowManager: mAodShowing=false isWindowManagerDrawComplete=false
01-25 17:44:26.390  1514  1672 I WindowManager: UL_Power All windows ready for display!
01-25 17:44:26.383  2581  3026 I OllieMsgCenter: publishEvt=2130903180
01-25 17:44:26.390  1514  1668 D HWExtDeviceManager: motion DeviceEventQueue mDeviceHandler: Handler (com.huawei.hwextdevice.HWExtDeviceManager$DeviceEventQueue$HWExtDeviceHandler) {25aa1a3}
01-25 17:44:26.390  1514  1668 D         : ALOGD: HWExtDeviceManager::enableDevice 1 type : 700... 
01-25 17:44:26.390  1514  1668 D         : HWExtDeviceService HWExtDeviceRecord 
01-25 17:44:26.391  1514  1668 D         : ALOGD: HWExtDeviceService::enableDevice subdevice is not null 
01-25 17:44:26.391  1514  1668 I         : HWExtMotionService::enableMotion motionType:700 , action:-1, delay:0
01-25 17:44:26.391 10240 10240 I TotemWeather: WeatherDataObserver: receive:**.intent.action.TIME_TICK
01-25 17:44:26.391   783   812 I motion@1.0-service: start registered pid = 1514 motion = 7
01-25 17:44:26.391   783   812 I motion@1.0-service: Motion startMotionReco err = 0
01-25 17:44:26.391   783   812 I motion@1.0-service: g_pollCaredMotionFlag before = 6146
01-25 17:44:26.391   783   812 I motion@1.0-service: start pid == g_pollPid g_pollPid = 1514
01-25 17:44:26.391   783   812 I motion@1.0-service: g_pollCaredMotionFlag after = [6274]
01-25 17:44:26.391 10240 10240 I TotemWeather: WeatherDataObserver: sendEmptyMessageDelayed: MSG_UPDATE_TIME:104
01-25 17:44:26.391  1514  1668 D         : ALOGD: HWExtDeviceService::enableDevice add record: 2 
01-25 17:44:26.391  1514  1668 I HWEMRP  : registerDeviceListener mHwExtDeviceEventListener
01-25 17:44:26.391  1514  1668 I WindowManager: UL_Power Finished screen turning on...
01-25 17:44:26.391  1514  1703 I DisplayPowerController: mPowerState.mScreenChangedReason: 65638 mPendingRequestLocked.mScreenChangeReason 65638
01-25 17:44:26.395  1082  1894 D IppAlgo : [HWA_CAM3]ipp=StatIpp KEY_CA_CAM3 PREV enter createPlugin this=0x74fa1cf2c8
01-25 17:44:26.396  1082  1894 D IppAlgo : [HWA_CAM3]ipp=PreviewVideoIpp KEY_CA_CAM3 PREV enter createPlugin this=0x74fa1d2438
01-25 17:44:26.397  1082  1894 D IppAlgo : [HWA_CAM3]ipp=RecordVideoIpp KEY_CA_CAM3 PREV enter createPlugin this=0x74fa1d2818
01-25 17:44:26.397  1061  5493 I faceidalgo: getResult end result:0, param(0,0,979550464,118)
01-25 17:44:26.397  1061  5493 I hal_facerecognize_device: Auth GetResult result 0 0 0x****0000.
01-25 17:44:26.397  1061  5493 I hal_facerecognize_device: Auth unknown result code,code 0x0.
01-25 17:44:26.397  1061  5493 I hal_facerecognize_device: PerformanceTime:authentication begin.
01-25 17:44:26.397  1061  5493 I hal_facerecognize_device: Enter GetResult.
01-25 17:44:26.397  1061  5493 I hal_facerecognize_device: Enter getEntry.
01-25 17:44:26.397  1061  5493 I faceidalgo: getResult start
01-25 17:44:26.398  1514  1703 I HwPhoneWindowManager: UL_PowerscreenTurnedOn
01-25 17:44:26.398  1514  1703 W Settings: Setting device_provisioned has moved from android.provider.Settings.Secure to android.provider.Settings.Global.
01-25 17:44:26.398  1514  1703 I PickUpWakeScreenManager: isScreenOff:false, mIsPickupSwitchOn:true
01-25 17:44:26.398  1514  1703 I HwPhoneWindowManager: touch disable mode : true
01-25 17:44:26.398 28034  4296 I HwPartIawareFactory: add android.common.HwPartIawareFactoryImpl to memory.
01-25 17:44:26.398 28034  4296 I AwareBitmapCacher: init processName:com.huawei.camera:controllerService pid=28034 uid=10126
01-25 17:44:26.398  2581  2581 D HicomNfManager: onReceive action get:android.intent.action.SCREEN_ON
01-25 17:44:26.398  2581  2581 I HicomNfManager: receive screen on action
01-25 17:44:26.398  1514  1703 I HwPhoneWindowManager: callState : 0
01-25 17:44:26.398  1514  1703 I HwSideStatusManager: unregisterAudioPlaybackListener
01-25 17:44:26.398  1514  2307 I SensorService: createSensorEventConnection begin
01-25 17:44:26.398  1514  2307 I SensorService: SensorEventConnection begin
01-25 17:44:26.399  1514  2307 I SensorService: SensorEventConnection end
01-25 17:44:26.399  1514  2307 I SensorService: createSensorEventConnection end
01-25 17:44:26.399  1514  2307 D SensorManager: 0x73b5a84250 addFd fd=654
01-25 17:44:26.399  1514  2307 I SensorService: enable begin
01-25 17:44:26.400  1082  1894 D IppAlgo : [HWA_CAM3]ipp=AipIpp KEY_CA_CAM3 PREV enter createPlugin this=0x74fa1cf6a8
01-25 17:44:26.400  1514  1703 I DisplayPowerController: mPowerState.mScreenChangedReason: 65638 mPendingRequestLocked.mScreenChangeReason 65638
01-25 17:44:26.400  1082  1894 D IppAlgo : [HWA_CAM3]ipp=WaterMarkFilterIpp KEY_CA_CAM3 PREV enter createPlugin this=0x74fa1cfa88
01-25 17:44:26.400  1514  1703 I DisplayPowerController: Animating brightness: target=70, rate=0,brightnessTargetReal=70,AutoBrightness=true
01-25 17:44:26.400  1514  1703 W HwNormalizedRampAnimator: animateTo: target changing from zero to non-zero with dimming, reset rate to 0!
01-25 17:44:26.400  1514  1703 I HwNormalizedRampAnimator: hbm_dimming target=2745 rate=0 duration=0.0
01-25 17:44:26.403   773   773 E hisi_effect: getSupported:278: Unsupported display effect feature!!
01-25 17:44:26.404  2351  2351 E ndroid.systemu: No package ID ff found for ID 0xffffffff.
01-25 17:44:26.404  2351  2351 E ndroid.systemu: No package ID ff found for ID 0xffffffff.
01-25 17:44:26.405  2351  2351 D ScreenBrightenView: normalizedTime: 0.1
01-25 17:44:26.405  2351  2351 I AnimationRender: setNormalizedTime:0.1,	 mNormalizedY:0.23851186
01-25 17:44:26.405  2351  2351 D TimeKeeper: getTimeTickInfo:[mMillisUntilFinished:0, mHour:0, mMinute:0, mSecond:0]
01-25 17:44:26.405  2351  2351 D TimeKeeper: getTimeTickInfo:[mMillisUntilFinished:0, mHour:0, mMinute:0, mSecond:0]
01-25 17:44:26.405  2351  4269 W AnimationRender: onDrawFrame mBlurRadius:11
01-25 17:44:26.405  2351  4269 W AnimationRender: mSrcTexture[0]1
01-25 17:44:26.405  2351  4269 D AnimationRender: onDrawFrame mAnimateScale:0.8869385
01-25 17:44:26.405  2351  4269 D AnimationRender: do blur
01-25 17:44:26.406  2351  2351 D TimeKeeper: getTimeTickInfo:[mMillisUntilFinished:0, mHour:0, mMinute:0, mSecond:0]
01-25 17:44:26.407  2351  4269 W AnimationRender: drawPostProcessAndRenderToScreen0.8869385
01-25 17:44:26.408  2351  2579 D FingerprintManagerEx: suspendAuthentication: 0
01-25 17:44:26.408  1514  6533 D HwFingerprintService: CODE_SUSPEND_AUTHENTICATE
01-25 17:44:26.408  1514  6533 I HwFingerprintService: SuspendAuthentication uid:10052
01-25 17:44:26.408  1514  6533 I HwFingerprintService: pacel packaged suspendAuthentication: 0
01-25 17:44:26.408  1116  1116 I vendor.huawei.hardware.biometrics.fingerprint@2.2-service: BiometricsFingerprint::sendCmdToHal 54 
01-25 17:44:26.408  1116  1116 I UdFingerprintDevice: UdFingerprintDevice::sendCmdToHal 54 
01-25 17:44:26.408  1116  1116 I ud_fpc_fingerprint_hal: fwk_call sendCmdToHal: 54, fp_resume_authentication
01-25 17:44:26.465  4381  4381 W secivpwork: type=1400 audit(0.0:1725576): avc: granted { setsched } for pid=4381 scontext=u:r:kernel:s0 tcontext=u:r:kernel:s0 tclass=process
01-25 17:44:26.408  1116  1116 I ud_fpc_fingerprint_hal: fp_resume_authentication: suspend flag is :0
01-25 17:44:26.408  1116  1116 I UdFingerprintDevice: UdFingerprintDevice::sendCmdToHal ret 0 
01-25 17:44:26.409  2637  3717 I CpuGovernor: enable uniperf cpu abormal high load ctrl mode: false, isHighLoadCtrl:false, res: -1
01-25 17:44:26.411 12005 12023 E afehal  : Get response code:A5,10,18,00
01-25 17:44:26.411 12005 12023 E afehal  : Bootloader packrat#=2996213
01-25 17:44:26.411 12005 12023 E afehal  : Send cmd:10 
01-25 17:44:26.411  2637  3549 I APwBatteryMonitor: screen off end: 39s, awake: 39s wakeups: 0, traffic:6, battery: 0
01-25 17:44:26.411  2637  3549 I APwMonitor: run monitor start. init: true screen off: false
01-25 17:44:26.411  1114  1196 I CONTEXTHUB_BLE: [BleNetlinkCb]: cmd[4].length[4]
01-25 17:44:26.411  1114  1196 I CONTEXTHUB_BLE: Enter into WakeUp Message.
01-25 17:44:26.411  1114  1196 I CONTEXTHUB_BLE: [GetWakeUpMessage]: enter into WakeUp callback function.
01-25 17:44:26.412  1114 25355 I CONTEXTHUB_BLE: [getBleBroadCastMessage]: Pid[18211] link to death notification successful.
01-25 17:44:26.412  1114 25355 I CONTEXTHUB_BLE: [send_get_cmd]: send GET_MESSAGE cmd
01-25 17:44:26.412  1114 25355 W FusionD : (CommNetlinkRegisterCb:333):cmd exist, update the cb, cmd[3].
01-25 17:44:26.412  1514  2307 I SensorService: device do not support ultrasonic
01-25 17:44:26.412  1514  2307 I SensorService: enable end
01-25 17:44:26.412  1514  2307 I HwScreenOnProximityLock: dimambient threshold:-1
